qemu-system-x86_64: warning: host doesn't support requested feature: CPUID.80000001H:ECX.svm [bit 2]
qemu-system-x86_64: warning: host doesn't support requested feature: CPUID.80000001H:ECX.svm [bit 2]
c[?7l[2J[0mSeaBIOS (version 1.13.0-1ubuntu1.1)


iPXE (http://ipxe.org) 00:03.0 CA00 PCI2.10 PnP PMM+7FF8C8A0+7FECC8A0 CA00
Press Ctrl-B to configure iPXE (PCI 00:03.0)...                                                                               


Booting from ROM...
c[?7l[2JWrong EFI loader signature.
early console in extract_kernel
input_data: 0x00000000045f73b1
input_len: 0x00000000013fafde
output: 0x0000000001000000
output_len: 0x00000000045dfe24
kernel_total_size: 0x0000000004a2c000
needed_size: 0x0000000004c00000
trampoline_32bit: 0x000000000009d000
booted via startup_32()
Physical KASLR using RDTSC...
Virtual KASLR using RDTSC...

Decompressing Linux... Parsing ELF... Performing relocations... done.
Booting the kernel.
[    0.000000] Linux version 5.4.192 (root@fuzz-virtual-machine) (gcc version 9.4.0 (Ubuntu 9.4.0-1ubuntu1~20.04.1)) #1 SMP Thu Aug 25 18:57:01 CST 2022 ()
[    0.000000] Command line: console=ttyS0 root=/dev/sda earlyprintk=serial net.ifnames=0
[    0.000000] x86/fpu: x87 FPU will use FXSAVE
[    0.000000] BIOS-provided physical RAM map:
[    0.000000] BIOS-e820: [mem 0x0000000000000000-0x000000000009fbff] usable
[    0.000000] BIOS-e820: [mem 0x000000000009fc00-0x000000000009ffff] reserved
[    0.000000] BIOS-e820: [mem 0x00000000000f0000-0x00000000000fffff] reserved
[    0.000000] BIOS-e820: [mem 0x0000000000100000-0x000000007ffdffff] usable
[    0.000000] BIOS-e820: [mem 0x000000007ffe0000-0x000000007fffffff] reserved
[    0.000000] BIOS-e820: [mem 0x00000000feffc000-0x00000000feffffff] reserved
[    0.000000] BIOS-e820: [mem 0x00000000fffc0000-0x00000000ffffffff] reserved
[    0.000000] printk: bootconsole [earlyser0] enabled
[    0.000000] NX (Execute Disable) protection: active
[    0.000000] SMBIOS 2.8 present.
[    0.000000] DMI: QEMU Standard PC (i440FX + PIIX, 1996), BIOS 1.13.0-1ubuntu1.1 04/01/2014
[    0.000000] Hypervisor detected: KVM
[    0.000000] kvm-clock: Using msrs 4b564d01 and 4b564d00
[    0.000003] kvm-clock: cpu 0, msr 50858001, primary cpu clock
[    0.000003] kvm-clock: using sched offset of 1166225841 cycles
[    0.002591] clocksource: kvm-clock: mask: 0xffffffffffffffff max_cycles: 0x1cd42e4dffb, max_idle_ns: 881590591483 ns
[    0.009669] tsc: Detected 2194.842 MHz processor
[    0.017320] last_pfn = 0x7ffe0 max_arch_pfn = 0x400000000
[    0.020091] x86/PAT: PAT not supported by CPU.
[    0.022098] x86/PAT: Configuration [0-7]: WB  WT  UC- UC  WB  WT  UC- UC  
[    0.038267] found SMP MP-table at [mem 0x000f5c80-0x000f5c8f]
[    0.041582] check: Scanning 1 areas for low memory corruption
[    0.045329] ACPI: Early table checksum verification disabled
[    0.048086] ACPI: RSDP 0x00000000000F5A70 000014 (v00 BOCHS )
[    0.050612] ACPI: RSDT 0x000000007FFE15C9 000030 (v01 BOCHS  BXPCRSDT 00000001 BXPC 00000001)
[    0.054390] ACPI: FACP 0x000000007FFE149D 000074 (v01 BOCHS  BXPCFACP 00000001 BXPC 00000001)
[    0.058126] ACPI: DSDT 0x000000007FFE0040 00145D (v01 BOCHS  BXPCDSDT 00000001 BXPC 00000001)
[    0.061771] ACPI: FACS 0x000000007FFE0000 000040
[    0.063773] ACPI: APIC 0x000000007FFE1511 000080 (v01 BOCHS  BXPCAPIC 00000001 BXPC 00000001)
[    0.067385] ACPI: HPET 0x000000007FFE1591 000038 (v01 BOCHS  BXPCHPET 00000001 BXPC 00000001)
[    0.071046] ACPI: Reserving FACP table memory at [mem 0x7ffe149d-0x7ffe1510]
[    0.074029] ACPI: Reserving DSDT table memory at [mem 0x7ffe0040-0x7ffe149c]
[    0.077022] ACPI: Reserving FACS table memory at [mem 0x7ffe0000-0x7ffe003f]
[    0.080029] ACPI: Reserving APIC table memory at [mem 0x7ffe1511-0x7ffe1590]
[    0.083018] ACPI: Reserving HPET table memory at [mem 0x7ffe1591-0x7ffe15c8]
[    0.088148] No NUMA configuration found
[    0.089809] Faking a node at [mem 0x0000000000000000-0x000000007ffdffff]
[    0.092776] NODE_DATA(0) allocated [mem 0x7ffdc000-0x7ffdffff]
[    0.096311] Zone ranges:
[    0.097432]   DMA      [mem 0x0000000000001000-0x0000000000ffffff]
[    0.100075]   DMA32    [mem 0x0000000001000000-0x000000007ffdffff]
[    0.102712]   Normal   empty
[    0.103944] Movable zone start for each node
[    0.105731] Early memory node ranges
[    0.107247]   node   0: [mem 0x0000000000001000-0x000000000009efff]
[    0.109930]   node   0: [mem 0x0000000000100000-0x000000007ffdffff]
[    0.114086] Zeroed struct page in unavailable ranges: 130 pages
[    0.114092] Initmem setup node 0 [mem 0x0000000000001000-0x000000007ffdffff]
[    1.051881] kasan: KernelAddressSanitizer initialized
[    1.056696] ACPI: PM-Timer IO Port: 0x608
[    1.059121] ACPI: LAPIC_NMI (acpi_id[0xff] dfl dfl lint[0x1])
[    1.062804] IOAPIC[0]: apic_id 0, version 17, address 0xfec00000, GSI 0-23
[    1.066657] ACPI: INT_SRC_OVR (bus 0 bus_irq 0 global_irq 2 dfl dfl)
[    1.070183] ACPI: INT_SRC_OVR (bus 0 bus_irq 5 global_irq 5 high level)
[    1.073888] ACPI: INT_SRC_OVR (bus 0 bus_irq 9 global_irq 9 high level)
[    1.077627] ACPI: INT_SRC_OVR (bus 0 bus_irq 10 global_irq 10 high level)
[    1.081441] ACPI: INT_SRC_OVR (bus 0 bus_irq 11 global_irq 11 high level)
[    1.085250] Using ACPI (MADT) for SMP configuration information
[    1.088543] ACPI: HPET id: 0x8086a201 base: 0xfed00000
[    1.091519] smpboot: Allowing 2 CPUs, 0 hotplug CPUs
[    1.094633] PM: Registered nosave memory: [mem 0x00000000-0x00000fff]
[    1.098229] PM: Registered nosave memory: [mem 0x0009f000-0x0009ffff]
[    1.101825] PM: Registered nosave memory: [mem 0x000a0000-0x000effff]
[    1.105421] PM: Registered nosave memory: [mem 0x000f0000-0x000fffff]
[    1.109017] [mem 0x80000000-0xfeffbfff] available for PCI devices
[    1.112410] Booting paravirtualized kernel on KVM
[    1.115184] clocksource: refined-jiffies: mask: 0xffffffff max_cycles: 0xffffffff, max_idle_ns: 1910969940391419 ns
[    2.000222] setup_percpu: NR_CPUS:64 nr_cpumask_bits:64 nr_cpu_ids:2 nr_node_ids:1
[    2.025035] percpu: Embedded 69 pages/cpu s245400 r8192 d29032 u1048576
[    2.028674] setup async PF for cpu 0
[    2.030271] kvm-stealtime: cpu 0, msr 6d2291c0
[    2.032533] Built 1 zonelists, mobility grouping on.  Total pages: 515945
[    2.035684] Policy zone: DMA32
[    2.037213] Kernel command line: console=ttyS0 root=/dev/sda earlyprintk=serial net.ifnames=0
[    2.046738] Dentry cache hash table entries: 262144 (order: 9, 2097152 bytes, linear)
[    2.053952] Inode-cache hash table entries: 131072 (order: 8, 1048576 bytes, linear)
[    2.058135] mem auto-init: stack:off, heap alloc:off, heap free:off
[    2.122881] Memory: 1710388K/2096632K available (40965K kernel code, 5662K rwdata, 6380K rodata, 2040K init, 10028K bss, 386244K reserved, 0K cma-reserved)
[    2.131619] SLUB: HWalign=64, Order=0-3, MinObjects=0, CPUs=2, Nodes=1
[    2.134976] Kernel/User page tables isolation: enabled
[    2.143850] rcu: Hierarchical RCU implementation.
[    2.146504] rcu: 	RCU event tracing is enabled.
[    2.148805] rcu: 	RCU restricting CPUs from NR_CPUS=64 to nr_cpu_ids=2.
[    2.151943] rcu: RCU calculated value of scheduler-enlistment delay is 100 jiffies.
[    2.155465] rcu: Adjusting geometry for rcu_fanout_leaf=16, nr_cpu_ids=2
[    2.162197] NR_IRQS: 4352, nr_irqs: 440, preallocated irqs: 16
[    2.170430] random: get_random_bytes called from start_kernel+0x3dd/0x7aa with crng_init=0
[    2.206285] Console: colour VGA+ 80x25
[    2.212021] printk: console [ttyS0] enabled
[    2.212021] printk: console [ttyS0] enabled
[    2.215712] printk: bootconsole [earlyser0] disabled
[    2.215712] printk: bootconsole [earlyser0] disabled
[    2.220225] ACPI: Core revision 20190816
[    2.226817] clocksource: hpet: mask: 0xffffffff max_cycles: 0xffffffff, max_idle_ns: 19112604467 ns
[    2.232227] APIC: Switch to symmetric I/O mode setup
[    2.243920] ..TIMER: vector=0x30 apic1=0 pin1=2 apic2=-1 pin2=-1
[    2.246744] clocksource: tsc-early: mask: 0xffffffffffffffff max_cycles: 0x1fa32a29722, max_idle_ns: 440795224307 ns
[    2.251542] Calibrating delay loop (skipped) preset value.. 4389.68 BogoMIPS (lpj=2194842)
[    2.252412] pid_max: default: 32768 minimum: 301
[    2.254452] LSM: Security Framework initializing
[    2.255611] SELinux:  Initializing.
[    2.257709] Mount-cache hash table entries: 4096 (order: 3, 32768 bytes, linear)
[    2.258502] Mountpoint-cache hash table entries: 4096 (order: 3, 32768 bytes, linear)
Poking KASLR using RDTSC...
[    2.269515] Last level iTLB entries: 4KB 0, 2MB 0, 4MB 0
[    2.270400] Last level dTLB entries: 4KB 0, 2MB 0, 4MB 0, 1GB 0
[    2.271476] Spectre V1 : Mitigation: usercopy/swapgs barriers and __user pointer sanitization
[    2.272402] Spectre V2 : Mitigation: Retpolines
[    2.273398] Spectre V2 : Spectre v2 / SpectreRSB mitigation: Filling RSB on context switch
[    2.274428] Speculative Store Bypass: Vulnerable
[    2.276414] MDS: Vulnerable: Clear CPU buffers attempted, no microcode
[    2.285569] Freeing SMP alternatives memory: 40K
[    2.392393] smpboot: CPU0: Intel QEMU Virtual CPU version 2.5+ (family: 0x6, model: 0x6, stepping: 0x3)
[    2.394205] Performance Events: PMU not available due to virtualization, using software events only.
[    2.395846] rcu: Hierarchical SRCU implementation.
[    2.397573] smp: Bringing up secondary CPUs ...
[    2.399838] x86: Booting SMP configuration:
[    2.400402] .... node  #0, CPUs:      #1
[    0.082007] kvm-clock: cpu 1, msr 50858041, secondary cpu clock
[    0.082007] smpboot: CPU 1 Converting physical 0 to logical die 1
[    2.414561] setup async PF for cpu 1
[    2.415393] kvm-stealtime: cpu 1, msr 6d3291c0
[    2.420601] smp: Brought up 1 node, 2 CPUs
[    2.421404] smpboot: Max logical packages: 2
[    2.422401] smpboot: Total of 2 processors activated (8779.36 BogoMIPS)
[    2.428857] devtmpfs: initialized
[    2.440668] clocksource: jiffies: mask: 0xffffffff max_cycles: 0xffffffff, max_idle_ns: 1911260446275000 ns
[    2.441409] futex hash table entries: 512 (order: 3, 32768 bytes, linear)
[    2.444271] PM: RTC time: 11:48:28, date: 2022-08-25
[    2.446676] NET: Registered protocol family 16
[    2.449326] audit: initializing netlink subsys (disabled)
[    2.450645] audit: type=2000 audit(1661428109.405:1): state=initialized audit_enabled=0 res=1
[    2.455480] cpuidle: using governor menu
[    2.458054] ACPI: bus type PCI registered
[    2.459969] PCI: Using configuration type 1 for base access
[    2.499869] HugeTLB registered 2.00 MiB page size, pre-allocated 0 pages
[    2.503576] cryptomgr_test (26) used greatest stack depth: 30912 bytes left
[    2.505609] cryptomgr_test (30) used greatest stack depth: 30792 bytes left
[    2.510544] ACPI: Added _OSI(Module Device)
[    2.511402] ACPI: Added _OSI(Processor Device)
[    2.512399] ACPI: Added _OSI(3.0 _SCP Extensions)
[    2.513402] ACPI: Added _OSI(Processor Aggregator Device)
[    2.514418] ACPI: Added _OSI(Linux-Dell-Video)
[    2.515414] ACPI: Added _OSI(Linux-Lenovo-NV-HDMI-Audio)
[    2.516416] ACPI: Added _OSI(Linux-HPI-Hybrid-Graphics)
[    2.551282] ACPI: 1 ACPI AML tables successfully acquired and loaded
[    2.562774] ACPI: Interpreter enabled
[    2.563774] ACPI: (supports S0 S3 S4 S5)
[    2.564403] ACPI: Using IOAPIC for interrupt routing
[    2.565626] PCI: Using host bridge windows from ACPI; if necessary, use "pci=nocrs" and report a bug
[    2.569302] ACPI: Enabled 2 GPEs in block 00 to 0F
[    2.657875] ACPI: PCI Root Bridge [PCI0] (domain 0000 [bus 00-ff])
[    2.658588] acpi PNP0A03:00: _OSC: OS supports [ASPM ClockPM Segments MSI HPX-Type3]
[    2.660757] acpi PNP0A03:00: fail to add MMCONFIG information, can't access extended PCI configuration space under this bridge.
[    2.662873] PCI host bridge to bus 0000:00
[    2.663871] pci_bus 0000:00: root bus resource [io  0x0000-0x0cf7 window]
[    2.664420] pci_bus 0000:00: root bus resource [io  0x0d00-0xffff window]
[    2.665412] pci_bus 0000:00: root bus resource [mem 0x000a0000-0x000bffff window]
[    2.666411] pci_bus 0000:00: root bus resource [mem 0x80000000-0xfebfffff window]
[    2.667414] pci_bus 0000:00: root bus resource [mem 0x100000000-0x17fffffff window]
[    2.668439] pci_bus 0000:00: root bus resource [bus 00-ff]
[    2.669996] pci 0000:00:00.0: [8086:1237] type 00 class 0x060000
[    2.676316] pci 0000:00:01.0: [8086:7000] type 00 class 0x060100
[    2.682197] pci 0000:00:01.1: [8086:7010] type 00 class 0x010180
[    2.686978] pci 0000:00:01.1: reg 0x20: [io  0xc040-0xc04f]
[    2.689405] pci 0000:00:01.1: legacy IDE quirk: reg 0x10: [io  0x01f0-0x01f7]
[    2.690403] pci 0000:00:01.1: legacy IDE quirk: reg 0x14: [io  0x03f6]
[    2.691402] pci 0000:00:01.1: legacy IDE quirk: reg 0x18: [io  0x0170-0x0177]
[    2.692401] pci 0000:00:01.1: legacy IDE quirk: reg 0x1c: [io  0x0376]
[    2.697019] pci 0000:00:01.3: [8086:7113] type 00 class 0x068000
[    2.699565] pci 0000:00:01.3: quirk: [io  0x0600-0x063f] claimed by PIIX4 ACPI
[    2.700436] pci 0000:00:01.3: quirk: [io  0x0700-0x070f] claimed by PIIX4 SMB
[    2.707710] pci 0000:00:02.0: [1234:1111] type 00 class 0x030000
[    2.713319] pci 0000:00:02.0: reg 0x10: [mem 0xfd000000-0xfdffffff pref]
[    2.726011] pci 0000:00:02.0: reg 0x18: [mem 0xfebb0000-0xfebb0fff]
[    2.744024] pci 0000:00:02.0: reg 0x30: [mem 0xfeba0000-0xfebaffff pref]
[    2.764767] pci 0000:00:03.0: [8086:100e] type 00 class 0x020000
[    2.767053] pci 0000:00:03.0: reg 0x10: [mem 0xfeb80000-0xfeb9ffff]
[    2.768879] pci 0000:00:03.0: reg 0x14: [io  0xc000-0xc03f]
[    2.775880] pci 0000:00:03.0: reg 0x30: [mem 0xfeb00000-0xfeb7ffff pref]
[    2.799305] ACPI: PCI Interrupt Link [LNKA] (IRQs 5 *10 11)
[    2.802628] ACPI: PCI Interrupt Link [LNKB] (IRQs 5 *10 11)
[    2.806513] ACPI: PCI Interrupt Link [LNKC] (IRQs 5 10 *11)
[    2.810269] ACPI: PCI Interrupt Link [LNKD] (IRQs 5 10 *11)
[    2.811911] ACPI: PCI Interrupt Link [LNKS] (IRQs *9)
[    2.823351] iommu: Default domain type: Translated 
[    2.828899] SCSI subsystem initialized
[    2.835714] pci 0000:00:02.0: vgaarb: setting as boot VGA device
[    2.836393] pci 0000:00:02.0: vgaarb: VGA device added: decodes=io+mem,owns=io+mem,locks=none
[    2.841405] pci 0000:00:02.0: vgaarb: bridge control possible
[    2.844399] vgaarb: loaded
[    2.847733] ACPI: bus type USB registered
[    2.850647] usbcore: registered new interface driver usbfs
[    2.853437] usbcore: registered new interface driver hub
[    2.855622] usbcore: registered new device driver usb
[    2.858987] pps_core: LinuxPPS API ver. 1 registered
[    2.861399] pps_core: Software ver. 5.3.6 - Copyright 2005-2007 Rodolfo Giometti <giometti@linux.it>
[    2.864566] PTP clock support registered
[    2.868399] EDAC MC: Ver: 3.0.0
[    2.873293] Advanced Linux Sound Architecture Driver Initialized.
[    2.876526] PCI: Using ACPI for IRQ routing
[    2.885260] NetLabel: Initializing
[    2.886437] NetLabel:  domain hash size = 128
[    2.888398] NetLabel:  protocols = UNLABELED CIPSOv4 CALIPSO
[    2.891812] NetLabel:  unlabeled traffic allowed by default
[    2.897348] hpet: 3 channels of 0 reserved for per-cpu timers
[    2.899602] hpet0: at MMIO 0xfed00000, IRQs 2, 8, 0
[    2.902401] hpet0: 3 comparators, 64-bit 100.000000 MHz counter
[    2.910997] clocksource: Switched to clocksource kvm-clock
[    3.758362] kwatchdog (52) used greatest stack depth: 30768 bytes left
[    3.758780] VFS: Disk quotas dquot_6.6.0
[    3.767488] VFS: Dquot-cache hash table entries: 512 (order 0, 4096 bytes)
[    3.774158] pnp: PnP ACPI init
[    3.787547] pnp: PnP ACPI: found 6 devices
[    3.869956] thermal_sys: Registered thermal governor 'step_wise'
[    3.869961] thermal_sys: Registered thermal governor 'user_space'
[    3.879644] clocksource: acpi_pm: mask: 0xffffff max_cycles: 0xffffff, max_idle_ns: 2085701024 ns
[    3.887986] pci_bus 0000:00: resource 4 [io  0x0000-0x0cf7 window]
[    3.890799] pci_bus 0000:00: resource 5 [io  0x0d00-0xffff window]
[    3.893571] pci_bus 0000:00: resource 6 [mem 0x000a0000-0x000bffff window]
[    3.896550] pci_bus 0000:00: resource 7 [mem 0x80000000-0xfebfffff window]
[    3.899686] pci_bus 0000:00: resource 8 [mem 0x100000000-0x17fffffff window]
[    3.904267] NET: Registered protocol family 2
[    3.908178] IP idents hash table entries: 32768 (order: 6, 262144 bytes, linear)
[    3.916295] tcp_listen_portaddr_hash hash table entries: 1024 (order: 2, 16384 bytes, linear)
[    3.921199] TCP established hash table entries: 16384 (order: 5, 131072 bytes, linear)
[    3.926537] TCP bind hash table entries: 16384 (order: 6, 262144 bytes, linear)
[    3.931805] TCP: Hash tables configured (established 16384 bind 16384)
[    3.935591] UDP hash table entries: 1024 (order: 3, 32768 bytes, linear)
[    3.938737] UDP-Lite hash table entries: 1024 (order: 3, 32768 bytes, linear)
[    3.943239] NET: Registered protocol family 1
[    3.950889] RPC: Registered named UNIX socket transport module.
[    3.953711] RPC: Registered udp transport module.
[    3.955952] RPC: Registered tcp transport module.
[    3.958288] RPC: Registered tcp NFSv4.1 backchannel transport module.
[    3.963765] pci 0000:00:01.0: PIIX3: Enabling Passive Release
[    3.966614] pci 0000:00:00.0: Limiting direct PCI/PCI transfers
[    3.969388] pci 0000:00:01.0: Activating ISA DMA hang workarounds
[    3.972578] pci 0000:00:02.0: Video device with shadowed ROM at [mem 0x000c0000-0x000dffff]
[    3.976579] PCI: CLS 0 bytes, default 64
[    3.981618] clocksource: tsc: mask: 0xffffffffffffffff max_cycles: 0x1fa32a29722, max_idle_ns: 440795224307 ns
[    3.990359] check: Scanning for low memory corruption every 60 seconds
[    3.999405] Initialise system trusted keyrings
[    4.002814] workingset: timestamp_bits=56 max_order=19 bucket_order=0
[    4.051696] NFS: Registering the id_resolver key type
[    4.054004] Key type id_resolver registered
[    4.055786] Key type id_legacy registered
[    4.058323] 9p: Installing v9fs 9p2000 file system support
[    4.072905] Key type asymmetric registered
[    4.074862] Asymmetric key parser 'x509' registered
[    4.077162] Block layer SCSI generic (bsg) driver version 0.4 loaded (major 251)
[    4.080389] io scheduler mq-deadline registered
[    4.082402] io scheduler kyber registered
[    4.088263] input: Power Button as /devices/LNXSYSTM:00/LNXPWRBN:00/input/input0
[    4.092553] ACPI: Power Button [PWRF]
[    4.098505] Serial: 8250/16550 driver, 4 ports, IRQ sharing enabled
[    4.129086] 00:05: ttyS0 at I/O 0x3f8 (irq = 4, base_baud = 115200) is a 16550A
[    4.136965] Non-volatile memory driver v1.3
[    4.139129] Linux agpgart interface v0.103
[    4.173366] loop: module loaded
[    4.186102] scsi host0: ata_piix
[    4.190747] scsi host1: ata_piix
[    4.193117] ata1: PATA max MWDMA2 cmd 0x1f0 ctl 0x3f6 bmdma 0xc040 irq 14
[    4.196093] ata2: PATA max MWDMA2 cmd 0x170 ctl 0x376 bmdma 0xc048 irq 15
[    4.207243] e100: Intel(R) PRO/100 Network Driver, 3.5.24-k2-NAPI
[    4.210034] e100: Copyright(c) 1999-2006 Intel Corporation
[    4.212547] e1000: Intel(R) PRO/1000 Network Driver - version 7.3.21-k8-NAPI
[    4.215607] e1000: Copyright (c) 1999-2006 Intel Corporation.
[    4.363968] ata2.00: ATAPI: QEMU DVD-ROM, 2.5+, max UDMA/100
[    4.367102] ata1.00: ATA-7: QEMU HARDDISK, 2.5+, max UDMA/100
[    4.369635] ata1.00: 4194304 sectors, multi 16: LBA48 
[    4.386763] scsi 0:0:0:0: Direct-Access     ATA      QEMU HARDDISK    2.5+ PQ: 0 ANSI: 5
[    4.393395] sd 0:0:0:0: [sda] 4194304 512-byte logical blocks: (2.15 GB/2.00 GiB)
[    4.396962] sd 0:0:0:0: Attached scsi generic sg0 type 0
[    4.399763] sd 0:0:0:0: [sda] Write Protect is off
[    4.403252] sd 0:0:0:0: [sda] Write cache: enabled, read cache: enabled, doesn't support DPO or FUA
[    4.407338] scsi 1:0:0:0: CD-ROM            QEMU     QEMU DVD-ROM     2.5+ PQ: 0 ANSI: 5
[    4.422311] sd 0:0:0:0: [sda] Attached SCSI disk
[    4.634820] sr 1:0:0:0: [sr0] scsi3-mmc drive: 4x/4x cd/rw xa/form2 tray
[    4.637933] cdrom: Uniform CD-ROM driver Revision: 3.20
[    4.646181] sr 1:0:0:0: Attached scsi generic sg1 type 5
[    6.536332] PCI Interrupt Link [LNKC] enabled at IRQ 11
[    7.101927] e1000 0000:00:03.0 eth0: (PCI:33MHz:32-bit) 52:54:00:12:34:56
[    7.104794] e1000 0000:00:03.0 eth0: Intel(R) PRO/1000 Network Connection
[    7.109021] e1000e: Intel(R) PRO/1000 Network Driver - 3.2.6-k
[    7.111483] e1000e: Copyright(c) 1999 - 2015 Intel Corporation.
[    7.114666] sky2: driver version 1.30
[    7.121163] ehci_hcd: USB 2.0 'Enhanced' Host Controller (EHCI) Driver
[    7.124228] ehci-pci: EHCI PCI platform driver
[    7.126755] ohci_hcd: USB 1.1 'Open' Host Controller (OHCI) Driver
[    7.129686] ohci-pci: OHCI PCI platform driver
[    7.131959] uhci_hcd: USB Universal Host Controller Interface driver
[    7.136988] usbcore: registered new interface driver usblp
[    7.139633] usbcore: registered new interface driver usb-storage
[    7.143505] i8042: PNP: PS/2 Controller [PNP0303:KBD,PNP0f13:MOU] at 0x60,0x64 irq 1,12
[    7.152023] serio: i8042 KBD port at 0x60,0x64 irq 1
[    7.154589] serio: i8042 AUX port at 0x60,0x64 irq 12
[    7.162775] rtc_cmos 00:00: RTC can wake from S4
[    7.166059] input: AT Translated Set 2 keyboard as /devices/platform/i8042/serio0/input/input1
[    7.171358] rtc_cmos 00:00: registered as rtc0
[    7.174325] rtc_cmos 00:00: alarms up to one day, y3k, 114 bytes nvram, hpet irqs
[    7.184049] device-mapper: ioctl: 4.41.0-ioctl (2019-09-16) initialised: dm-devel@redhat.com
[    7.187952] intel_pstate: CPU model not supported
[    7.190614] hidraw: raw HID events driver (C) Jiri Kosina
[    7.195766] usbcore: registered new interface driver usbhid
[    7.198173] usbhid: USB HID core driver
[    7.211349] Initializing XFRM netlink socket
[    7.217422] NET: Registered protocol family 10
[    7.227656] Segment Routing with IPv6
[    7.231637] sit: IPv6, IPv4 and MPLS over IPv4 tunneling driver
[    7.236781] NET: Registered protocol family 17
[    7.240101] 9pnet: Installing 9P2000 support
[    7.242814] Key type dns_resolver registered
[    7.249751] IPI shorthand broadcast: enabled
[    7.251936] sched_clock: Marking stable (7170602264, 81007818)->(7457700452, -206090370)
[    7.257930] registered taskstats version 1
[    7.259764] Loading compiled-in X.509 certificates
[    7.270097] PM:   Magic number: 2:844:833
[    7.273690] printk: console [netcon0] enabled
[    7.275648] netconsole: network logging started
[    7.279290] cfg80211: Loading compiled-in X.509 certificates for regulatory database
[    7.285687] kworker/u4:0 (72) used greatest stack depth: 28224 bytes left
[    7.292143] cfg80211: Loaded X.509 cert 'sforshee: 00b28ddf47aef9cea7'
[    7.295990] platform regulatory.0: Direct firmware load for regulatory.db failed with error -2
[    7.299829] cfg80211: failed to load regulatory.db
[    7.300676] ALSA device list:
[    7.303409]   No soundcards found.
[    7.801754] random: fast init done
[    7.805559] input: ImExPS/2 Generic Explorer Mouse as /devices/platform/i8042/serio1/input/input3
[    7.810733] md: Waiting for all devices to be available before autodetect
[    7.813850] md: If you don't use raid, use raid=noautodetect
[    7.820628] md: Autodetecting RAID arrays.
[    7.822573] md: autorun ...
[    7.823873] md: ... autorun DONE.
[    7.839852] EXT4-fs (sda): INFO: recovery required on readonly filesystem
[    7.842675] EXT4-fs (sda): write access will be enabled during recovery
[    8.172484] EXT4-fs (sda): recovery complete
[    8.177382] EXT4-fs (sda): mounted filesystem with ordered data mode. Opts: (null)
[    8.180840] VFS: Mounted root (ext4 filesystem) readonly on device 8:0.
[    8.185035] devtmpfs: mounted
[    8.195443] Freeing unused kernel image memory: 2040K
[    8.199528] Write protecting the kernel read-only data: 51200k
[    8.217378] Freeing unused kernel image memory: 2000K
[    8.224583] Freeing unused kernel image memory: 1812K
[    8.228970] Run /sbin/init as init process
[    9.428171] SELinux:  Permission getrlimit in class process not defined in policy.
[    9.433468] SELinux:  Class process2 not defined in policy.
[    9.436049] SELinux:  Permission watch in class filesystem not defined in policy.
[    9.439370] SELinux:  Permission map in class file not defined in policy.
[    9.442311] SELinux:  Permission watch in class file not defined in policy.
[    9.445471] SELinux:  Permission watch_mount in class file not defined in policy.
[    9.448719] SELinux:  Permission watch_sb in class file not defined in policy.
[    9.451812] SELinux:  Permission watch_with_perm in class file not defined in policy.
[    9.455379] SELinux:  Permission watch_reads in class file not defined in policy.
[    9.458782] SELinux:  Permission map in class dir not defined in policy.
[    9.461831] SELinux:  Permission watch in class dir not defined in policy.
[    9.464848] SELinux:  Permission watch_mount in class dir not defined in policy.
[    9.468109] SELinux:  Permission watch_sb in class dir not defined in policy.
[    9.471274] SELinux:  Permission watch_with_perm in class dir not defined in policy.
[    9.474649] SELinux:  Permission watch_reads in class dir not defined in policy.
[    9.477913] SELinux:  Permission map in class lnk_file not defined in policy.
[    9.481065] SELinux:  Permission watch in class lnk_file not defined in policy.
[    9.484262] SELinux:  Permission watch_mount in class lnk_file not defined in policy.
[    9.487786] SELinux:  Permission watch_sb in class lnk_file not defined in policy.
[    9.491077] SELinux:  Permission watch_with_perm in class lnk_file not defined in policy.
[    9.494688] SELinux:  Permission watch_reads in class lnk_file not defined in policy.
[    9.498072] SELinux:  Permission map in class chr_file not defined in policy.
[    9.501191] SELinux:  Permission watch in class chr_file not defined in policy.
[    9.504534] SELinux:  Permission watch_mount in class chr_file not defined in policy.
[    9.507966] SELinux:  Permission watch_sb in class chr_file not defined in policy.
[    9.511293] SELinux:  Permission watch_with_perm in class chr_file not defined in policy.
[    9.514882] SELinux:  Permission watch_reads in class chr_file not defined in policy.
[    9.518337] SELinux:  Permission map in class blk_file not defined in policy.
[    9.521480] SELinux:  Permission watch in class blk_file not defined in policy.
[    9.524672] SELinux:  Permission watch_mount in class blk_file not defined in policy.
[    9.528139] SELinux:  Permission watch_sb in class blk_file not defined in policy.
[    9.531488] SELinux:  Permission watch_with_perm in class blk_file not defined in policy.
[    9.535035] SELinux:  Permission watch_reads in class blk_file not defined in policy.
[    9.538462] SELinux:  Permission map in class sock_file not defined in policy.
[    9.541607] SELinux:  Permission watch in class sock_file not defined in policy.
[    9.544892] SELinux:  Permission watch_mount in class sock_file not defined in policy.
[    9.548410] SELinux:  Permission watch_sb in class sock_file not defined in policy.
[    9.551767] SELinux:  Permission watch_with_perm in class sock_file not defined in policy.
[    9.555446] SELinux:  Permission watch_reads in class sock_file not defined in policy.
[    9.558920] SELinux:  Permission map in class fifo_file not defined in policy.
[    9.562098] SELinux:  Permission watch in class fifo_file not defined in policy.
[    9.565329] SELinux:  Permission watch_mount in class fifo_file not defined in policy.
[    9.568885] SELinux:  Permission watch_sb in class fifo_file not defined in policy.
[    9.572342] SELinux:  Permission watch_with_perm in class fifo_file not defined in policy.
[    9.576063] SELinux:  Permission watch_reads in class fifo_file not defined in policy.
[    9.579569] SELinux:  Permission map in class socket not defined in policy.
[    9.582686] SELinux:  Permission map in class tcp_socket not defined in policy.
[    9.585885] SELinux:  Permission map in class udp_socket not defined in policy.
[    9.589162] SELinux:  Permission map in class rawip_socket not defined in policy.
[    9.592492] SELinux:  Permission map in class netlink_socket not defined in policy.
[    9.595873] SELinux:  Permission map in class packet_socket not defined in policy.
[    9.599200] SELinux:  Permission map in class key_socket not defined in policy.
[    9.602485] SELinux:  Permission map in class unix_stream_socket not defined in policy.
[    9.606064] SELinux:  Permission map in class unix_dgram_socket not defined in policy.
[    9.609591] SELinux:  Permission map in class netlink_route_socket not defined in policy.
[    9.613189] SELinux:  Permission map in class netlink_tcpdiag_socket not defined in policy.
[    9.616891] SELinux:  Permission map in class netlink_nflog_socket not defined in policy.
[    9.620489] SELinux:  Permission map in class netlink_xfrm_socket not defined in policy.
[    9.624093] SELinux:  Permission map in class netlink_selinux_socket not defined in policy.
[    9.627722] SELinux:  Permission map in class netlink_iscsi_socket not defined in policy.
[    9.631362] SELinux:  Permission map in class netlink_audit_socket not defined in policy.
[    9.634941] SELinux:  Permission map in class netlink_fib_lookup_socket not defined in policy.
[    9.638748] SELinux:  Permission map in class netlink_connector_socket not defined in policy.
[    9.642468] SELinux:  Permission map in class netlink_netfilter_socket not defined in policy.
[    9.646168] SELinux:  Permission map in class netlink_dnrt_socket not defined in policy.
[    9.649756] SELinux:  Permission map in class netlink_kobject_uevent_socket not defined in policy.
[    9.653678] SELinux:  Permission map in class netlink_generic_socket not defined in policy.
[    9.657473] SELinux:  Permission map in class netlink_scsitransport_socket not defined in policy.
[    9.661470] SELinux:  Permission map in class netlink_rdma_socket not defined in policy.
[    9.665034] SELinux:  Permission map in class netlink_crypto_socket not defined in policy.
[    9.668670] SELinux:  Permission map in class appletalk_socket not defined in policy.
[    9.672111] SELinux:  Permission map in class dccp_socket not defined in policy.
[    9.675412] SELinux:  Permission map in class tun_socket not defined in policy.
[    9.678623] SELinux:  Class sctp_socket not defined in policy.
[    9.681211] SELinux:  Class icmp_socket not defined in policy.
[    9.683802] SELinux:  Class ax25_socket not defined in policy.
[    9.686401] SELinux:  Class ipx_socket not defined in policy.
[    9.688921] SELinux:  Class netrom_socket not defined in policy.
[    9.691619] SELinux:  Class atmpvc_socket not defined in policy.
[    9.694247] SELinux:  Class x25_socket not defined in policy.
[    9.696807] SELinux:  Class rose_socket not defined in policy.
[    9.699476] SELinux:  Class decnet_socket not defined in policy.
[    9.702147] SELinux:  Class atmsvc_socket not defined in policy.
[    9.704785] SELinux:  Class rds_socket not defined in policy.
[    9.707346] SELinux:  Class irda_socket not defined in policy.
[    9.709941] SELinux:  Class pppox_socket not defined in policy.
[    9.712610] SELinux:  Class llc_socket not defined in policy.
[    9.715195] SELinux:  Class can_socket not defined in policy.
[    9.717719] SELinux:  Class tipc_socket not defined in policy.
[    9.721013] SELinux:  Class bluetooth_socket not defined in policy.
[    9.724511] SELinux:  Class iucv_socket not defined in policy.
[    9.728094] SELinux:  Class rxrpc_socket not defined in policy.
[    9.731610] SELinux:  Class isdn_socket not defined in policy.
[    9.735123] SELinux:  Class phonet_socket not defined in policy.
[    9.738732] SELinux:  Class ieee802154_socket not defined in policy.
[    9.742483] SELinux:  Class caif_socket not defined in policy.
[    9.745926] SELinux:  Class alg_socket not defined in policy.
[    9.749311] SELinux:  Class nfc_socket not defined in policy.
[    9.752678] SELinux:  Class vsock_socket not defined in policy.
[    9.756231] SELinux:  Class kcm_socket not defined in policy.
[    9.759643] SELinux:  Class qipcrtr_socket not defined in policy.
[    9.763369] SELinux:  Class smc_socket not defined in policy.
[    9.766818] SELinux:  Class infiniband_pkey not defined in policy.
[    9.770478] SELinux:  Class infiniband_endport not defined in policy.
[    9.774195] SELinux:  Class bpf not defined in policy.
[    9.777239] SELinux:  Class xdp_socket not defined in policy.
[    9.780629] SELinux: the above unknown classes and permissions will be allowed
[    9.784967] SELinux:  policy capability network_peer_controls=1
[    9.788419] SELinux:  policy capability open_perms=1
[    9.791392] SELinux:  policy capability extended_socket_class=0
[    9.794782] SELinux:  policy capability always_check_network=0
[    9.798197] SELinux:  policy capability cgroup_seclabel=0
[    9.801352] SELinux:  policy capability nnp_nosuid_transition=0
[    9.914975] audit: type=1403 audit(1661428116.868:2): auid=4294967295 ses=4294967295 lsm=selinux res=1
[    9.928007] systemd[1]: Successfully loaded SELinux policy in 1.544932s.
[    9.978380] audit: type=1400 audit(1661428116.932:3): avc:  denied  { associate } for  pid=1 comm="systemd" name="pts" scontext=system_u:object_r:devpts_t:s0 tcontext=system_u:object_r:device_t:s0 tclass=filesystem permissive=1
[   10.006581] systemd[1]: Relabelled /dev and /run in 20.440ms.
[   10.026190] random: systemd: uninitialized urandom read (16 bytes read)
[   10.049254] systemd[1]: systemd 232 running in system mode. (+PAM +AUDIT +SELINUX +IMA +APPARMOR +SMACK +SYSVINIT +UTMP +LIBCRYPTSETUP +GCRYPT +GNUTLS +ACL +XZ +LZ4 +SECCOMP +BLKID +ELFUTILS +KMOD +IDN)
[   10.057166] systemd[1]: Detected virtualization qemu.
[   10.059367] systemd[1]: Detected architecture x86-64.

Welcome to [1mDebian GNU/Linux 9 (stretch)[0m!

[   10.070074] systemd[1]: Set hostname to <syzkaller>.
[   10.134210] random: systemd: uninitialized urandom read (16 bytes read)
[   10.159326] random: systemd: uninitialized urandom read (16 bytes read)
[   10.195090] systemd-hiberna (79) used greatest stack depth: 27040 bytes left
[   10.236054] systemd-sysv-ge (80) used greatest stack depth: 26184 bytes left
[   10.254028] selinux-autorel (85) used greatest stack depth: 25912 bytes left
[   10.402231] systemd[1]: Listening on Journal Socket.
[[0;32m  OK  [0m] Listening on Journal Socket.
[   10.409154] systemd[1]: Started Dispatch Password Requests to Console Directory Watch.
[[0;32m  OK  [0m] Started Dispatch Password Requests to Console Directory Watch.
[   10.418756] systemd[1]: Listening on /dev/initctl Compatibility Named Pipe.
[[0;32m  OK  [0m] Listening on /dev/initctl Compatibility Named Pipe.
[   10.426328] systemd[1]: Listening on Syslog Socket.
[[0;32m  OK  [0m] Listening on Syslog Socket.
[   10.434643] systemd[1]: Listening on udev Control Socket.
[[0;32m  OK  [0m] Listening on udev Control Socket.
[   10.441327] systemd[1]: Created slice System Slice.
[[0;32m  OK  [0m] Created slice System Slice.
         Mounting /sys/kernel/debug...
         Starting Load Kernel Modules...
         Mounting /sys/kernel/config...
         Mounting POSIX Message Queue File System...
[[0;32m  OK  [0m] Listening on Journal Socket (/dev/log).
[[0;32m  OK  [0m] Set up automount Arbitrary Executabâ€¦rmats File System Automount Point.
[[0;32m  OK  [0m] Reached target Swap.
[[0;32m  OK  [0m] Created slice system-serial\x2dgetty.slice.
[[0;32m  OK  [0m] Listening on udev Kernel Socket.
[[0;32m  OK  [0m] Reached target Remote File Systems.
         Starting Remount Root and Kernel File Systems...
         Mounting /proc/sys/fs/binfmt_misc...
[[0;32m  OK  [0m] Reached target Slices.
[[0;32m  OK  [0m] Started Forward Password Requests to Wall Directory Watch.
[[0;32m  OK  [0m] Reached target Encrypted Volumes.
[[0;32m  OK  [0m] Reached target Paths.
[[0;32m  OK  [0m] Listening on Journal Audit Socket.
[[0;32m  OK  [0m] Reached target Sockets.
         Starting Journal Service...
[[0;32m  OK  [0m] Created slice system-getty.slice.
[   10.564049] crng init done
[   10.565320] random: 7 urandom warning(s) missed due to ratelimiting
         [   10.585524] audit: type=1400 audit(1661428117.539:4): avc:  denied  { getattr } for  pid=103 comm="mount" path="/dev/root" dev="devtmpfs" ino=132 scontext=system_u:system_r:mount_t:s0 tcontext=system_u:object_r:device_t:s0 tclass=blk_file permissive=1
Starting Create Static Device Nodes in /dev...
[[0;32m  OK  [0m[   10.608885] EXT4-fs (sda): re-mounted. Opts: (null)
] Mounted POSIX Message Queue File System.
[[0;32m  OK  [0m] Mounted /sys/kernel/debug.
[[0;32m  OK  [0m] Mounted /sys/kernel/config.
[[0;32m  OK  [0m] Mounted /proc/sys/fs/binfmt_misc.
[[0;32m  OK  [0m] Started Load Kernel Modules.
[[0;32m  OK  [0m] Started Remount Root and Kernel File Systems.
         Starting udev Coldplug all Devices...
         Starting Load/Save Random Seed...
         Starting Apply Kernel Variables...
[[0;32m  OK  [0m] Started Create Static Device Nodes in /dev.
         Starting udev Kernel Device Manager...
[[0;32m  OK  [0m] Reached target Local File Systems (Pre).
[[0;32m  OK  [0m] Reached target Local File Systems.
[[0;32m  OK  [0m] Started Load/Save Random Seed.
[[0;32m  OK  [0m] Started Apply Kernel Variables.
         Starting Raise network interfaces...
[[0;32m  OK  [0m] Started udev Kernel Device Manager.
[[0;32m  OK  [0m] Started Journal Service.
         Starting Flush Journal to Persistent Storage...
[   11.094316] systemd-journald[101]: Received request to flush runtime journal from PID 1
[[0;32m  OK  [0m] Started Flush Journal to Persistent Storage.
         Starting Create Volatile Files and Directories...
[[0;32m  OK  [0m] Started Create Volatile Files and Directories.
         Starting Network Time Synchronization...
         Starting Update UTMP about System Boot/Shutdown...
[[0;32m  OK  [0m] Started Update UTMP about System Boot/Shutdown.
[   11.592332] audit: type=1400 audit(1661428118.546:5): avc:  denied  { read } for  pid=143 comm="systemd-timesyn" name="environ" dev="proc" ino=149 scontext=system_u:system_r:ntpd_t:s0 tcontext=system_u:system_r:init_t:s0 tclass=file permissive=1
[   11.618922] audit: type=1400 audit(1661428118.566:6): avc:  denied  { open } for  pid=143 comm="systemd-timesyn" path="/proc/1/environ" dev="proc" ino=149 scontext=system_u:system_r:ntpd_t:s0 tcontext=system_u:system_r:init_t:s0 tclass=file permissive=1
[[0;32m  OK  [0m] Started Network Time Synchronization.
[[0;32m  OK  [0m] Reached target System Time Synchronized.
[[0;32m  OK  [0m] Started udev Coldplug all Devices.
[[0;32m  OK  [0m] Reached target System Initialization.
[[0;32m  OK  [0m] Reached target Basic System.
         Starting System Logging Service...
         Starting getty on tty2-tty6 if dbus and logind are not available...
[[0;32m  OK  [0m] Started Regular background program processing daemon.
[[0;32m  OK  [0m] Started Daily apt download activities.
[[0;32m  OK  [0m] Started Daily apt upgrade and clean activities.
[[0;32m  OK  [0m] Started Daily Cleanup of Temporary Directories.
[[0;32m  OK  [0m] Reached target Timers.
[[0;32m  OK  [0m] Found device /dev/ttyS0.
[[0;32m  OK  [0m] Started System Logging Service.
[[0;32m  OK  [0m] Listening on Load/Save RF Kill Switch Status /dev/rfkill Watch.
[   12.319303] e1000: eth0 NIC Link is Up 1000 Mbps Full Duplex, Flow Control: RX
[   12.327269] IPv6: ADDRCONF(NETDEV_CHANGE): eth0: link becomes ready
[   12.329060] ip (201) used greatest stack depth: 25528 bytes left
[[0;32m  OK  [0m] Started getty on tty2-tty6 if dbus and logind are not available.
[[0;32m  OK  [0m] Started Raise network interfaces.
[[0;32m  OK  [0m] Reached target Network.
         Starting Permit User Sessions...
         Starting OpenBSD Secure Shell server...
[[0;32m  OK  [0m] Started Permit User Sessions.
[[0;32m  OK  [0m] Started Getty on tty2.
[[0;32m  OK  [0m] Started Getty on tty1.
[[0;32m  OK  [0m] Started Getty on tty3.
[[0;32m  OK  [0m] Started Getty on tty5.
[[0;32m  OK  [0m] Started Serial Getty on ttyS0.
[[0;32m  OK  [0m] Started Getty on tty6.
[[0;32m  OK  [0m] Started Getty on tty4.
[[0;32m  OK  [0m] Reached target Login Prompts.
[[0;32m  OK  [0m] Started OpenBSD Secure Shell server.
[[0;32m  OK  [0m] Reached target Multi-User System.
[[0;32m  OK  [0m] Reached target Graphical Interface.
         Starting Update UTMP about System Runlevel Changes...
[[0;32m  OK  [0m] Started Update UTMP about System Runlevel Changes.

Debian GNU/Linux 9 syzkaller ttyS0

syzkaller login: root
Last login: Thu Aug 25 11:17:20 UTC 2022 on ttyS0
[   21.007725] audit: type=1400 audit(1661428127.961:7): avc:  denied  { write } for  pid=319 comm="login" name="/" dev="tmpfs" ino=2 scontext=system_u:system_r:local_login_t:s0-s0:c0.c1023 tcontext=system_u:object_r:var_run_t:s0 tclass=dir permissive=1
Linux syzkaller 5.4.192 #1 SMP Thu Aug 25 18:57:01 CST 2022 x86_64

The programs included with the Debian GNU/Linux system are free software;
the exact distribution terms for each program are described in the
individual files in /usr/share/doc/*/copyright.

Debian GNU/Linux comes with ABSOLUTELY NO WARRANTY, to the extent
permitted by applicable law.
[   21.027135] audit: type=1400 audit(1661428127.961:8): avc:  denied  { remove_name } for  pid=319 comm="login" name="motd.dynamic.new" dev="tmpfs" ino=344 scontext=system_u:system_r:local_login_t:s0-s0:c0.c1023 tcontext=system_u:object_r:var_run_t:s0 tclass=dir permissive=1
[   21.038958] audit: type=1400 audit(1661428127.962:9): avc:  denied  { rename } for  pid=319 comm="login" name="motd.dynamic.new" dev="tmpfs" ino=344 scontext=system_u:system_r:local_login_t:s0-s0:c0.c1023 tcontext=unconfined_u:object_r:var_run_t:s0 tclass=file permissive=1
[   21.050117] audit: type=1400 audit(1661428127.962:10): avc:  denied  { add_name } for  pid=319 comm="login" name="motd.dynamic" scontext=system_u:system_r:local_login_t:s0-s0:c0.c1023 tcontext=system_u:object_r:var_run_t:s0 tclass=dir permissive=1
[   21.060379] audit: type=1400 audit(1661428127.962:11): avc:  denied  { read } for  pid=319 comm="login" name="motd.dynamic" dev="tmpfs" ino=344 scontext=system_u:system_r:local_login_t:s0-s0:c0.c1023 tcontext=unconfined_u:object_r:var_run_t:s0 tclass=file permissive=1
[   21.070883] audit: type=1400 audit(1661428127.962:12): avc:  denied  { open } for  pid=319 comm="login" path="/run/motd.dynamic" dev="tmpfs" ino=344 scontext=system_u:system_r:local_login_t:s0-s0:c0.c1023 tcontext=unconfined_u:object_r:var_run_t:s0 tclass=file permissive=1
[   21.082598] audit: type=1400 audit(1661428127.962:13): avc:  denied  { getattr } for  pid=319 comm="login" path="/run/motd.dynamic" dev="tmpfs" ino=344 scontext=system_u:system_r:local_login_t:s0-s0:c0.c1023 tcontext=unconfined_u:object_r:var_run_t:s0 tclass=file permissive=1
[   21.093948] audit: type=1400 audit(1661428127.971:14): avc:  denied  { write } for  pid=319 comm="login" scontext=system_u:system_r:local_login_t:s0-s0:c0.c1023 tcontext=unconfined_u:unconfined_r:unconfined_t:s0-s0:c0.c1023 tclass=key permissive=1
root@syzkaller:~# cd fish/
root@syzkaller:~/fish# uname -r
5.4.192
root@syzkaller:~/fish# gcc CReproducerRcu.c -o CReproducerRcu
root@syzkaller:~/fish# ./CReproducerRcu
[   65.129421] audit: type=1400 audit(1661428172.369:15): avc:  denied  { execmem } for  pid=360 comm="CReproducerRcu" scontext=unconfined_u:unconfined_r:unconfined_t:s0-s0:c0.c1023 tcontext=unconfined_u:unconfined_r:unconfined_t:s0-s0:c0.c1023 tclass=process permissive=1
[   79.840127] hrtimer: interrupt took 14052 ns
[  104.359596] rcu: INFO: rcu_sched self-detected stall on CPU
[  104.368030] rcu: 	0-....: (20995 ticks this GP) idle=eee/1/0x4000000000000004 softirq=3077/3077 fqs=4694 
[  104.373374] 	(t=21000 jiffies g=4473 q=220481)
[  104.375926] NMI backtrace for cpu 0
[  104.378133] CPU: 0 PID: 12886 Comm: CReproducerRcu Not tainted 5.4.192 #1
[  104.381887] Hardware name: QEMU Standard PC (i440FX + PIIX, 1996), BIOS 1.13.0-1ubuntu1.1 04/01/2014
[  104.387042] Call Trace:
[  104.388557]  <IRQ>
[  104.390225]  dump_stack+0x95/0xc8
[  104.392112]  nmi_cpu_backtrace.cold+0x55/0x94
[  104.394758]  ? lapic_can_unplug_cpu+0x70/0x70
[  104.397442]  nmi_trigger_cpumask_backtrace+0x15a/0x1b0
[  104.400354]  rcu_dump_cpu_stacks+0x15d/0x1a7
[  104.402749]  rcu_sched_clock_irq.cold+0x4c8/0x90b
[  104.405510]  ? hrtimer_run_queues+0x1d/0x310
[  104.407876]  update_process_times+0x24/0x60
[  104.410279]  tick_sched_handle+0x10f/0x150
[  104.412622]  tick_sched_timer+0x41/0x120
[  104.414804]  __hrtimer_run_queues+0x308/0x7c0
[  104.417218]  ? tick_sched_do_timer+0x160/0x160
[  104.419750]  ? enqueue_hrtimer+0x230/0x230
[  104.422074]  ? kvm_clock_get_cycles+0xd/0x10
[  104.424437]  ? ktime_get_update_offsets_now+0x17d/0x250
[  104.427363]  hrtimer_interrupt+0x2c9/0x6c0
[  104.429693]  smp_apic_timer_interrupt+0xd4/0x380
[  104.432226]  apic_timer_interrupt+0xf/0x20
[  104.434517] RIP: 0010:clocksource_watchdog+0xa/0x8b0
[  104.437264] Code: 48 c7 c7 48 ed 37 bd e8 34 11 2e 00 e9 74 ff ff ff 66 66 2e 0f 1f 84 00 00 00 00 00 0f 1f 40 00 41 57 41 56 41 55 41 54 55 53 <48> 83 ec 50 e8 9d 30 0b 00 48 c7 c7 40 7d ca bd e8 91 e5 22 02 8b
[  104.447427] RSP: 0018:ffff88806d209d88 EFLAGS: 00000206 ORIG_RAX: ffffffffffffff13
[  104.451622] RAX: ffffffffb9e945c0 RBX: ffff88806d209e80 RCX: ffffffffb9e7fe19
[  104.455952] RDX: 0000000000000100 RSI: ffffffffb9e945c0 RDI: ffffffffbdca7d80
[  104.460191] RBP: 0000000000000100 R08: 0000000000000001 R09: ffffed100da45aae
[  104.464058] R10: ffffed100da45aad R11: ffff88806d22d56f R12: ffffffffbdca7d80
[  104.467990] R13: 00000000fffcaa29 R14: 00000000fffcaa29 R15: ffff88806d22d540
[  104.471933]  ? apic_timer_interrupt+0xa/0x20
[  104.474346]  ? __clocksource_unstable+0x170/0x170
[  104.476956]  ? call_timer_fn+0x39/0x2b0
[  104.479082]  ? __clocksource_unstable+0x170/0x170
[  104.481732]  call_timer_fn+0x45/0x2b0
[  104.483781]  ? __clocksource_unstable+0x170/0x170
[  104.486381]  ? __clocksource_unstable+0x170/0x170
[  104.488998]  run_timer_softirq+0x53b/0x1230
[  104.491289]  ? call_timer_fn+0x2b0/0x2b0
[  104.493461]  ? apic_timer_interrupt+0xa/0x20
[  104.495802]  __do_softirq+0x17c/0x627
[  104.497954]  irq_exit+0x114/0x140
[  104.499798]  smp_apic_timer_interrupt+0xde/0x380
[  104.502340]  apic_timer_interrupt+0xf/0x20
[  104.504607]  </IRQ>
[  104.505791] RIP: 0010:generic_exec_single+0x1b6/0x2a0
[  104.508551] Code: 03 0f b6 14 02 4c 89 e0 83 e0 07 83 c0 03 38 d0 7c 04 84 d2 75 2f c7 45 18 00 00 00 00 9c 5d fa 4c 89 f7 e8 3c fb 53 02 55 9d <45> 31 ed e9 78 ff ff ff e8 4d 5f 08 00 0f 0b eb b0 4c 89 e7 e8 a1
[  104.518696] RSP: 0018:ffff88805d08fb08 EFLAGS: 00000246 ORIG_RAX: ffffffffffffff13
[  104.522858] RAX: ffff88805a4627c0 RBX: ffffffffb9ff6b70 RCX: ffffffffb9ec1714
[  104.526746] RDX: 0000000000000000 RSI: 1ffff1100ba11ee4 RDI: ffff8880683dcc08
[  104.530640] RBP: 0000000000000246 R08: ffffffffbdc58018 R09: ffffffffbdc5800f
[  104.534552] R10: ffffffffbdc58017 R11: ffffffffbdc5801b R12: ffff88805d08fb98
[  104.538484] R13: 0000000000000000 R14: ffff88805d08fc40 R15: ffff88805d08fc40
[  104.542500]  ? sw_perf_event_destroy+0x110/0x110
[  104.545050]  ? generic_exec_single+0x1b4/0x2a0
[  104.547511]  ? sw_perf_event_destroy+0x110/0x110
[  104.550045]  smp_call_function_single+0x249/0x300
[  104.552613]  ? generic_exec_single+0x2a0/0x2a0
[  104.555262]  ? kmem_cache_alloc+0xc4/0x1e0
[  104.557753]  ? selinux_file_alloc_security+0xc/0x160
[  104.560522]  ? __perf_event_enable+0x550/0x550
[  104.562972]  task_function_call+0xce/0x140
[  104.565298]  ? perf_event_addr_filters_exec+0x300/0x300
[  104.568203]  ? alloc_empty_file+0xa5/0x120
[  104.570494]  ? __perf_event_enable+0x550/0x550
[  104.572941]  ? alloc_file+0x2de/0x480
[  104.574973]  ? exclusive_event_installable+0x1a1/0x220
[  104.577790]  perf_install_in_context+0x1b9/0x360
[  104.580347]  ? perf_group_attach+0x380/0x380
[  104.582697]  ? mutex_lock+0x89/0xd0
[  104.584652]  ? __mutex_lock_slowpath+0x10/0x10
[  104.587079]  ? exclusive_event_installable+0x1a1/0x220
[  104.589911]  __do_sys_perf_event_open+0x152d/0x2160
[  104.592657]  ? simple_xattr_set+0x5a0/0x5a0
[  104.594959]  ? kasan_unpoison_shadow+0x33/0x40
[  104.597409]  ? perf_event_set_output+0x470/0x470
[  104.599924]  ? listxattr+0xcc/0x120
[  104.601883]  do_syscall_64+0x9a/0x330
[  104.603906]  ? prepare_exit_to_usermode+0x142/0x1d0
[  104.606599]  entry_SYSCALL_64_after_hwframe+0x44/0xa9
[  104.609420] RIP: 0033:0x7f36bebb5469
[  104.611411] Code: 00 f3 c3 66 2e 0f 1f 84 00 00 00 00 00 0f 1f 40 00 48 89 f8 48 89 f7 48 89 d6 48 89 ca 4d 89 c2 4d 89 c8 4c 8b 4c 24 08 0f 05 <48> 3d 01 f0 ff ff 73 01 c3 48 8b 0d ff 49 2b 00 f7 d8 64 89 01 48
[  104.621550] RSP: 002b:00007ffdb4106348 EFLAGS: 00000246 ORIG_RAX: 000000000000012a
[  104.625677] RAX: ffffffffffffffda RBX: 0000000000000000 RCX: 00007f36bebb5469
[  104.629567] RDX: 0000000000000000 RSI: 0000000000000000 RDI: 0000000020000080
[  104.633461] RBP: 00007ffdb4106360 R08: 0000000000000000 R09: 00007ffdb4106360
[  104.637369] R10: 00000000ffffffff R11: 0000000000000246 R12: 00005570a2e49ce0
[  104.641267] R13: 00007ffdb4106480 R14: 0000000000000000 R15: 0000000000000000
[  125.746167] rcu: INFO: rcu_sched self-detected stall on CPU
[  125.760379] rcu: 	0-....: (41995 ticks this GP) idle=ef2/1/0x4000000000000004 softirq=3077/3079 fqs=4906 
[  125.766003] 	(t=21000 jiffies g=4477 q=447192)
[  125.768816] NMI backtrace for cpu 0
[  125.771927] CPU: 0 PID: 27350 Comm: CReproducerRcu Not tainted 5.4.192 #1
[  125.775799] Hardware name: QEMU Standard PC (i440FX + PIIX, 1996), BIOS 1.13.0-1ubuntu1.1 04/01/2014
[  125.781124] Call Trace:
[  125.782582]  <IRQ>
[  125.784062]  dump_stack+0x95/0xc8
[  125.786043]  nmi_cpu_backtrace.cold+0x55/0x94
[  125.788674]  ? lapic_can_unplug_cpu+0x70/0x70
[  125.791289]  nmi_trigger_cpumask_backtrace+0x15a/0x1b0
[  125.794323]  rcu_dump_cpu_stacks+0x15d/0x1a7
[  125.796769]  rcu_sched_clock_irq.cold+0x4c8/0x90b
[  125.799482]  ? hrtimer_run_queues+0x1d/0x310
[  125.801884]  update_process_times+0x24/0x60
[  125.804276]  tick_sched_handle+0x10f/0x150
[  125.806622]  tick_sched_timer+0x41/0x120
[  125.808829]  __hrtimer_run_queues+0x308/0x7c0
[  125.811254]  ? tick_sched_do_timer+0x160/0x160
[  125.813734]  ? enqueue_hrtimer+0x230/0x230
[  125.816080]  ? kvm_clock_get_cycles+0xd/0x10
[  125.818492]  ? ktime_get_update_offsets_now+0x17d/0x250
[  125.821393]  hrtimer_interrupt+0x2c9/0x6c0
[  125.823717]  smp_apic_timer_interrupt+0xd4/0x380
[  125.826324]  apic_timer_interrupt+0xf/0x20
[  125.828617] RIP: 0010:clocksource_watchdog+0x19e/0x8b0
[  125.831568] Code: 48 89 44 24 08 48 89 f8 48 c1 e8 03 42 80 3c 38 00 0f 85 e6 05 00 00 48 8b 07 e8 dd ca 56 02 49 89 c4 fb 4c 8b 35 82 36 e1 03 <49> 8d 7e 08 48 89 f8 48 c1 e8 03 42 80 3c 38 00 0f 85 d1 05 00 00
[  125.841811] RSP: 0018:ffff88806d209d38 EFLAGS: 00000282 ORIG_RAX: ffffffffffffff13
[  125.846018] RAX: 00000018ce99beee RBX: 0000000000000000 RCX: 0000000000000006
[  125.849974] RDX: 0000000002bbd61c RSI: 0000000000000000 RDI: 0000000000000001
[  125.853907] RBP: ffffffffbce5f400 R08: ffffffffbdc58018 R09: ffffffffbdc5800f
[  125.857841] R10: ffffffffbdc58017 R11: ffffffffbdc5801b R12: 00000018ce99beee
[  125.861781] R13: 0000000000000000 R14: ffffffffbce852c0 R15: dffffc0000000000
[  125.865732]  ? apic_timer_interrupt+0xa/0x20
[  125.868125]  ? clocksource_watchdog+0x193/0x8b0
[  125.870660]  ? __clocksource_unstable+0x170/0x170
[  125.873267]  call_timer_fn+0x45/0x2b0
[  125.875319]  ? __clocksource_unstable+0x170/0x170
[  125.877954]  ? __clocksource_unstable+0x170/0x170
[  125.880584]  run_timer_softirq+0x53b/0x1230
[  125.882924]  ? call_timer_fn+0x2b0/0x2b0
[  125.885122]  ? apic_timer_interrupt+0xa/0x20
[  125.887484]  __do_softirq+0x17c/0x627
[  125.889651]  irq_exit+0x114/0x140
[  125.891527]  smp_apic_timer_interrupt+0xde/0x380
[  125.894101]  apic_timer_interrupt+0xf/0x20
[  125.896380]  </IRQ>
[  125.897587] RIP: 0010:generic_exec_single+0x1b6/0x2a0
[  125.900387] Code: 03 0f b6 14 02 4c 89 e0 83 e0 07 83 c0 03 38 d0 7c 04 84 d2 75 2f c7 45 18 00 00 00 00 9c 5d fa 4c 89 f7 e8 3c fb 53 02 55 9d <45> 31 ed e9 78 ff ff ff e8 4d 5f 08 00 0f 0b eb b0 4c 89 e7 e8 a1
[  125.910658] RSP: 0018:ffff88805e527b08 EFLAGS: 00000246 ORIG_RAX: ffffffffffffff13
[  125.914814] RAX: ffff888057a4a7c0 RBX: ffffffffb9ff6b70 RCX: ffffffffb9ec1714
[  125.918741] RDX: 0000000000000000 RSI: 1ffff1100bca4ee4 RDI: ffff88805795ca08
[  125.922693] RBP: 0000000000000246 R08: ffffffffbdc58018 R09: ffffffffbdc5800f
[  125.926614] R10: ffffffffbdc58017 R11: ffffffffbdc5801b R12: ffff88805e527b98
[  125.930534] R13: 0000000000000000 R14: ffff88805e527c40 R15: ffff88805e527c40
[  125.934575]  ? sw_perf_event_destroy+0x110/0x110
[  125.937202]  ? generic_exec_single+0x1b4/0x2a0
[  125.939694]  ? sw_perf_event_destroy+0x110/0x110
[  125.942266]  smp_call_function_single+0x249/0x300
[  125.944878]  ? generic_exec_single+0x2a0/0x2a0
[  125.947431]  ? kmem_cache_alloc+0xc4/0x1e0
[  125.949877]  ? selinux_file_alloc_security+0xc/0x160
[  125.952643]  ? __perf_event_enable+0x550/0x550
[  125.955112]  task_function_call+0xce/0x140
[  125.957421]  ? perf_event_addr_filters_exec+0x300/0x300
[  125.960331]  ? alloc_empty_file+0xa5/0x120
[  125.962630]  ? __perf_event_enable+0x550/0x550
[  125.965099]  ? alloc_file+0x2de/0x480
[  125.967127]  ? exclusive_event_installable+0x1a1/0x220
[  125.969981]  perf_install_in_context+0x1b9/0x360
[  125.972553]  ? perf_group_attach+0x380/0x380
[  125.974919]  ? mutex_lock+0x89/0xd0
[  125.976859]  ? __mutex_lock_slowpath+0x10/0x10
[  125.979305]  ? exclusive_event_installable+0x1a1/0x220
[  125.982119]  __do_sys_perf_event_open+0x152d/0x2160
[  125.984928]  ? simple_xattr_set+0x5a0/0x5a0
[  125.987242]  ? kasan_unpoison_shadow+0x33/0x40
[  125.989704]  ? perf_event_set_output+0x470/0x470
[  125.992232]  ? listxattr+0xcc/0x120
[  125.994203]  do_syscall_64+0x9a/0x330
[  125.996267]  ? prepare_exit_to_usermode+0x142/0x1d0
[  125.998990]  entry_SYSCALL_64_after_hwframe+0x44/0xa9
[  126.001837] RIP: 0033:0x7f36bebb5469
[  126.004954] Code: 00 f3 c3 66 2e 0f 1f 84 00 00 00 00 00 0f 1f 40 00 48 89 f8 48 89 f7 48 89 d6 48 89 ca 4d 89 c2 4d 89 c8 4c 8b 4c 24 08 0f 05 <48> 3d 01 f0 ff ff 73 01 c3 48 8b 0d ff 49 2b 00 f7 d8 64 89 01 48
[  126.015161] RSP: 002b:00007ffdb4106348 EFLAGS: 00000246 ORIG_RAX: 000000000000012a
[  126.019292] RAX: ffffffffffffffda RBX: 0000000000000000 RCX: 00007f36bebb5469
[  126.023184] RDX: 0000000000000000 RSI: 0000000000000000 RDI: 0000000020000080
[  126.027074] RBP: 00007ffdb4106360 R08: 0000000000000000 R09: 00007ffdb4106360
[  126.030975] R10: 00000000ffffffff R11: 0000000000000246 R12: 00005570a2e49ce0
[  126.034888] R13: 00007ffdb4106480 R14: 0000000000000000 R15: 0000000000000000
[  188.749545] rcu: INFO: rcu_sched self-detected stall on CPU
[  188.753108] rcu: 	0-....: (104691 ticks this GP) idle=ef2/1/0x4000000000000004 softirq=3077/3079 fqs=19434 
[  188.758621] 	(t=84003 jiffies g=4477 q=1104495)
[  188.761281] NMI backtrace for cpu 0
[  188.763332] CPU: 0 PID: 27350 Comm: CReproducerRcu Not tainted 5.4.192 #1
[  188.767111] Hardware name: QEMU Standard PC (i440FX + PIIX, 1996), BIOS 1.13.0-1ubuntu1.1 04/01/2014
[  188.772142] Call Trace:
[  188.773569]  <IRQ>
[  188.774982]  dump_stack+0x95/0xc8
[  188.776908]  nmi_cpu_backtrace.cold+0x55/0x94
[  188.779433]  ? lapic_can_unplug_cpu+0x70/0x70
[  188.781940]  nmi_trigger_cpumask_backtrace+0x15a/0x1b0
[  188.784821]  rcu_dump_cpu_stacks+0x15d/0x1a7
[  188.787229]  rcu_sched_clock_irq.cold+0x4c8/0x90b
[  188.789983]  ? hrtimer_run_queues+0x1d/0x310
[  188.792375]  update_process_times+0x24/0x60
[  188.794744]  tick_sched_handle+0x10f/0x150
[  188.797079]  tick_sched_timer+0x41/0x120
[  188.799263]  __hrtimer_run_queues+0x308/0x7c0
[  188.801689]  ? tick_sched_do_timer+0x160/0x160
[  188.804151]  ? enqueue_hrtimer+0x230/0x230
[  188.806466]  ? kvm_clock_get_cycles+0xd/0x10
[  188.808850]  ? ktime_get_update_offsets_now+0x17d/0x250
[  188.811739]  hrtimer_interrupt+0x2c9/0x6c0
[  188.814103]  smp_apic_timer_interrupt+0xd4/0x380
[  188.816671]  apic_timer_interrupt+0xf/0x20
[  188.818935] RIP: 0010:clocksource_watchdog+0x19e/0x8b0
[  188.821731] Code: 48 89 44 24 08 48 89 f8 48 c1 e8 03 42 80 3c 38 00 0f 85 e6 05 00 00 48 8b 07 e8 dd ca 56 02 49 89 c4 fb 4c 8b 35 82 36 e1 03 <49> 8d 7e 08 48 89 f8 48 c1 e8 03 42 80 3c 38 00 0f 85 d1 05 00 00
[  188.829635] RSP: 0018:ffff88806d209d38 EFLAGS: 00000282 ORIG_RAX: ffffffffffffff13
[  188.832901] RAX: 00000018ce99beee RBX: 0000000000000000 RCX: 0000000000000006
[  188.835877] RDX: 0000000002bbd61c RSI: 0000000000000000 RDI: 0000000000000001
[  188.838845] RBP: ffffffffbce5f400 R08: ffffffffbdc58018 R09: ffffffffbdc5800f
[  188.841749] R10: ffffffffbdc58017 R11: ffffffffbdc5801b R12: 00000018ce99beee
[  188.844578] R13: 0000000000000000 R14: ffffffffbce852c0 R15: dffffc0000000000
[  188.847399]  ? apic_timer_interrupt+0xa/0x20
[  188.849221]  ? clocksource_watchdog+0x193/0x8b0
[  188.851147]  ? __clocksource_unstable+0x170/0x170
[  188.853086]  call_timer_fn+0x45/0x2b0
[  188.854556]  ? __clocksource_unstable+0x170/0x170
[  188.856570]  ? __clocksource_unstable+0x170/0x170
[  188.858433]  run_timer_softirq+0x53b/0x1230
[  188.860202]  ? call_timer_fn+0x2b0/0x2b0
[  188.861904]  ? apic_timer_interrupt+0xa/0x20
[  188.863760]  __do_softirq+0x17c/0x627
[  188.865449]  irq_exit+0x114/0x140
[  188.866879]  smp_apic_timer_interrupt+0xde/0x380
[  188.868802]  apic_timer_interrupt+0xf/0x20
[  188.870538]  </IRQ>
[  188.871401] RIP: 0010:generic_exec_single+0x1b6/0x2a0
[  188.873455] Code: 03 0f b6 14 02 4c 89 e0 83 e0 07 83 c0 03 38 d0 7c 04 84 d2 75 2f c7 45 18 00 00 00 00 9c 5d fa 4c 89 f7 e8 3c fb 53 02 55 9d <45> 31 ed e9 78 ff ff ff e8 4d 5f 08 00 0f 0b eb b0 4c 89 e7 e8 a1
[  188.881193] RSP: 0018:ffff88805e527b08 EFLAGS: 00000246 ORIG_RAX: ffffffffffffff13
[  188.884361] RAX: ffff888057a4a7c0 RBX: ffffffffb9ff6b70 RCX: ffffffffb9ec1714
[  188.887409] RDX: 0000000000000000 RSI: 1ffff1100bca4ee4 RDI: ffff88805795ca08
[  188.890396] RBP: 0000000000000246 R08: ffffffffbdc58018 R09: ffffffffbdc5800f
[  188.893264] R10: ffffffffbdc58017 R11: ffffffffbdc5801b R12: ffff88805e527b98
[  188.896330] R13: 0000000000000000 R14: ffff88805e527c40 R15: ffff88805e527c40
[  188.899300]  ? sw_perf_event_destroy+0x110/0x110
[  188.901272]  ? generic_exec_single+0x1b4/0x2a0
[  188.903159]  ? sw_perf_event_destroy+0x110/0x110
[  188.905110]  smp_call_function_single+0x249/0x300
[  188.907089]  ? generic_exec_single+0x2a0/0x2a0
[  188.908928]  ? kmem_cache_alloc+0xc4/0x1e0
[  188.910757]  ? selinux_file_alloc_security+0xc/0x160
[  188.912756]  ? __perf_event_enable+0x550/0x550
[  188.914675]  task_function_call+0xce/0x140
[  188.916447]  ? perf_event_addr_filters_exec+0x300/0x300
[  188.918652]  ? alloc_empty_file+0xa5/0x120
[  188.920422]  ? __perf_event_enable+0x550/0x550
[  188.922358]  ? alloc_file+0x2de/0x480
[  188.923949]  ? exclusive_event_installable+0x1a1/0x220
[  188.926121]  perf_install_in_context+0x1b9/0x360
[  188.928124]  ? perf_group_attach+0x380/0x380
[  188.929907]  ? mutex_lock+0x89/0xd0
[  188.931374]  ? __mutex_lock_slowpath+0x10/0x10
[  188.933235]  ? exclusive_event_installable+0x1a1/0x220
[  188.935392]  __do_sys_perf_event_open+0x152d/0x2160
[  188.937424]  ? simple_xattr_set+0x5a0/0x5a0
[  188.939195]  ? kasan_unpoison_shadow+0x33/0x40
[  188.941059]  ? perf_event_set_output+0x470/0x470
[  188.943002]  ? listxattr+0xcc/0x120
[  188.944538]  do_syscall_64+0x9a/0x330
[  188.946040]  ? prepare_exit_to_usermode+0x142/0x1d0
[  188.948029]  entry_SYSCALL_64_after_hwframe+0x44/0xa9
[  188.950147] RIP: 0033:0x7f36bebb5469
[  188.951678] Code: 00 f3 c3 66 2e 0f 1f 84 00 00 00 00 00 0f 1f 40 00 48 89 f8 48 89 f7 48 89 d6 48 89 ca 4d 89 c2 4d 89 c8 4c 8b 4c 24 08 0f 05 <48> 3d 01 f0 ff ff 73 01 c3 48 8b 0d ff 49 2b 00 f7 d8 64 89 01 48
[  188.959407] RSP: 002b:00007ffdb4106348 EFLAGS: 00000246 ORIG_RAX: 000000000000012a
[  188.962521] RAX: ffffffffffffffda RBX: 0000000000000000 RCX: 00007f36bebb5469
[  188.965419] RDX: 0000000000000000 RSI: 0000000000000000 RDI: 0000000020000080
[  188.968550] RBP: 00007ffdb4106360 R08: 0000000000000000 R09: 00007ffdb4106360
[  188.971519] R10: 00000000ffffffff R11: 0000000000000246 R12: 00005570a2e49ce0
[  188.974558] R13: 00007ffdb4106480 R14: 0000000000000000 R15: 0000000000000000
[  188.979642] ------------[ cut here ]------------
[  188.981616] NETDEV WATCHDOG: eth0 (e1000): transmit queue 0 timed out
[  188.985042] WARNING: CPU: 0 PID: 27350 at net/sched/sch_generic.c:472 dev_watchdog+0x95d/0xab0
[  188.988766] Modules linked in:
[  188.990105] CPU: 0 PID: 27350 Comm: CReproducerRcu Not tainted 5.4.192 #1
[  188.992942] Hardware name: QEMU Standard PC (i440FX + PIIX, 1996), BIOS 1.13.0-1ubuntu1.1 04/01/2014
[  188.996663] RIP: 0010:dev_watchdog+0x95d/0xab0
[  188.998492] Code: fe 4c 8b 7c 24 28 c6 05 21 a4 b4 01 01 4c 89 ff e8 e8 65 f3 ff 44 89 e1 4c 89 fe 48 c7 c7 00 69 9d bc 48 89 c2 e8 da 8a 7d 00 <0f> 0b e9 e5 fd ff ff 48 c7 44 24 10 80 a9 e0 bc e9 a3 fc ff ff 48
[  189.006078] RSP: 0018:ffff88806d209d40 EFLAGS: 00010282
[  189.008285] RAX: 0000000000000000 RBX: ffff888069e1c440 RCX: 0000000000000000
[  189.011310] RDX: 0000000000000100 RSI: 0000000000000008 RDI: ffffed100da4139a
[  189.014322] RBP: dffffc0000000000 R08: 0000000000000001 R09: ffffed100da45297
[  189.017315] R10: ffffed100da45296 R11: ffff88806d2294b7 R12: 0000000000000000
[  189.020246] R13: ffff88806ada6400 R14: 0000000000000001 R15: ffff888069e1c000
[  189.023191] FS:  00007f36bf08e440(0000) GS:ffff88806d200000(0000) knlGS:0000000000000000
[  189.026609] CS:  0010 DS: 0000 ES: 0000 CR0: 0000000080050033
[  189.029028] CR2: 00007f36beb604d0 CR3: 0000000056750000 CR4: 00000000000006f0
[  189.032101] DR0: 0000000000000000 DR1: 0000000000000000 DR2: 0000000000000000
[  189.035132] DR3: 0000000000000000 DR6: 00000000fffe0ff0 DR7: 0000000000000400
[  189.038068] Call Trace:
[  189.039181]  <IRQ>
[  189.040175]  ? find_next_bit+0xc9/0xf0
[  189.041777]  call_timer_fn+0x45/0x2b0
[  189.043273]  ? netif_carrier_off+0x90/0x90
[  189.045019]  ? netif_carrier_off+0x90/0x90
[  189.046729]  run_timer_softirq+0x53b/0x1230
[  189.048463]  ? call_timer_fn+0x2b0/0x2b0
[  189.050097]  ? apic_timer_interrupt+0xa/0x20
[  189.051887]  __do_softirq+0x17c/0x627
[  189.053393]  irq_exit+0x114/0x140
[  189.054828]  smp_apic_timer_interrupt+0xde/0x380
[  189.056761]  apic_timer_interrupt+0xf/0x20
[  189.058495]  </IRQ>
[  189.059512] RIP: 0010:generic_exec_single+0x1b6/0x2a0
[  189.061681] Code: 03 0f b6 14 02 4c 89 e0 83 e0 07 83 c0 03 38 d0 7c 04 84 d2 75 2f c7 45 18 00 00 00 00 9c 5d fa 4c 89 f7 e8 3c fb 53 02 55 9d <45> 31 ed e9 78 ff ff ff e8 4d 5f 08 00 0f 0b eb b0 4c 89 e7 e8 a1
[  189.069363] RSP: 0018:ffff88805e527b08 EFLAGS: 00000246 ORIG_RAX: ffffffffffffff13
[  189.072530] RAX: ffff888057a4a7c0 RBX: ffffffffb9ff6b70 RCX: ffffffffb9ec1714
[  189.075418] RDX: 0000000000000000 RSI: 1ffff1100bca4ee4 RDI: ffff88805795ca08
[  189.078374] RBP: 0000000000000246 R08: ffffffffbdc58018 R09: ffffffffbdc5800f
[  189.081361] R10: ffffffffbdc58017 R11: ffffffffbdc5801b R12: ffff88805e527b98
[  189.084271] R13: 0000000000000000 R14: ffff88805e527c40 R15: ffff88805e527c40
[  189.087319]  ? sw_perf_event_destroy+0x110/0x110
[  189.089290]  ? generic_exec_single+0x1b4/0x2a0
[  189.091120]  ? sw_perf_event_destroy+0x110/0x110
[  189.093033]  smp_call_function_single+0x249/0x300
[  189.095001]  ? generic_exec_single+0x2a0/0x2a0
[  189.096893]  ? kmem_cache_alloc+0xc4/0x1e0
[  189.098777]  ? selinux_file_alloc_security+0xc/0x160
[  189.101435]  ? __perf_event_enable+0x550/0x550
[  189.103350]  task_function_call+0xce/0x140
[  189.105186]  ? perf_event_addr_filters_exec+0x300/0x300
[  189.107337]  ? alloc_empty_file+0xa5/0x120
[  189.109091]  ? __perf_event_enable+0x550/0x550
[  189.110969]  ? alloc_file+0x2de/0x480
[  189.112536]  ? exclusive_event_installable+0x1a1/0x220
[  189.114752]  perf_install_in_context+0x1b9/0x360
[  189.116738]  ? perf_group_attach+0x380/0x380
[  189.119216]  ? mutex_lock+0x89/0xd0
[  189.120721]  ? __mutex_lock_slowpath+0x10/0x10
[  189.122603]  ? exclusive_event_installable+0x1a1/0x220
[  189.124819]  __do_sys_perf_event_open+0x152d/0x2160
[  189.126908]  ? simple_xattr_set+0x5a0/0x5a0
[  189.128696]  ? kasan_unpoison_shadow+0x33/0x40
[  189.130560]  ? perf_event_set_output+0x470/0x470
[  189.132532]  ? listxattr+0xcc/0x120
[  189.134029]  do_syscall_64+0x9a/0x330
[  189.135575]  ? prepare_exit_to_usermode+0x142/0x1d0
[  189.137706]  entry_SYSCALL_64_after_hwframe+0x44/0xa9
[  189.139879] RIP: 0033:0x7f36bebb5469
[  189.141486] Code: 00 f3 c3 66 2e 0f 1f 84 00 00 00 00 00 0f 1f 40 00 48 89 f8 48 89 f7 48 89 d6 48 89 ca 4d 89 c2 4d 89 c8 4c 8b 4c 24 08 0f 05 <48> 3d 01 f0 ff ff 73 01 c3 48 8b 0d ff 49 2b 00 f7 d8 64 89 01 48
[  189.149226] RSP: 002b:00007ffdb4106348 EFLAGS: 00000246 ORIG_RAX: 000000000000012a
[  189.152386] RAX: ffffffffffffffda RBX: 0000000000000000 RCX: 00007f36bebb5469
[  189.155593] RDX: 0000000000000000 RSI: 0000000000000000 RDI: 0000000020000080
[  189.159596] RBP: 00007ffdb4106360 R08: 0000000000000000 R09: 00007ffdb4106360
[  189.163661] R10: 00000000ffffffff R11: 0000000000000246 R12: 00005570a2e49ce0
[  189.167725] R13: 00007ffdb4106480 R14: 0000000000000000 R15: 0000000000000000
[  189.171805] ---[ end trace 90bba0223ffdd113 ]---
QEMU: Terminated
