qemu-system-x86_64: warning: host doesn't support requested feature: CPUID.80000001H:ECX.svm [bit 2]
qemu-system-x86_64: warning: host doesn't support requested feature: CPUID.80000001H:ECX.svm [bit 2]
c[?7l[2J[0mSeaBIOS (version 1.13.0-1ubuntu1.1)


iPXE (http://ipxe.org) 00:03.0 CA00 PCI2.10 PnP PMM+7FF8C8A0+7FECC8A0 CA00
Press Ctrl-B to configure iPXE (PCI 00:03.0)...                                                                               


Booting from ROM...
c[?7l[2JNo EFI environment detected.
early console in extract_kernel
input_data: 0x000000000480c40d
input_len: 0x0000000001757f98
output: 0x0000000001000000
output_len: 0x0000000004ef4ba8
kernel_total_size: 0x0000000004a30000
needed_size: 0x0000000005000000
trampoline_32bit: 0x000000000009d000
Physical KASLR using RDTSC...
Virtual KASLR using RDTSC...

Decompressing Linux... Parsing ELF... Performing relocations... done.
Booting the kernel.
[    0.000000] Linux version 5.19.0-rc8 (root@fuzz-virtual-machine) (gcc (Ubuntu 9.4.0-1ubuntu1~20.04.1) 9.4.0, GNU ld (GNU Binutils for Ubuntu) 2.34) #1 SMP PREEMPT_DYNAMIC Wed Aug 10 20:20:50 CST 2022
[    0.000000] Command line: console=ttyS0 root=/dev/sda earlyprintk=serial net.ifnames=0
[    0.000000] x86/fpu: x87 FPU will use FXSAVE
[    0.000000] signal: max sigframe size: 1440
[    0.000000] BIOS-provided physical RAM map:
[    0.000000] BIOS-e820: [mem 0x0000000000000000-0x000000000009fbff] usable
[    0.000000] BIOS-e820: [mem 0x000000000009fc00-0x000000000009ffff] reserved
[    0.000000] BIOS-e820: [mem 0x00000000000f0000-0x00000000000fffff] reserved
[    0.000000] BIOS-e820: [mem 0x0000000000100000-0x000000007ffdffff] usable
[    0.000000] BIOS-e820: [mem 0x000000007ffe0000-0x000000007fffffff] reserved
[    0.000000] BIOS-e820: [mem 0x00000000feffc000-0x00000000feffffff] reserved
[    0.000000] BIOS-e820: [mem 0x00000000fffc0000-0x00000000ffffffff] reserved
[    0.000000] printk: bootconsole [earlyser0] enabled
[    0.000000] NX (Execute Disable) protection: active
[    0.000000] SMBIOS 2.8 present.
[    0.000000] DMI: QEMU Standard PC (i440FX + PIIX, 1996), BIOS 1.13.0-1ubuntu1.1 04/01/2014
[    0.000000] Hypervisor detected: KVM
[    0.000000] kvm-clock: Using msrs 4b564d01 and 4b564d00
[    0.000007] kvm-clock: using sched offset of 1796599641 cycles
[    0.003227] clocksource: kvm-clock: mask: 0xffffffffffffffff max_cycles: 0x1cd42e4dffb, max_idle_ns: 881590591483 ns
[    0.013048] tsc: Detected 2194.844 MHz processor
[    0.025357] last_pfn = 0x7ffe0 max_arch_pfn = 0x400000000
[    0.029489] x86/PAT: PAT not supported by the CPU.
[    0.032729] x86/PAT: Configuration [0-7]: WB  WT  UC- UC  WB  WT  UC- UC  
[    0.055632] found SMP MP-table at [mem 0x000f5c80-0x000f5c8f]
[    0.066772] ACPI: Early table checksum verification disabled
[    0.071591] ACPI: RSDP 0x00000000000F5A70 000014 (v00 BOCHS )
[    0.074865] ACPI: RSDT 0x000000007FFE15C9 000030 (v01 BOCHS  BXPCRSDT 00000001 BXPC 00000001)
[    0.080007] ACPI: FACP 0x000000007FFE149D 000074 (v01 BOCHS  BXPCFACP 00000001 BXPC 00000001)
[    0.085260] ACPI: DSDT 0x000000007FFE0040 00145D (v01 BOCHS  BXPCDSDT 00000001 BXPC 00000001)
[    0.090583] ACPI: FACS 0x000000007FFE0000 000040
[    0.093557] ACPI: APIC 0x000000007FFE1511 000080 (v01 BOCHS  BXPCAPIC 00000001 BXPC 00000001)
[    0.098989] ACPI: HPET 0x000000007FFE1591 000038 (v01 BOCHS  BXPCHPET 00000001 BXPC 00000001)
[    0.104302] ACPI: Reserving FACP table memory at [mem 0x7ffe149d-0x7ffe1510]
[    0.108958] ACPI: Reserving DSDT table memory at [mem 0x7ffe0040-0x7ffe149c]
[    0.113692] ACPI: Reserving FACS table memory at [mem 0x7ffe0000-0x7ffe003f]
[    0.117976] ACPI: Reserving APIC table memory at [mem 0x7ffe1511-0x7ffe1590]
[    0.122222] ACPI: Reserving HPET table memory at [mem 0x7ffe1591-0x7ffe15c8]
[    0.131061] No NUMA configuration found
[    0.133615] Faking a node at [mem 0x0000000000000000-0x000000007ffdffff]
[    0.137915] NODE_DATA(0) allocated [mem 0x7ffdc000-0x7ffdffff]
[    0.142364] Zone ranges:
[    0.143876]   DMA      [mem 0x0000000000001000-0x0000000000ffffff]
[    0.147613]   DMA32    [mem 0x0000000001000000-0x000000007ffdffff]
[    0.151441]   Normal   empty
[    0.153252] Movable zone start for each node
[    0.155498] Early memory node ranges
[    0.157498]   node   0: [mem 0x0000000000001000-0x000000000009efff]
[    0.160671]   node   0: [mem 0x0000000000100000-0x000000007ffdffff]
[    0.163923] Initmem setup node 0 [mem 0x0000000000001000-0x000000007ffdffff]
[    0.169577] On node 0, zone DMA: 1 pages in unavailable ranges
[    0.170740] On node 0, zone DMA: 97 pages in unavailable ranges
[    0.336695] On node 0, zone DMA32: 32 pages in unavailable ranges
[    1.283521] kasan: KernelAddressSanitizer initialized
[    1.292565] ACPI: PM-Timer IO Port: 0x608
[    1.295248] ACPI: LAPIC_NMI (acpi_id[0xff] dfl dfl lint[0x1])
[    1.298933] IOAPIC[0]: apic_id 0, version 17, address 0xfec00000, GSI 0-23
[    1.302789] ACPI: INT_SRC_OVR (bus 0 bus_irq 0 global_irq 2 dfl dfl)
[    1.306252] ACPI: INT_SRC_OVR (bus 0 bus_irq 5 global_irq 5 high level)
[    1.310476] ACPI: INT_SRC_OVR (bus 0 bus_irq 9 global_irq 9 high level)
[    1.314264] ACPI: INT_SRC_OVR (bus 0 bus_irq 10 global_irq 10 high level)
[    1.318348] ACPI: INT_SRC_OVR (bus 0 bus_irq 11 global_irq 11 high level)
[    1.322258] ACPI: Using ACPI (MADT) for SMP configuration information
[    1.325681] ACPI: HPET id: 0x8086a201 base: 0xfed00000
[    1.328639] smpboot: Allowing 2 CPUs, 0 hotplug CPUs
[    1.333156] PM: hibernation: Registered nosave memory: [mem 0x00000000-0x00000fff]
[    1.337636] PM: hibernation: Registered nosave memory: [mem 0x0009f000-0x0009ffff]
[    1.342619] PM: hibernation: Registered nosave memory: [mem 0x000a0000-0x000effff]
[    1.347244] PM: hibernation: Registered nosave memory: [mem 0x000f0000-0x000fffff]
[    1.351763] [mem 0x80000000-0xfeffbfff] available for PCI devices
[    1.355859] Booting paravirtualized kernel on KVM
[    1.358763] clocksource: refined-jiffies: mask: 0xffffffff max_cycles: 0xffffffff, max_idle_ns: 1910969940391419 ns
[    1.407144] setup_percpu: NR_CPUS:64 nr_cpumask_bits:64 nr_cpu_ids:2 nr_node_ids:1
[    1.420334] percpu: Embedded 65 pages/cpu s225704 r8192 d32344 u1048576
[    1.425012] Fallback order for Node 0: 0 
[    1.427548] Built 1 zonelists, mobility grouping on.  Total pages: 515808
[    1.431802] Policy zone: DMA32
[    1.433625] Kernel command line: net.ifnames=0 console=ttyS0 root=/dev/sda earlyprintk=serial net.ifnames=0
[    1.448316] Dentry cache hash table entries: 262144 (order: 9, 2097152 bytes, linear)
[    1.456752] Inode-cache hash table entries: 131072 (order: 8, 1048576 bytes, linear)
[    1.461958] mem auto-init: stack:off, heap alloc:off, heap free:off
[    1.465726] Stack Depot early init allocating hash table with memblock_alloc, 8388608 bytes
[    1.568165] Memory: 1701332K/2096632K available (45069K kernel code, 7708K rwdata, 8724K rodata, 2132K init, 1004K bss, 395044K reserved, 0K cma-reserved)
[    1.577452] SLUB: HWalign=64, Order=0-3, MinObjects=0, CPUs=2, Nodes=1
[    1.582303] Kernel/User page tables isolation: enabled
[    1.642050] Dynamic Preempt: voluntary
[    1.645921] rcu: Preemptible hierarchical RCU implementation.
[    1.649136] rcu: 	RCU event tracing is enabled.
[    1.651669] rcu: 	RCU restricting CPUs from NR_CPUS=64 to nr_cpu_ids=2.
[    1.655135] 	Trampoline variant of Tasks RCU enabled.
[    1.658347] rcu: RCU calculated value of scheduler-enlistment delay is 100 jiffies.
[    1.662932] rcu: Adjusting geometry for rcu_fanout_leaf=16, nr_cpu_ids=2
[    1.700241] NR_IRQS: 4352, nr_irqs: 440, preallocated irqs: 16
[    1.704537] rcu: srcu_init: Setting srcu_struct sizes based on contention.
[    1.748099] Console: colour VGA+ 80x25
[    1.751235] printk: console [ttyS0] enabled
[    1.751235] printk: console [ttyS0] enabled
[    1.756783] printk: bootconsole [earlyser0] disabled
[    1.756783] printk: bootconsole [earlyser0] disabled
[    1.763670] ACPI: Core revision 20220331
[    1.769755] clocksource: hpet: mask: 0xffffffff max_cycles: 0xffffffff, max_idle_ns: 19112604467 ns
[    1.778110] APIC: Switch to symmetric I/O mode setup
[    1.794363] ..TIMER: vector=0x30 apic1=0 pin1=2 apic2=-1 pin2=-1
[    1.798565] clocksource: tsc-early: mask: 0xffffffffffffffff max_cycles: 0x1fa32c1de86, max_idle_ns: 440795251159 ns
[    1.808240] Calibrating delay loop (skipped) preset value.. 4389.68 BogoMIPS (lpj=2194844)
[    1.808946] pid_max: default: 32768 minimum: 301
[    1.810963] LSM: Security Framework initializing
[    1.813103] SELinux:  Initializing.
[    1.816825] Mount-cache hash table entries: 4096 (order: 3, 32768 bytes, linear)
[    1.819023] Mountpoint-cache hash table entries: 4096 (order: 3, 32768 bytes, linear)
Poking KASLR using RDTSC...
[    1.833059] Last level iTLB entries: 4KB 0, 2MB 0, 4MB 0
[    1.833909] Last level dTLB entries: 4KB 0, 2MB 0, 4MB 0, 1GB 0
[    1.835135] Spectre V1 : Mitigation: usercopy/swapgs barriers and __user pointer sanitization
[    1.835984] Spectre V2 : Mitigation: Retpolines
[    1.836911] Spectre V2 : Spectre v2 / SpectreRSB mitigation: Filling RSB on context switch
[    1.838009] Speculative Store Bypass: Vulnerable
[    1.839022] MDS: Vulnerable: Clear CPU buffers attempted, no microcode
[    2.145365] Freeing SMP alternatives memory: 44K
[    2.249896] smpboot: CPU0: Intel QEMU Virtual CPU version 2.5+ (family: 0x6, model: 0x6, stepping: 0x3)
[    2.253141] cblist_init_generic: Setting adjustable number of callback queues.
[    2.253909] cblist_init_generic: Setting shift to 1 and lim to 1.
[    2.255269] Performance Events: PMU not available due to virtualization, using software events only.
[    2.258323] rcu: Hierarchical SRCU implementation.
[    2.258911] rcu: 	Max phase no-delay instances is 400.
[    2.265271] smp: Bringing up secondary CPUs ...
[    2.268431] x86: Booting SMP configuration:
[    2.268911] .... node  #0, CPUs:      #1
[    0.093729] smpboot: CPU 1 Converting physical 0 to logical die 1
[    2.286104] smp: Brought up 1 node, 2 CPUs
[    2.286913] smpboot: Max logical packages: 2
[    2.287911] smpboot: Total of 2 processors activated (8779.37 BogoMIPS)
[    2.311908] devtmpfs: initialized
[    2.343393] clocksource: jiffies: mask: 0xffffffff max_cycles: 0xffffffff, max_idle_ns: 1911260446275000 ns
[    2.343961] futex hash table entries: 512 (order: 3, 32768 bytes, linear)
[    2.347531] PM: RTC time: 11:09:38, date: 2022-08-11
[    2.351729] NET: Registered PF_NETLINK/PF_ROUTE protocol family
[    2.355022] audit: initializing netlink subsys (disabled)
[    2.357978] audit: type=2000 audit(1660216178.903:1): state=initialized audit_enabled=0 res=1
[    2.360427] thermal_sys: Registered thermal governor 'step_wise'
[    2.360920] thermal_sys: Registered thermal governor 'user_space'
[    2.362512] cpuidle: using governor menu
[    2.367604] PCI: Using configuration type 1 for base access
[    2.437817] kprobes: kprobe jump-optimization is enabled. All kprobes are optimized if possible.
[    2.594064] HugeTLB: can optimize 7 vmemmap pages for hugepages-2048kB
[    2.597947] HugeTLB registered 2.00 MiB page size, pre-allocated 0 pages
[    2.604902] ACPI: Added _OSI(Module Device)
[    2.608907] ACPI: Added _OSI(Processor Device)
[    2.610901] ACPI: Added _OSI(3.0 _SCP Extensions)
[    2.614942] ACPI: Added _OSI(Processor Aggregator Device)
[    2.618974] ACPI: Added _OSI(Linux-Dell-Video)
[    2.621920] ACPI: Added _OSI(Linux-Lenovo-NV-HDMI-Audio)
[    2.625932] ACPI: Added _OSI(Linux-HPI-Hybrid-Graphics)
[    2.676548] ACPI: 1 ACPI AML tables successfully acquired and loaded
[    3.791661] ACPI: Interpreter enabled
[    3.795294] ACPI: PM: (supports S0 S3 S4 S5)
[    3.797958] ACPI: Using IOAPIC for interrupt routing
[    3.802198] PCI: Using host bridge windows from ACPI; if necessary, use "pci=nocrs" and report a bug
[    3.808902] PCI: Using E820 reservations for host bridge windows
[    3.815896] ACPI: Enabled 2 GPEs in block 00 to 0F
[    3.919502] ACPI: PCI Root Bridge [PCI0] (domain 0000 [bus 00-ff])
[    3.924064] acpi PNP0A03:00: _OSC: OS supports [ASPM ClockPM Segments MSI HPX-Type3]
[    3.929927] acpi PNP0A03:00: _OSC: not requesting OS control; OS requires [ExtendedConfig ASPM ClockPM MSI]
[    3.939083] acpi PNP0A03:00: fail to add MMCONFIG information, can't access extended PCI configuration space under this bridge.
[    3.948405] PCI host bridge to bus 0000:00
[    3.951943] pci_bus 0000:00: root bus resource [io  0x0000-0x0cf7 window]
[    3.955985] pci_bus 0000:00: root bus resource [io  0x0d00-0xffff window]
[    3.959942] pci_bus 0000:00: root bus resource [mem 0x000a0000-0x000bffff window]
[    3.964949] pci_bus 0000:00: root bus resource [mem 0x80000000-0xfebfffff window]
[    3.969948] pci_bus 0000:00: root bus resource [mem 0x100000000-0x17fffffff window]
[    3.974948] pci_bus 0000:00: root bus resource [bus 00-ff]
[    3.980032] pci 0000:00:00.0: [8086:1237] type 00 class 0x060000
[    3.989117] pci 0000:00:01.0: [8086:7000] type 00 class 0x060100
[    3.998018] pci 0000:00:01.1: [8086:7010] type 00 class 0x010180
[    4.009576] pci 0000:00:01.1: reg 0x20: [io  0xc040-0xc04f]
[    4.016059] pci 0000:00:01.1: legacy IDE quirk: reg 0x10: [io  0x01f0-0x01f7]
[    4.019920] pci 0000:00:01.1: legacy IDE quirk: reg 0x14: [io  0x03f6]
[    4.023915] pci 0000:00:01.1: legacy IDE quirk: reg 0x18: [io  0x0170-0x0177]
[    4.027904] pci 0000:00:01.1: legacy IDE quirk: reg 0x1c: [io  0x0376]
[    4.032441] pci 0000:00:01.3: [8086:7113] type 00 class 0x068000
[    4.037814] pci 0000:00:01.3: quirk: [io  0x0600-0x063f] claimed by PIIX4 ACPI
[    4.042984] pci 0000:00:01.3: quirk: [io  0x0700-0x070f] claimed by PIIX4 SMB
[    4.052225] pci 0000:00:02.0: [1234:1111] type 00 class 0x030000
[    4.060581] pci 0000:00:02.0: reg 0x10: [mem 0xfd000000-0xfdffffff pref]
[    4.075544] pci 0000:00:02.0: reg 0x18: [mem 0xfebb0000-0xfebb0fff]
[    4.097335] pci 0000:00:02.0: reg 0x30: [mem 0xfeba0000-0xfebaffff pref]
[    4.107873] pci 0000:00:02.0: Video device with shadowed ROM at [mem 0x000c0000-0x000dffff]
[    4.130096] pci 0000:00:03.0: [8086:100e] type 00 class 0x020000
[    4.136818] pci 0000:00:03.0: reg 0x10: [mem 0xfeb80000-0xfeb9ffff]
[    4.143913] pci 0000:00:03.0: reg 0x14: [io  0xc000-0xc03f]
[    4.157330] pci 0000:00:03.0: reg 0x30: [mem 0xfeb00000-0xfeb7ffff pref]
[    4.191037] ACPI: PCI: Interrupt link LNKA configured for IRQ 10
[    4.197064] ACPI: PCI: Interrupt link LNKB configured for IRQ 10
[    4.202989] ACPI: PCI: Interrupt link LNKC configured for IRQ 11
[    4.209976] ACPI: PCI: Interrupt link LNKD configured for IRQ 11
[    4.214225] ACPI: PCI: Interrupt link LNKS configured for IRQ 9
[    4.233346] iommu: Default domain type: Translated 
[    4.236913] iommu: DMA domain TLB invalidation policy: lazy mode 
[    4.248265] SCSI subsystem initialized
[    4.260250] ACPI: bus type USB registered
[    4.265208] usbcore: registered new interface driver usbfs
[    4.268932] usbcore: registered new interface driver hub
[    4.273290] usbcore: registered new device driver usb
[    4.276960] pps_core: LinuxPPS API ver. 1 registered
[    4.279902] pps_core: Software ver. 5.3.6 - Copyright 2005-2007 Rodolfo Giometti <giometti@linux.it>
[    4.285111] PTP clock support registered
[    4.289784] Advanced Linux Sound Architecture Driver Initialized.
[    4.304998] NetLabel: Initializing
[    4.307907] NetLabel:  domain hash size = 128
[    4.310907] NetLabel:  protocols = UNLABELED CIPSOv4 CALIPSO
[    4.315122] NetLabel:  unlabeled traffic allowed by default
[    4.323041] PCI: Using ACPI for IRQ routing
[    4.328545] pci 0000:00:02.0: vgaarb: setting as boot VGA device
[    4.328896] pci 0000:00:02.0: vgaarb: bridge control possible
[    4.328896] pci 0000:00:02.0: vgaarb: VGA device added: decodes=io+mem,owns=io+mem,locks=none
[    4.341914] vgaarb: loaded
[    4.348908] hpet: 3 channels of 0 reserved for per-cpu timers
[    4.353175] hpet0: at MMIO 0xfed00000, IRQs 2, 8, 0
[    4.356907] hpet0: 3 comparators, 64-bit 100.000000 MHz counter
[    4.368391] clocksource: Switched to clocksource kvm-clock
[    4.379947] VFS: Disk quotas dquot_6.6.0
[    4.383166] VFS: Dquot-cache hash table entries: 512 (order 0, 4096 bytes)
[    4.389899] pnp: PnP ACPI init
[    4.407592] pnp: PnP ACPI: found 6 devices
[    4.453162] clocksource: acpi_pm: mask: 0xffffff max_cycles: 0xffffff, max_idle_ns: 2085701024 ns
[    4.460320] NET: Registered PF_INET protocol family
[    4.465783] IP idents hash table entries: 32768 (order: 6, 262144 bytes, linear)
[    4.479432] tcp_listen_portaddr_hash hash table entries: 1024 (order: 2, 16384 bytes, linear)
[    4.485031] Table-perturb hash table entries: 65536 (order: 6, 262144 bytes, linear)
[    4.489223] TCP established hash table entries: 16384 (order: 5, 131072 bytes, linear)
[    4.494798] TCP bind hash table entries: 16384 (order: 6, 262144 bytes, linear)
[    4.500755] TCP: Hash tables configured (established 16384 bind 16384)
[    4.505436] UDP hash table entries: 1024 (order: 3, 32768 bytes, linear)
[    4.509027] UDP-Lite hash table entries: 1024 (order: 3, 32768 bytes, linear)
[    4.515441] NET: Registered PF_UNIX/PF_LOCAL protocol family
[    4.522844] RPC: Registered named UNIX socket transport module.
[    4.526671] RPC: Registered udp transport module.
[    4.529790] RPC: Registered tcp transport module.
[    4.532998] RPC: Registered tcp NFSv4.1 backchannel transport module.
[    4.539814] pci_bus 0000:00: resource 4 [io  0x0000-0x0cf7 window]
[    4.544027] pci_bus 0000:00: resource 5 [io  0x0d00-0xffff window]
[    4.548226] pci_bus 0000:00: resource 6 [mem 0x000a0000-0x000bffff window]
[    4.551752] pci_bus 0000:00: resource 7 [mem 0x80000000-0xfebfffff window]
[    4.556161] pci_bus 0000:00: resource 8 [mem 0x100000000-0x17fffffff window]
[    4.561458] pci 0000:00:01.0: PIIX3: Enabling Passive Release
[    4.564338] pci 0000:00:00.0: Limiting direct PCI/PCI transfers
[    4.567438] pci 0000:00:01.0: Activating ISA DMA hang workarounds
[    4.571368] PCI: CLS 0 bytes, default 64
[    4.575497] clocksource: tsc: mask: 0xffffffffffffffff max_cycles: 0x1fa32c1de86, max_idle_ns: 440795251159 ns
[    4.636519] Initialise system trusted keyrings
[    4.641416] workingset: timestamp_bits=56 max_order=19 bucket_order=0
[    4.694272] NFS: Registering the id_resolver key type
[    4.697794] Key type id_resolver registered
[    4.700590] Key type id_legacy registered
[    4.705200] 9p: Installing v9fs 9p2000 file system support
[    4.726342] Key type asymmetric registered
[    4.728596] Asymmetric key parser 'x509' registered
[    4.731529] Block layer SCSI generic (bsg) driver version 0.4 loaded (major 251)
[    4.736124] io scheduler mq-deadline registered
[    4.738782] io scheduler kyber registered
[    4.745883] input: Power Button as /devices/LNXSYSTM:00/LNXPWRBN:00/input/input0
[    4.751532] ACPI: button: Power Button [PWRF]
[    4.762504] Serial: 8250/16550 driver, 4 ports, IRQ sharing enabled
[    4.769147] 00:05: ttyS0 at I/O 0x3f8 (irq = 4, base_baud = 115200) is a 16550A
[    4.787882] Non-volatile memory driver v1.3
[    4.790460] Linux agpgart interface v0.103
[    4.794770] ACPI: bus type drm_connector registered
[    4.843482] loop: module loaded
[    4.861780] scsi host0: ata_piix
[    4.869195] scsi host1: ata_piix
[    4.872529] ata1: PATA max MWDMA2 cmd 0x1f0 ctl 0x3f6 bmdma 0xc040 irq 14
[    4.876518] ata2: PATA max MWDMA2 cmd 0x170 ctl 0x376 bmdma 0xc048 irq 15
[    4.890205] e100: Intel(R) PRO/100 Network Driver
[    4.893486] e100: Copyright(c) 1999-2006 Intel Corporation
[    4.899823] e1000: Intel(R) PRO/1000 Network Driver
[    4.903220] e1000: Copyright (c) 1999-2006 Intel Corporation.
[    5.043080] ata2: found unknown device (class 0)
[    5.047799] ata1: found unknown device (class 0)
[    5.054300] ata1.00: ATA-7: QEMU HARDDISK, 2.5+, max UDMA/100
[    5.058051] ata1.00: 4194304 sectors, multi 16: LBA48 
[    5.061924] ata2.00: ATAPI: QEMU DVD-ROM, 2.5+, max UDMA/100
[    5.071229] scsi 0:0:0:0: Direct-Access     ATA      QEMU HARDDISK    2.5+ PQ: 0 ANSI: 5
[    5.082071] scsi 0:0:0:0: Attached scsi generic sg0 type 0
[    5.088215] scsi 1:0:0:0: CD-ROM            QEMU     QEMU DVD-ROM     2.5+ PQ: 0 ANSI: 5
[    5.088317] sd 0:0:0:0: [sda] 4194304 512-byte logical blocks: (2.15 GB/2.00 GiB)
[    5.104277] sd 0:0:0:0: [sda] Write Protect is off
[    5.109624] sd 0:0:0:0: [sda] Write cache: enabled, read cache: enabled, doesn't support DPO or FUA
[    5.115582] sd 0:0:0:0: [sda] Preferred minimum I/O size 512 bytes
[    5.133719] sd 0:0:0:0: [sda] Attached SCSI disk
[    5.148908] sr 1:0:0:0: [sr0] scsi3-mmc drive: 4x/4x cd/rw xa/form2 tray
[    5.152135] cdrom: Uniform CD-ROM driver Revision: 3.20
[    5.185228] sr 1:0:0:0: Attached scsi generic sg1 type 5
[    8.279073] ACPI: \_SB_.LNKC: Enabled at IRQ 11
[    8.982343] e1000 0000:00:03.0 eth0: (PCI:33MHz:32-bit) 52:54:00:12:34:56
[    8.986530] e1000 0000:00:03.0 eth0: Intel(R) PRO/1000 Network Connection
[    8.993358] e1000e: Intel(R) PRO/1000 Network Driver
[    8.996179] e1000e: Copyright(c) 1999 - 2015 Intel Corporation.
[    9.001068] sky2: driver version 1.30
[    9.011870] ehci_hcd: USB 2.0 'Enhanced' Host Controller (EHCI) Driver
[    9.016009] ehci-pci: EHCI PCI platform driver
[    9.019121] ohci_hcd: USB 1.1 'Open' Host Controller (OHCI) Driver
[    9.022650] ohci-pci: OHCI PCI platform driver
[    9.025464] uhci_hcd: USB Universal Host Controller Interface driver
[    9.031544] usbcore: registered new interface driver usblp
[    9.035505] usbcore: registered new interface driver usb-storage
[    9.041318] i8042: PNP: PS/2 Controller [PNP0303:KBD,PNP0f13:MOU] at 0x60,0x64 irq 1,12
[    9.055548] serio: i8042 KBD port at 0x60,0x64 irq 1
[    9.059401] serio: i8042 AUX port at 0x60,0x64 irq 12
[    9.070590] input: AT Translated Set 2 keyboard as /devices/platform/i8042/serio0/input/input1
[    9.078330] rtc_cmos 00:00: RTC can wake from S4
[    9.093827] rtc_cmos 00:00: registered as rtc0
[    9.098395] rtc_cmos 00:00: alarms up to one day, y3k, 114 bytes nvram, hpet irqs
[    9.113093] device-mapper: ioctl: 4.46.0-ioctl (2022-02-22) initialised: dm-devel@redhat.com
[    9.118496] intel_pstate: CPU model not supported
[    9.122137] hid: raw HID events driver (C) Jiri Kosina
[    9.128804] usbcore: registered new interface driver usbhid
[    9.131902] usbhid: USB HID core driver
[    9.154278] Initializing XFRM netlink socket
[    9.161438] NET: Registered PF_INET6 protocol family
[    9.179565] Segment Routing with IPv6
[    9.182041] In-situ OAM (IOAM) with IPv6
[    9.185857] sit: IPv6, IPv4 and MPLS over IPv4 tunneling driver
[    9.192783] NET: Registered PF_PACKET protocol family
[    9.198244] 9pnet: Installing 9P2000 support
[    9.202509] Key type dns_resolver registered
[    9.212846] IPI shorthand broadcast: enabled
[    9.215829] sched_clock: Marking stable (9122231221, 92729901)->(9458262011, -243300889)
[    9.223710] registered taskstats version 1
[    9.225991] Loading compiled-in X.509 certificates
[    9.234425] cryptomgr_test (51) used greatest stack depth: 30664 bytes left
[    9.250689] cryptomgr_test (64) used greatest stack depth: 30200 bytes left
[    9.263853] PM:   Magic number: 2:620:175
[    9.268577] acpi device:0b: hash matches
[    9.272162] printk: console [netcon0] enabled
[    9.275355] netconsole: network logging started
[    9.282666] cfg80211: Loading compiled-in X.509 certificates for regulatory database
[    9.296166] kworker/u4:1 (72) used greatest stack depth: 28664 bytes left
[    9.306437] cfg80211: Loaded X.509 cert 'sforshee: 00b28ddf47aef9cea7'
[    9.312417] platform regulatory.0: Direct firmware load for regulatory.db failed with error -2
[    9.317529] ALSA device list:
[    9.317848] cfg80211: failed to load regulatory.db
[    9.319858]   No soundcards found.
[    9.767504] input: ImExPS/2 Generic Explorer Mouse as /devices/platform/i8042/serio1/input/input3
[    9.771599] md: Waiting for all devices to be available before autodetect
[    9.773744] md: If you don't use raid, use raid=noautodetect
[    9.775499] md: Autodetecting RAID arrays.
[    9.776804] md: autorun ...
[    9.778118] md: ... autorun DONE.
[    9.810155] EXT4-fs (sda): INFO: recovery required on readonly filesystem
[    9.813027] EXT4-fs (sda): write access will be enabled during recovery
[    9.887886] EXT4-fs (sda): recovery complete
[    9.894309] EXT4-fs (sda): mounted filesystem with ordered data mode. Quota mode: none.
[    9.897506] VFS: Mounted root (ext4 filesystem) readonly on device 8:0.
[    9.905074] devtmpfs: mounted
[    9.921589] Freeing unused kernel image (initmem) memory: 2132K
[    9.924651] Write protecting the kernel read-only data: 57344k
[    9.949192] Freeing unused kernel image (text/rodata gap) memory: 2032K
[    9.957333] Freeing unused kernel image (rodata/data gap) memory: 1516K
[    9.960272] Run /sbin/init as init process
[   11.254848] SELinux:  Permission getrlimit in class process not defined in policy.
[   11.258114] SELinux:  Class process2 not defined in policy.
[   11.260560] SELinux:  Permission watch in class filesystem not defined in policy.
[   11.263602] SELinux:  Permission map in class file not defined in policy.
[   11.266238] SELinux:  Permission watch in class file not defined in policy.
[   11.269069] SELinux:  Permission watch_mount in class file not defined in policy.
[   11.272142] SELinux:  Permission watch_sb in class file not defined in policy.
[   11.274917] SELinux:  Permission watch_with_perm in class file not defined in policy.
[   11.277402] SELinux:  Permission watch_reads in class file not defined in policy.
[   11.279885] SELinux:  Permission map in class dir not defined in policy.
[   11.282666] SELinux:  Permission watch in class dir not defined in policy.
[   11.285449] SELinux:  Permission watch_mount in class dir not defined in policy.
[   11.288376] SELinux:  Permission watch_sb in class dir not defined in policy.
[   11.291137] SELinux:  Permission watch_with_perm in class dir not defined in policy.
[   11.294145] SELinux:  Permission watch_reads in class dir not defined in policy.
[   11.297018] SELinux:  Permission map in class lnk_file not defined in policy.
[   11.299552] SELinux:  Permission watch in class lnk_file not defined in policy.
[   11.302456] SELinux:  Permission watch_mount in class lnk_file not defined in policy.
[   11.305132] SELinux:  Permission watch_sb in class lnk_file not defined in policy.
[   11.308013] SELinux:  Permission watch_with_perm in class lnk_file not defined in policy.
[   11.311052] SELinux:  Permission watch_reads in class lnk_file not defined in policy.
[   11.313562] SELinux:  Permission map in class chr_file not defined in policy.
[   11.316228] SELinux:  Permission watch in class chr_file not defined in policy.
[   11.318935] SELinux:  Permission watch_mount in class chr_file not defined in policy.
[   11.321926] SELinux:  Permission watch_sb in class chr_file not defined in policy.
[   11.324456] SELinux:  Permission watch_with_perm in class chr_file not defined in policy.
[   11.327615] SELinux:  Permission watch_reads in class chr_file not defined in policy.
[   11.330471] SELinux:  Permission map in class blk_file not defined in policy.
[   11.333155] SELinux:  Permission watch in class blk_file not defined in policy.
[   11.336131] SELinux:  Permission watch_mount in class blk_file not defined in policy.
[   11.339099] SELinux:  Permission watch_sb in class blk_file not defined in policy.
[   11.341872] SELinux:  Permission watch_with_perm in class blk_file not defined in policy.
[   11.344406] SELinux:  Permission watch_reads in class blk_file not defined in policy.
[   11.346792] SELinux:  Permission map in class sock_file not defined in policy.
[   11.349069] SELinux:  Permission watch in class sock_file not defined in policy.
[   11.351438] SELinux:  Permission watch_mount in class sock_file not defined in policy.
[   11.354490] SELinux:  Permission watch_sb in class sock_file not defined in policy.
[   11.357432] SELinux:  Permission watch_with_perm in class sock_file not defined in policy.
[   11.360382] SELinux:  Permission watch_reads in class sock_file not defined in policy.
[   11.363123] SELinux:  Permission map in class fifo_file not defined in policy.
[   11.365712] SELinux:  Permission watch in class fifo_file not defined in policy.
[   11.368489] SELinux:  Permission watch_mount in class fifo_file not defined in policy.
[   11.371744] SELinux:  Permission watch_sb in class fifo_file not defined in policy.
[   11.374701] SELinux:  Permission watch_with_perm in class fifo_file not defined in policy.
[   11.377777] SELinux:  Permission watch_reads in class fifo_file not defined in policy.
[   11.380743] SELinux:  Permission map in class socket not defined in policy.
[   11.383353] SELinux:  Permission map in class tcp_socket not defined in policy.
[   11.386051] SELinux:  Permission map in class udp_socket not defined in policy.
[   11.388677] SELinux:  Permission map in class rawip_socket not defined in policy.
[   11.391563] SELinux:  Permission map in class netlink_socket not defined in policy.
[   11.394389] SELinux:  Permission map in class packet_socket not defined in policy.
[   11.397054] SELinux:  Permission map in class key_socket not defined in policy.
[   11.399857] SELinux:  Permission map in class unix_stream_socket not defined in policy.
[   11.402638] SELinux:  Permission map in class unix_dgram_socket not defined in policy.
[   11.405319] SELinux:  Permission map in class netlink_route_socket not defined in policy.
[   11.408450] SELinux:  Permission map in class netlink_tcpdiag_socket not defined in policy.
[   11.411404] SELinux:  Permission map in class netlink_nflog_socket not defined in policy.
[   11.414596] SELinux:  Permission map in class netlink_xfrm_socket not defined in policy.
[   11.417489] SELinux:  Permission map in class netlink_selinux_socket not defined in policy.
[   11.420399] SELinux:  Permission map in class netlink_iscsi_socket not defined in policy.
[   11.423622] SELinux:  Permission map in class netlink_audit_socket not defined in policy.
[   11.426851] SELinux:  Permission map in class netlink_fib_lookup_socket not defined in policy.
[   11.430104] SELinux:  Permission map in class netlink_connector_socket not defined in policy.
[   11.433520] SELinux:  Permission map in class netlink_netfilter_socket not defined in policy.
[   11.436854] SELinux:  Permission map in class netlink_dnrt_socket not defined in policy.
[   11.439858] SELinux:  Permission map in class netlink_kobject_uevent_socket not defined in policy.
[   11.443279] SELinux:  Permission map in class netlink_generic_socket not defined in policy.
[   11.446468] SELinux:  Permission map in class netlink_scsitransport_socket not defined in policy.
[   11.449792] SELinux:  Permission map in class netlink_rdma_socket not defined in policy.
[   11.452943] SELinux:  Permission map in class netlink_crypto_socket not defined in policy.
[   11.456181] SELinux:  Permission map in class appletalk_socket not defined in policy.
[   11.459180] SELinux:  Permission map in class dccp_socket not defined in policy.
[   11.462072] SELinux:  Permission perfmon in class capability2 not defined in policy.
[   11.464920] SELinux:  Permission bpf in class capability2 not defined in policy.
[   11.467856] SELinux:  Permission checkpoint_restore in class capability2 not defined in policy.
[   11.471358] SELinux:  Permission map in class tun_socket not defined in policy.
[   11.474351] SELinux:  Permission perfmon in class cap2_userns not defined in policy.
[   11.477423] SELinux:  Permission bpf in class cap2_userns not defined in policy.
[   11.480301] SELinux:  Permission checkpoint_restore in class cap2_userns not defined in policy.
[   11.483685] SELinux:  Class sctp_socket not defined in policy.
[   11.486140] SELinux:  Class icmp_socket not defined in policy.
[   11.488302] SELinux:  Class ax25_socket not defined in policy.
[   11.490501] SELinux:  Class ipx_socket not defined in policy.
[   11.492643] SELinux:  Class netrom_socket not defined in policy.
[   11.494807] SELinux:  Class atmpvc_socket not defined in policy.
[   11.496940] SELinux:  Class x25_socket not defined in policy.
[   11.499264] SELinux:  Class rose_socket not defined in policy.
[   11.501593] SELinux:  Class decnet_socket not defined in policy.
[   11.503738] SELinux:  Class atmsvc_socket not defined in policy.
[   11.505845] SELinux:  Class rds_socket not defined in policy.
[   11.507893] SELinux:  Class irda_socket not defined in policy.
[   11.510058] SELinux:  Class pppox_socket not defined in policy.
[   11.512292] SELinux:  Class llc_socket not defined in policy.
[   11.514576] SELinux:  Class can_socket not defined in policy.
[   11.516642] SELinux:  Class tipc_socket not defined in policy.
[   11.519018] SELinux:  Class bluetooth_socket not defined in policy.
[   11.521505] SELinux:  Class iucv_socket not defined in policy.
[   11.523756] SELinux:  Class rxrpc_socket not defined in policy.
[   11.526150] SELinux:  Class isdn_socket not defined in policy.
[   11.528406] SELinux:  Class phonet_socket not defined in policy.
[   11.530905] SELinux:  Class ieee802154_socket not defined in policy.
[   11.533419] SELinux:  Class caif_socket not defined in policy.
[   11.535013] SELinux:  Class alg_socket not defined in policy.
[   11.536859] SELinux:  Class nfc_socket not defined in policy.
[   11.539082] SELinux:  Class vsock_socket not defined in policy.
[   11.541463] SELinux:  Class kcm_socket not defined in policy.
[   11.543578] SELinux:  Class qipcrtr_socket not defined in policy.
[   11.546020] SELinux:  Class smc_socket not defined in policy.
[   11.548056] SELinux:  Class infiniband_pkey not defined in policy.
[   11.550264] SELinux:  Class infiniband_endport not defined in policy.
[   11.552491] SELinux:  Class bpf not defined in policy.
[   11.554447] SELinux:  Class xdp_socket not defined in policy.
[   11.556769] SELinux:  Class mctp_socket not defined in policy.
[   11.558925] SELinux:  Class perf_event not defined in policy.
[   11.560928] SELinux:  Class anon_inode not defined in policy.
[   11.563235] SELinux:  Class io_uring not defined in policy.
[   11.565436] SELinux: the above unknown classes and permissions will be allowed
[   11.622298] SELinux:  policy capability network_peer_controls=1
[   11.624584] SELinux:  policy capability open_perms=1
[   11.626287] SELinux:  policy capability extended_socket_class=0
[   11.628106] SELinux:  policy capability always_check_network=0
[   11.630016] SELinux:  policy capability cgroup_seclabel=0
[   11.631820] SELinux:  policy capability nnp_nosuid_transition=0
[   11.633873] SELinux:  policy capability genfs_seclabel_symlinks=0
[   11.636393] SELinux:  policy capability ioctl_skip_cloexec=0
[   11.754227] audit: type=1403 audit(1660216188.298:2): auid=4294967295 ses=4294967295 lsm=selinux res=1
[   11.777778] systemd[1]: Successfully loaded SELinux policy in 1.560898s.
[   11.845709] audit: type=1400 audit(1660216188.389:3): avc:  denied  { associate } for  pid=1 comm="systemd" name="pts" scontext=system_u:object_r:devpts_t:s0 tcontext=system_u:object_r:device_t:s0 tclass=filesystem permissive=1
[   11.899716] systemd[1]: Relabelled /dev and /run in 29.040ms.
[   12.182065] random: crng init done
[   12.221596] systemd[1]: systemd 232 running in system mode. (+PAM +AUDIT +SELINUX +IMA +APPARMOR +SMACK +SYSVINIT +UTMP +LIBCRYPTSETUP +GCRYPT +GNUTLS +ACL +XZ +LZ4 +SECCOMP +BLKID +ELFUTILS +KMOD +IDN)
[   12.230292] systemd[1]: Detected virtualization qemu.
[   12.232409] systemd[1]: Detected architecture x86-64.

Welcome to [1mDebian GNU/Linux 9 (stretch)[0m!

[   12.242525] systemd[1]: Set hostname to <syzkaller>.
[   12.371501] systemd-getty-g (80) used greatest stack depth: 27168 bytes left
[   12.435904] systemd-fstab-g (88) used greatest stack depth: 26464 bytes left
[   12.466432] grep (90) used greatest stack depth: 25896 bytes left
[   12.468417] selinux-autorel (84) used greatest stack depth: 25888 bytes left
[   12.785589] systemd[1]: Listening on Journal Socket (/dev/log).
[[0;32m  OK  [0m] Listening on Journal Socket (/dev/log).
[   12.793390] systemd[1]: Reached target Remote File Systems.
[[0;32m  OK  [0m] Reached target Remote File Systems.
[   12.800819] systemd[1]: Started Dispatch Password Requests to Console Directory Watch.
[[0;32m  OK  [0m] Started Dispatch Password Requests to Console Directory Watch.
[   12.810830] systemd[1]: Listening on /dev/initctl Compatibility Named Pipe.
[[0;32m  OK  [0m] Listening on /dev/initctl Compatibility Named Pipe.
[   12.822520] systemd[1]: Listening on udev Control Socket.
[[0;32m  OK  [0m] Listening on udev Control Socket.
[   12.829762] systemd[1]: Started Forward Password Requests to Wall Directory Watch.
[[0;32m  OK  [0m] Started Forward Password Requests to Wall Directory Watch.
[[0;32m  OK  [0m] Reached target Paths.
[[0;32m  OK  [0m] Listening on Journal Socket.
[[0;32m  OK  [0m] Reached target Encrypted Volumes.
[[0;32m  OK  [0m] Listening on Syslog Socket.
[[0;32m  OK  [0m] Created slice System Slice.
         Starting Remount Root and Kernel File Systems...
[[0;32m  OK  [0m] Reached target Slices.
         Starting Create Static Device Nodes in /dev...
         Mounting /sys/kernel/config...
         Mounting POSIX Message Queue File System...
[[0;32m  OK  [0m] Created slice system-serial\x2dgetty.slice.
[[0;32m  OK  [0m] Set up automount Arbitrary Executabâ€¦rmats File System Automount Point.
[   12.950124] EXT4-fs (sda): re-mounted. Quota mode: none.
         Mounting /proc/sys/fs/binfmt_misc...
         Starting Load Kernel Modules...
[   13.022499] audit: type=1400 audit(1660216189.567:4): avc:  denied  { audit_read } for  pid=1 comm="systemd" capability=37  scontext=system_u:system_r:kernel_t:s0 tcontext=system_u:system_r:kernel_t:s0 tclass=capability2 permissive=1
[[0;32m  OK  [0m] Listening on Journal Audit Socket.
         Starting Journal Service...
[[0;32m  OK  [0m] Listening on udev Kernel Socket.
[[0;32m  OK  [0m] Reached target Sockets.
         Mounting /sys/kernel/debug...
[[0;32m  OK  [0m] Created slice system-getty.slice.
[[0;32m  OK  [0m] Reached target Swap.
[[0;32m  OK  [0m] Mounted POSIX Message Queue File System.
[[0;32m  OK  [0m] Mounted /sys/kernel/debug.
[[0;32m  OK  [0m] Mounted /sys/kernel/config.
[[0;32m  OK  [0m] Mounted /proc/sys/fs/binfmt_misc.
[[0;32m  OK  [0m] Started Remount Root and Kernel File Systems.
[[0;32m  OK  [0m] Started Create Static Device Nodes in /dev.
[[0;32m  OK  [0m] Started Load Kernel Modules.
         Starting Apply Kernel Variables...
         Starting udev Kernel Device Manager...
         Starting Load/Save Random Seed...
[[0;32m  OK  [0m] Reached target Local File Systems (Pre).
         Starting udev Coldplug all Devices...
[[0;32m  OK  [0m] Reached target Local File Systems.
[[0;32m  OK  [0m] Started Apply Kernel Variables.
         Starting Raise network interfaces...
[[0;32m  OK  [0m] Started Load/Save Random Seed.
[[0;32m  OK  [0m] Started Journal Service.
         Starting Flush Journal to Persistent Storage...
[[0;32m  OK  [0m] Started udev Kernel Device Manager.
[   13.584354] audit: type=1107 audit(1660216190.128:5): pid=1 uid=0 auid=4294967295 ses=4294967295 subj=system_u:system_r:kernel_t:s0 msg='avc:  denied  { stop } for auid=n/a uid=0 gid=0 path="/lib/systemd/system/systemd-journald.service" cmdline="/bin/journalctl --flush" scontext=system_u:system_r:kernel_t:s0 tcontext=system_u:object_r:unlabeled_t:s0 tclass=service
[   13.584354]  exe="/lib/systemd/systemd" sauid=0 hostname=? addr=? terminal=?'
[   13.602619] systemd-journald[105]: Received request to flush runtime journal from PID 1
[[0;32m  OK  [0m] Started Flush Journal to Persistent Storage.
         Starting Create Volatile Files and Directories...
[   13.904727] systemd-tmpfile (130) used greatest stack depth: 25832 bytes left
[[0;32m  OK  [0m] Started Create Volatile Files and Directories.
         Starting Update UTMP about System Boot/Shutdown...
         Starting Network Time Synchronization...
[[0;32m  OK  [0m] Started Update UTMP about System Boot/Shutdown.
[[0;32m  OK  [0m] Started Network Time Synchronization.
[[0;32m  OK  [0m] Reached target System Time Synchronized.
[   14.476104] e1000: eth0 NIC Link is Up 1000 Mbps Full Duplex, Flow Control: RX
[   14.490701] IPv6: ADDRCONF(NETDEV_CHANGE): eth0: link becomes ready
[[0;32m  OK  [0m] Started udev Coldplug all Devices.
[[0;32m  OK  [0m] Found device /dev/ttyS0.
[[0;32m  OK  [0m] Reached target System Initialization.
[[0;32m  OK  [0m] Started Daily Cleanup of Temporary Directories.
[[0;32m  OK  [0m] Reached target Basic System.
[[0;32m  OK  [0m] Started Regular background program processing daemon.
         Starting getty on tty2-tty6 if dbus and logind are not available...
[[0;32m  OK  [0m] Started Daily apt download activities.
[[0;32m  OK  [0m] Started Daily apt upgrade and clean activities.
[[0;32m  OK  [0m] Reached target Timers.
         Starting System Logging Service...
[   15.556178] audit: type=1107 audit(1660216192.100:6): pid=1 uid=0 auid=4294967295 ses=4294967295 subj=system_u:system_r:kernel_t:s0 msg='avc:  denied  { start } for auid=n/a uid=0 gid=0 path="/lib/systemd/system/getty@.service" cmdline="/bin/systemctl --no-block start getty@tty2.service getty@tty3.service getty@tty4.service getty@tty5.service getty@tty6.service" scontext=system_u:system_r:kernel_t:s0 tcontext=system_u:object_r:unlabeled_t:s0 tclass=service
[   15.556178]  exe="/lib/systemd/systemd" sauid=0 hostname=? addr=? terminal=?'
[   15.616318] audit: type=1107 audit(1660216192.161:7): pid=1 uid=0 auid=4294967295 ses=4294967295 subj=system_u:system_r:kernel_t:s0 msg='avc:  denied  { status } for auid=n/a uid=0 gid=0 path="/lib/systemd/system/getty@.service" cmdline="/bin/systemctl --no-block start getty@tty2.service getty@tty3.service getty@tty4.service getty@tty5.service getty@tty6.service" scontext=system_u:system_r:kernel_t:s0 tcontext=system_u:object_r:unlabeled_t:s0 tclass=service
[   15.616318]  exe="/lib/systemd/systemd" sauid=0 hostname=? addr=? terminal=?'
[[0;32m  OK  [0m] Started System Logging Service.
[   15.733064] dhclient (160) used greatest stack depth: 25744 bytes left
[[0;32m  OK  [0m] Started getty on tty2-tty6 if dbus and logind are not available.
[[0;32m  OK  [0m] Listening on Load/Save RF Kill Switch Status /dev/rfkill Watch.
[[0;32m  OK  [0m] Started Raise network interfaces.
[[0;32m  OK  [0m] Reached target Network.
         Starting Permit User Sessions...
         Starting OpenBSD Secure Shell server...
[[0;32m  OK  [0m] Started Permit User Sessions.
[[0;32m  OK  [0m] Started Getty on tty5.
[[0;32m  OK  [0m] Started Serial Getty on ttyS0.
[[0;32m  OK  [0m] Started Getty on tty6.
[[0;32m  OK  [0m] Started Getty on tty4.
[[0;32m  OK  [0m] Started Getty on tty2.
[[0;32m  OK  [0m] Started Getty on tty3.
[[0;32m  OK  [0m] Started Getty on tty1.
[[0;32m  OK  [0m] Reached target Login Prompts.
[[0;32m  OK  [0m] Started OpenBSD Secure Shell server.
[[0;32m  OK  [0m] Reached target Multi-User System.
[[0;32m  OK  [0m] Reached target Graphical Interface.
         Starting Update UTMP about System Runlevel Changes...
[[0;32m  OK  [0m] Started Update UTMP about System Runlevel Changes.

Debian GNU/Linux 9 syzkaller ttyS0

syzkaller login: root
Unable to get valid context for root
Last login: Thu Aug 11 11:08:42 UTC 2022 on ttyS0
Linux syzkaller 5.19.0-rc8 #1 SMP PREEMPT_DYNAMIC Wed Aug 10 20:20:50 CST 2022 x86_64

The programs included with the Debian GNU/Linux system are free software;
the exact distribution terms for each program are described in the
individual files in /usr/share/doc/*/copyright.

Debian GNU/Linux comes with ABSOLUTELY NO WARRANTY, to the extent
permitted by applicable law.
root@syzkaller:~# cd fish/
root@syzkaller:~/fish# uname -r
5.19.0-rc8
root@syzkaller:~/fish# gcc CReproducer.c -o CReproducer
root@syzkaller:~/fish# ./CReproducer 
[   50.237882] audit: type=1400 audit(1660216226.924:8): avc:  denied  { execmem } for  pid=279 comm="CReproducer" scontext=system_u:system_r:kernel_t:s0 tcontext=system_u:system_r:kernel_t:s0 tclass=process permissive=1
[   50.393209] hrtimer: interrupt took 18998 ns
[   84.324400] rcu: INFO: rcu_preempt self-detected stall on CPU
[   84.328131] rcu: 	0-....: (1 GPs behind) idle=281/1/0x4000000000000000 softirq=3685/3686 fqs=4614 
[   84.331518] 	(t=21005 jiffies g=6453 q=103293 ncpus=2)
[   84.333644] NMI backtrace for cpu 0
[   84.335275] CPU: 0 PID: 3177 Comm: CReproducer Not tainted 5.19.0-rc8 #1
[   84.337663] Hardware name: QEMU Standard PC (i440FX + PIIX, 1996), BIOS 1.13.0-1ubuntu1.1 04/01/2014
[   84.340983] Call Trace:
[   84.342234]  <IRQ>
[   84.343050]  dump_stack_lvl+0x4d/0x66
[   84.345387]  nmi_cpu_backtrace.cold+0xd0/0xd5
[   84.346993]  ? _raw_read_lock_bh+0x40/0x40
[   84.348639]  ? lapic_can_unplug_cpu+0x80/0x80
[   84.350444]  nmi_trigger_cpumask_backtrace+0x1a9/0x1e0
[   84.352417]  rcu_dump_cpu_stacks+0x208/0x2f0
[   84.354077]  rcu_sched_clock_irq.cold+0xce/0x746
[   84.355840]  ? timekeeping_update+0x318/0x450
[   84.357521]  ? _raw_spin_unlock_irqrestore+0x3d/0x80
[   84.359306]  ? rcutree_dead_cpu+0x20/0x20
[   84.360807]  ? do_settimeofday64+0x400/0x400
[   84.362466]  ? _raw_spin_lock+0x82/0xe0
[   84.363972]  ? tick_sched_handle.isra.0+0x150/0x150
[   84.365913]  ? tick_sched_handle.isra.0+0x150/0x150
[   84.367730]  update_process_times+0xfa/0x170
[   84.369414]  tick_sched_handle.isra.0+0x105/0x150
[   84.371266]  tick_sched_timer+0xda/0x110
[   84.372686]  __hrtimer_run_queues+0x2e2/0x700
[   84.374367]  ? enqueue_hrtimer+0x1f0/0x1f0
[   84.375876]  ? kvm_clock_read+0x14/0x30
[   84.377359]  ? ktime_get_update_offsets_now+0x17f/0x250
[   84.379385]  hrtimer_interrupt+0x2f3/0x700
[   84.380914]  __sysvec_apic_timer_interrupt+0x114/0x370
[   84.383011]  sysvec_apic_timer_interrupt+0x3b/0xc0
[   84.384784]  asm_sysvec_apic_timer_interrupt+0x16/0x20
[   84.386633] RIP: 0010:rcu_core+0xc7f/0x1750
[   84.388394] Code: b8 00 00 00 00 00 fc ff df 48 c1 ea 03 80 3c 02 00 0f 85 f2 09 00 00 49 8b 54 24 08 4c 89 c9 4c 89 e6 4c 89 ef e8 b1 06 ff ff <45> 84 ff 0f 84 f9 f5 ff ff e8 13 f8 fe ff e9 ef f5 ff ff fb e9 92
[   84.395143] RSP: 0018:ffff88806d209e78 EFLAGS: 00010282
[   84.397145] RAX: 0000000000000101 RBX: ffff88806d236b80 RCX: 0000000000000000
[   84.399662] RDX: 0000000000000102 RSI: 0000000000000246 RDI: 0000000000000001
[   84.402276] RBP: ffff88806d236bf8 R08: 0000000000035e80 R09: ffffed100da66db9
[   84.404808] R10: ffff88806d336dc7 R11: ffffed100da66db8 R12: ffffffffa97d8d40
[   84.407464] R13: 0000000000000001 R14: ffffffffa97d8d40 R15: 0000000000000000
[   84.410231]  ? rcu_core+0xc7f/0x1750
[   84.411630]  ? irq_exit_rcu+0x26/0x100
[   84.413098]  ? sysvec_apic_timer_interrupt+0x40/0xc0
[   84.414953]  ? asm_sysvec_apic_timer_interrupt+0x16/0x20
[   84.416913]  ? rcu_note_context_switch+0x1750/0x1750
[   84.418783]  ? rcu_core+0x1750/0x1750
[   84.420157]  __do_softirq+0x1a5/0x58a
[   84.421687]  irq_exit_rcu+0xc0/0x100
[   84.423026]  sysvec_apic_timer_interrupt+0x8e/0xc0
[   84.424788]  </IRQ>
[   84.425585]  <TASK>
[   84.426417]  asm_sysvec_apic_timer_interrupt+0x16/0x20
[   84.428137] RIP: 0010:finish_task_switch+0x170/0x6d0
[   84.429828] Code: 00 0f 85 96 04 00 00 49 8b 9c 24 c0 09 00 00 48 85 db 0f 85 d0 02 00 00 4c 89 e7 e8 ea 2e 80 02 fb 65 48 8b 1c 25 00 6d 02 00 <48> 8d bb 68 0a 00 00 48 b8 00 00 00 00 00 fc ff df 48 89 fa 48 c1
[   84.436060] RSP: 0018:ffff88800e227be0 EFLAGS: 00000286
[   84.438013] RAX: 0000000080000001 RBX: ffff88800df28f00 RCX: 0000000000000000
[   84.440464] RDX: 0000000000000002 RSI: 0000000000000000 RDI: 0000000000000001
[   84.443035] RBP: ffff88800e227c20 R08: 0000000000000001 R09: fffffbfff53afcdf
[   84.445544] R10: ffffffffa9d7e6f3 R11: fffffbfff53afcde R12: ffff88806d235e80
[   84.448060] R13: ffff8880011d4b00 R14: ffff888001a35680 R15: ffff88806d2367c0
[   84.450637]  ? __switch_to+0x5c1/0xe10
[   84.452160]  ? __switch_to_asm+0x42/0x70
[   84.453749]  __schedule+0x88b/0x1b40
[   84.455170]  ? __sched_text_start+0x8/0x8
[   84.456665]  ? exclusive_event_installable+0x1a1/0x220
[   84.458641]  ? __cond_resched+0x17/0x30
[   84.459998]  preempt_schedule_common+0x4a/0xd0
[   84.461661]  __cond_resched+0x17/0x30
[   84.463071]  mutex_lock+0x64/0xe0
[   84.464514]  ? __mutex_lock_slowpath+0x10/0x10
[   84.466230]  ? __mutex_unlock_slowpath.isra.0+0x2c0/0x2c0
[   84.468224]  __do_sys_perf_event_open+0x1693/0x23e0
[   84.470126]  ? perf_compat_ioctl+0x70/0x70
[   84.471630]  ? kasan_unpoison+0x23/0x50
[   84.473233]  ? fpregs_assert_state_consistent+0x7c/0xc0
[   84.475239]  ? exit_to_user_mode_prepare+0x36/0x130
[   84.477132]  do_syscall_64+0x3b/0x90
[   84.478511]  entry_SYSCALL_64_after_hwframe+0x63/0xcd
[   84.480406] RIP: 0033:0x7f8a2b78e469
[   84.481917] Code: 00 f3 c3 66 2e 0f 1f 84 00 00 00 00 00 0f 1f 40 00 48 89 f8 48 89 f7 48 89 d6 48 89 ca 4d 89 c2 4d 89 c8 4c 8b 4c 24 08 0f 05 <48> 3d 01 f0 ff ff 73 01 c3 48 8b 0d ff 49 2b 00 f7 d8 64 89 01 48
[   84.488290] RSP: 002b:00007ffd0f9af7b8 EFLAGS: 00000246 ORIG_RAX: 000000000000012a
[   84.490850] RAX: ffffffffffffffda RBX: 0000000000000000 RCX: 00007f8a2b78e469
[   84.493323] RDX: 0000000000000000 RSI: 0000000000000000 RDI: 0000000020000080
[   84.495871] RBP: 00007ffd0f9af7d0 R08: 0000000000000000 R09: 00007ffd0f9af7d0
[   84.498617] R10: 00000000ffffffff R11: 0000000000000246 R12: 0000565366200ce0
[   84.501410] R13: 00007ffd0f9af8f0 R14: 0000000000000000 R15: 0000000000000000
[   84.503873]  </TASK>
[  147.336636] rcu: INFO: rcu_preempt self-detected stall on CPU
[  147.340441] rcu: 	0-....: (1 GPs behind) idle=281/1/0x4000000000000000 softirq=3685/3686 fqs=16802 
[  147.343748] 	(t=84019 jiffies g=6453 q=387786 ncpus=2)
[  147.345781] NMI backtrace for cpu 0
[  147.347187] CPU: 0 PID: 3177 Comm: CReproducer Not tainted 5.19.0-rc8 #1
[  147.349233] Hardware name: QEMU Standard PC (i440FX + PIIX, 1996), BIOS 1.13.0-1ubuntu1.1 04/01/2014
[  147.352231] Call Trace:
[  147.353436]  <IRQ>
[  147.354199]  dump_stack_lvl+0x4d/0x66
[  147.356279]  nmi_cpu_backtrace.cold+0xd0/0xd5
[  147.357843]  ? _raw_read_lock_bh+0x40/0x40
[  147.359589]  ? lapic_can_unplug_cpu+0x80/0x80
[  147.361297]  nmi_trigger_cpumask_backtrace+0x1a9/0x1e0
[  147.363066]  rcu_dump_cpu_stacks+0x208/0x2f0
[  147.364404]  rcu_sched_clock_irq.cold+0xce/0x746
[  147.365735]  ? timekeeping_update+0x318/0x450
[  147.367010]  ? _raw_spin_unlock_irqrestore+0x3d/0x80
[  147.368415]  ? rcutree_dead_cpu+0x20/0x20
[  147.369527]  ? do_settimeofday64+0x400/0x400
[  147.370589]  ? _raw_spin_lock+0x82/0xe0
[  147.371741]  ? tick_sched_handle.isra.0+0x150/0x150
[  147.373337]  ? tick_sched_handle.isra.0+0x150/0x150
[  147.374885]  update_process_times+0xfa/0x170
[  147.376343]  tick_sched_handle.isra.0+0x105/0x150
[  147.377924]  tick_sched_timer+0xda/0x110
[  147.379205]  __hrtimer_run_queues+0x2e2/0x700
[  147.380691]  ? enqueue_hrtimer+0x1f0/0x1f0
[  147.382024]  ? kvm_clock_read+0x14/0x30
[  147.383321]  ? ktime_get_update_offsets_now+0x17f/0x250
[  147.385055]  hrtimer_interrupt+0x2f3/0x700
[  147.386383]  __sysvec_apic_timer_interrupt+0x114/0x370
[  147.388416]  sysvec_apic_timer_interrupt+0x89/0xc0
[  147.390161]  </IRQ>
[  147.390904]  <TASK>
[  147.391666]  asm_sysvec_apic_timer_interrupt+0x16/0x20
[  147.393164] RIP: 0010:finish_task_switch+0x170/0x6d0
[  147.395297] Code: 00 0f 85 96 04 00 00 49 8b 9c 24 c0 09 00 00 48 85 db 0f 85 d0 02 00 00 4c 89 e7 e8 ea 2e 80 02 fb 65 48 8b 1c 25 00 6d 02 00 <48> 8d bb 68 0a 00 00 48 b8 00 00 00 00 00 fc ff df 48 89 fa 48 c1
[  147.401622] RSP: 0018:ffff88800e227be0 EFLAGS: 00000286
[  147.403339] RAX: 0000000080000001 RBX: ffff88800df28f00 RCX: 0000000000000000
[  147.405407] RDX: 0000000000000002 RSI: 0000000000000000 RDI: 0000000000000001
[  147.407508] RBP: ffff88800e227c20 R08: 0000000000000001 R09: fffffbfff53afcdf
[  147.409902] R10: ffffffffa9d7e6f3 R11: fffffbfff53afcde R12: ffff88806d235e80
[  147.411976] R13: ffff8880011d4b00 R14: ffff888001a35680 R15: ffff88806d2367c0
[  147.414217]  ? __switch_to+0x5c1/0xe10
[  147.415442]  ? __switch_to_asm+0x42/0x70
[  147.416834]  __schedule+0x88b/0x1b40
[  147.418037]  ? __sched_text_start+0x8/0x8
[  147.419193]  ? exclusive_event_installable+0x1a1/0x220
[  147.420777]  ? __cond_resched+0x17/0x30
[  147.422075]  preempt_schedule_common+0x4a/0xd0
[  147.423509]  __cond_resched+0x17/0x30
[  147.424637]  mutex_lock+0x64/0xe0
[  147.425654]  ? __mutex_lock_slowpath+0x10/0x10
[  147.427052]  ? __mutex_unlock_slowpath.isra.0+0x2c0/0x2c0
[  147.428589]  __do_sys_perf_event_open+0x1693/0x23e0
[  147.430045]  ? perf_compat_ioctl+0x70/0x70
[  147.431378]  ? kasan_unpoison+0x23/0x50
[  147.432769]  ? fpregs_assert_state_consistent+0x7c/0xc0
[  147.434515]  ? exit_to_user_mode_prepare+0x36/0x130
[  147.436129]  do_syscall_64+0x3b/0x90
[  147.437308]  entry_SYSCALL_64_after_hwframe+0x63/0xcd
[  147.438960] RIP: 0033:0x7f8a2b78e469
[  147.440243] Code: 00 f3 c3 66 2e 0f 1f 84 00 00 00 00 00 0f 1f 40 00 48 89 f8 48 89 f7 48 89 d6 48 89 ca 4d 89 c2 4d 89 c8 4c 8b 4c 24 08 0f 05 <48> 3d 01 f0 ff ff 73 01 c3 48 8b 0d ff 49 2b 00 f7 d8 64 89 01 48
[  147.446229] RSP: 002b:00007ffd0f9af7b8 EFLAGS: 00000246 ORIG_RAX: 000000000000012a
[  147.448422] RAX: ffffffffffffffda RBX: 0000000000000000 RCX: 00007f8a2b78e469
[  147.450598] RDX: 0000000000000000 RSI: 0000000000000000 RDI: 0000000020000080
[  147.452633] RBP: 00007ffd0f9af7d0 R08: 0000000000000000 R09: 00007ffd0f9af7d0
[  147.454741] R10: 00000000ffffffff R11: 0000000000000246 R12: 0000565366200ce0
[  147.456817] R13: 00007ffd0f9af8f0 R14: 0000000000000000 R15: 0000000000000000
[  147.458873]  </TASK>
[  210.350763] rcu: INFO: rcu_preempt self-detected stall on CPU
[  210.355024] rcu: 	0-....: (1 GPs behind) idle=281/1/0x4000000000000000 softirq=3685/3686 fqs=29792 
[  210.358780] 	(t=147033 jiffies g=6453 q=572481 ncpus=2)
[  210.361183] NMI backtrace for cpu 0
[  210.363080] CPU: 0 PID: 3177 Comm: CReproducer Not tainted 5.19.0-rc8 #1
[  210.365734] Hardware name: QEMU Standard PC (i440FX + PIIX, 1996), BIOS 1.13.0-1ubuntu1.1 04/01/2014
[  210.369450] Call Trace:
[  210.370729]  <IRQ>
[  210.371655]  dump_stack_lvl+0x4d/0x66
[  210.374078]  nmi_cpu_backtrace.cold+0xd0/0xd5
[  210.375895]  ? _raw_read_lock_bh+0x40/0x40
[  210.377651]  ? lapic_can_unplug_cpu+0x80/0x80
[  210.379717]  nmi_trigger_cpumask_backtrace+0x1a9/0x1e0
[  210.381995]  rcu_dump_cpu_stacks+0x208/0x2f0
[  210.384030]  rcu_sched_clock_irq.cold+0xce/0x746
[  210.385724]  ? timekeeping_update+0x318/0x450
[  210.387588]  ? _raw_spin_unlock_irqrestore+0x3d/0x80
[  210.389671]  ? rcutree_dead_cpu+0x20/0x20
[  210.391306]  ? do_settimeofday64+0x400/0x400
[  210.393017]  ? _raw_spin_lock+0x82/0xe0
[  210.394618]  ? tick_sched_handle.isra.0+0x150/0x150
[  210.396731]  ? tick_sched_handle.isra.0+0x150/0x150
[  210.398757]  update_process_times+0xfa/0x170
[  210.400401]  tick_sched_handle.isra.0+0x105/0x150
[  210.402343]  tick_sched_timer+0xda/0x110
[  210.403898]  __hrtimer_run_queues+0x2e2/0x700
[  210.405749]  ? enqueue_hrtimer+0x1f0/0x1f0
[  210.407476]  ? kvm_clock_read+0x14/0x30
[  210.409090]  ? ktime_get_update_offsets_now+0x17f/0x250
[  210.411301]  hrtimer_interrupt+0x2f3/0x700
[  210.412961]  __sysvec_apic_timer_interrupt+0x114/0x370
[  210.415190]  sysvec_apic_timer_interrupt+0x89/0xc0
[  210.417237]  </IRQ>
[  210.418129]  <TASK>
[  210.419009]  asm_sysvec_apic_timer_interrupt+0x16/0x20
[  210.421122] RIP: 0010:__stack_depot_save+0x118/0x470
[  210.423349] Code: 00 00 83 f9 03 0f 84 81 01 00 00 83 f9 01 0f 84 36 01 00 00 48 8b 05 97 26 ad 03 89 da 81 e2 ff ff 0f 00 4c 8d 04 d0 4d 8b 38 <4d> 85 ff 74 28 41 8d 4e ff eb 08 4d 8b 3f 4d 85 ff 74 1a 41 39 5f
[  210.430672] RSP: 0018:ffff88800e227908 EFLAGS: 00000202
[  210.433019] RAX: ffff88806c700000 RBX: 0000000003afb554 RCX: 0000000000000002
[  210.435735] RDX: 00000000000fb554 RSI: 000000006d2a0151 RDI: 00000000cd2cf709
[  210.438559] RBP: 0000000000000001 R08: ffff88806cedaaa0 R09: ffffffffaa40bf28
[  210.441434] R10: ffff88800e22788f R11: 000000000002c037 R12: 0000000000000800
[  210.444331] R13: ffff88800e227958 R14: 000000000000000d R15: 0000000000000000
[  210.447181]  ? __stack_depot_save+0x34/0x470
[  210.448972]  ? finish_task_switch+0x3f7/0x6d0
[  210.450901]  kasan_save_stack+0x2e/0x40
[  210.452677]  ? kasan_save_stack+0x1e/0x40
[  210.454371]  ? kasan_set_track+0x21/0x30
[  210.456066]  ? kasan_set_free_info+0x20/0x40
[  210.457856]  ? __kasan_slab_free+0x10c/0x170
[  210.459699]  ? kmem_cache_free+0x9a/0x320
[  210.461338]  ? finish_task_switch+0x3f7/0x6d0
[  210.463127]  ? __schedule+0x88b/0x1b40
[  210.464738]  ? preempt_schedule_common+0x4a/0xd0
[  210.466724]  ? __cond_resched+0x17/0x30
[  210.468318]  ? mutex_lock+0x64/0xe0
[  210.469763]  ? __do_sys_perf_event_open+0x1693/0x23e0
[  210.471913]  ? do_syscall_64+0x3b/0x90
[  210.473148]  ? entry_SYSCALL_64_after_hwframe+0x63/0xcd
[  210.474807]  ? ctx_sched_in+0xa0/0x6a0
[  210.475884]  ? event_sched_out.isra.0.part.0+0x6ed/0xa00
[  210.477338]  ? visit_groups_merge.constprop.0+0xe10/0xe10
[  210.478857]  ? _raw_spin_lock+0x82/0xe0
[  210.480103]  ? _raw_spin_lock_irqsave+0xe0/0xe0
[  210.481554]  ? sysvec_apic_timer_interrupt+0x9b/0xc0
[  210.482924]  ? asm_sysvec_apic_timer_interrupt+0x16/0x20
[  210.484726]  kasan_set_track+0x21/0x30
[  210.486107]  kasan_set_free_info+0x20/0x40
[  210.487618]  __kasan_slab_free+0x10c/0x170
[  210.489186]  ? finish_task_switch+0x3f7/0x6d0
[  210.490361]  kmem_cache_free+0x9a/0x320
[  210.491313]  finish_task_switch+0x3f7/0x6d0
[  210.492592]  ? __switch_to+0x5c1/0xe10
[  210.493728]  ? __switch_to_asm+0x42/0x70
[  210.494949]  __schedule+0x88b/0x1b40
[  210.496260]  ? __sched_text_start+0x8/0x8
[  210.497629]  ? exclusive_event_installable+0x1a1/0x220
[  210.499816]  ? __cond_resched+0x17/0x30
[  210.501375]  preempt_schedule_common+0x4a/0xd0
[  210.503204]  __cond_resched+0x17/0x30
[  210.504752]  mutex_lock+0x64/0xe0
[  210.506298]  ? __mutex_lock_slowpath+0x10/0x10
[  210.508079]  ? __mutex_unlock_slowpath.isra.0+0x2c0/0x2c0
[  210.510276]  __do_sys_perf_event_open+0x1693/0x23e0
[  210.512364]  ? perf_compat_ioctl+0x70/0x70
[  210.514057]  ? kasan_unpoison+0x23/0x50
[  210.515696]  ? fpregs_assert_state_consistent+0x7c/0xc0
[  210.517855]  ? exit_to_user_mode_prepare+0x36/0x130
[  210.519761]  do_syscall_64+0x3b/0x90
[  210.521229]  entry_SYSCALL_64_after_hwframe+0x63/0xcd
[  210.522965] RIP: 0033:0x7f8a2b78e469
[  210.524549] Code: Unable to access opcode bytes at RIP 0x7f8a2b78e43f.
[  210.527001] RSP: 002b:00007ffd0f9af7b8 EFLAGS: 00000246 ORIG_RAX: 000000000000012a
[  210.529947] RAX: ffffffffffffffda RBX: 0000000000000000 RCX: 00007f8a2b78e469
[  210.532817] RDX: 0000000000000000 RSI: 0000000000000000 RDI: 0000000020000080
[  210.535642] RBP: 00007ffd0f9af7d0 R08: 0000000000000000 R09: 00007ffd0f9af7d0
[  210.538195] R10: 00000000ffffffff R11: 0000000000000246 R12: 0000565366200ce0
[  210.540632] R13: 00007ffd0f9af8f0 R14: 0000000000000000 R15: 0000000000000000
[  210.543053]  </TASK>
QEMU: Terminated
