qemu-system-x86_64: warning: host doesn't support requested feature: CPUID.80000001H:ECX.svm [bit 2]
qemu-system-x86_64: warning: host doesn't support requested feature: CPUID.80000001H:ECX.svm [bit 2]
c[?7l[2J[0mSeaBIOS (version 1.13.0-1ubuntu1.1)


iPXE (http://ipxe.org) 00:03.0 CA00 PCI2.10 PnP PMM+7FF8C8A0+7FECC8A0 CA00[05;75HPress Ctrl-B to configure iPXE (PCI 00:03.0)...                                                                               


Booting from ROM...
c[?7l[2JWrong EFI loader signature.
early console in extract_kernel
input_data: 0x000000000487c40d
input_len: 0x000000000162cf25
output: 0x0000000001000000
output_len: 0x0000000004e3a368
kernel_total_size: 0x0000000004a30000
needed_size: 0x0000000005000000
trampoline_32bit: 0x000000000009d000
Physical KASLR using RDTSC...
Virtual KASLR using RDTSC...

Decompressing Linux... Parsing ELF... Performing relocations... done.
Booting the kernel.
[    0.000000] Linux version 5.15.39 (root@fuzz-virtual-machine) (gcc (Ubuntu 9.4.0-1ubuntu1~20.04.1) 9.4.0, GNU ld (GNU Binutils for Ubuntu) 2.34) #1 SMP Thu Aug 25 19:01:05 CST 2022 ()
[    0.000000] Command line: console=ttyS0 root=/dev/sda earlyprintk=serial net.ifnames=0
[    0.000000] x86/fpu: x87 FPU will use FXSAVE
[    0.000000] signal: max sigframe size: 1440
[    0.000000] BIOS-provided physical RAM map:
[    0.000000] BIOS-e820: [mem 0x0000000000000000-0x000000000009fbff] usable
[    0.000000] BIOS-e820: [mem 0x000000000009fc00-0x000000000009ffff] reserved
[    0.000000] BIOS-e820: [mem 0x00000000000f0000-0x00000000000fffff] reserved
[    0.000000] BIOS-e820: [mem 0x0000000000100000-0x000000007ffdffff] usable
[    0.000000] BIOS-e820: [mem 0x000000007ffe0000-0x000000007fffffff] reserved
[    0.000000] BIOS-e820: [mem 0x00000000feffc000-0x00000000feffffff] reserved
[    0.000000] BIOS-e820: [mem 0x00000000fffc0000-0x00000000ffffffff] reserved
[    0.000000] printk: bootconsole [earlyser0] enabled
[    0.000000] NX (Execute Disable) protection: active
[    0.000000] SMBIOS 2.8 present.
[    0.000000] DMI: QEMU Standard PC (i440FX + PIIX, 1996), BIOS 1.13.0-1ubuntu1.1 04/01/2014
[    0.000000] Hypervisor detected: KVM
[    0.000000] kvm-clock: Using msrs 4b564d01 and 4b564d00
[    0.000000] kvm-clock: cpu 0, msr 16286001, primary cpu clock
[    0.000040] kvm-clock: using sched offset of 1193169935 cycles
[    0.002595] clocksource: kvm-clock: mask: 0xffffffffffffffff max_cycles: 0x1cd42e4dffb, max_idle_ns: 881590591483 ns
[    0.009444] tsc: Detected 2194.842 MHz processor
[    0.017131] last_pfn = 0x7ffe0 max_arch_pfn = 0x400000000
[    0.019766] x86/PAT: PAT not supported by the CPU.
[    0.021810] x86/PAT: Configuration [0-7]: WB  WT  UC- UC  WB  WT  UC- UC  
[    0.038944] found SMP MP-table at [mem 0x000f5c80-0x000f5c8f]
[    0.042365] ACPI: Early table checksum verification disabled
[    0.044898] ACPI: RSDP 0x00000000000F5A70 000014 (v00 BOCHS )
[    0.047401] ACPI: RSDT 0x000000007FFE15C9 000030 (v01 BOCHS  BXPCRSDT 00000001 BXPC 00000001)
[    0.051037] ACPI: FACP 0x000000007FFE149D 000074 (v01 BOCHS  BXPCFACP 00000001 BXPC 00000001)
[    0.054614] ACPI: DSDT 0x000000007FFE0040 00145D (v01 BOCHS  BXPCDSDT 00000001 BXPC 00000001)
[    0.058177] ACPI: FACS 0x000000007FFE0000 000040
[    0.060087] ACPI: APIC 0x000000007FFE1511 000080 (v01 BOCHS  BXPCAPIC 00000001 BXPC 00000001)
[    0.063605] ACPI: HPET 0x000000007FFE1591 000038 (v01 BOCHS  BXPCHPET 00000001 BXPC 00000001)
[    0.067087] ACPI: Reserving FACP table memory at [mem 0x7ffe149d-0x7ffe1510]
[    0.069930] ACPI: Reserving DSDT table memory at [mem 0x7ffe0040-0x7ffe149c]
[    0.072786] ACPI: Reserving FACS table memory at [mem 0x7ffe0000-0x7ffe003f]
[    0.075606] ACPI: Reserving APIC table memory at [mem 0x7ffe1511-0x7ffe1590]
[    0.078426] ACPI: Reserving HPET table memory at [mem 0x7ffe1591-0x7ffe15c8]
[    0.083284] No NUMA configuration found
[    0.084827] Faking a node at [mem 0x0000000000000000-0x000000007ffdffff]
[    0.087556] NODE_DATA(0) allocated [mem 0x7ffdc000-0x7ffdffff]
[    0.090232] Zone ranges:
[    0.091253]   DMA      [mem 0x0000000000001000-0x0000000000ffffff]
[    0.093726]   DMA32    [mem 0x0000000001000000-0x000000007ffdffff]
[    0.096241]   Normal   empty
[    0.097408] Movable zone start for each node
[    0.099183] Early memory node ranges
[    0.100603]   node   0: [mem 0x0000000000001000-0x000000000009efff]
[    0.103207]   node   0: [mem 0x0000000000100000-0x000000007ffdffff]
[    0.105766] Initmem setup node 0 [mem 0x0000000000001000-0x000000007ffdffff]
[    0.109334] On node 0, zone DMA: 1 pages in unavailable ranges
[    0.110145] On node 0, zone DMA: 97 pages in unavailable ranges
[    0.229568] On node 0, zone DMA32: 32 pages in unavailable ranges
[    0.991886] kasan: KernelAddressSanitizer initialized
[    1.003837] ACPI: PM-Timer IO Port: 0x608
[    1.005882] ACPI: LAPIC_NMI (acpi_id[0xff] dfl dfl lint[0x1])
[    1.009000] IOAPIC[0]: apic_id 0, version 17, address 0xfec00000, GSI 0-23
[    1.011856] ACPI: INT_SRC_OVR (bus 0 bus_irq 0 global_irq 2 dfl dfl)
[    1.014498] ACPI: INT_SRC_OVR (bus 0 bus_irq 5 global_irq 5 high level)
[    1.017121] ACPI: INT_SRC_OVR (bus 0 bus_irq 9 global_irq 9 high level)
[    1.019937] ACPI: INT_SRC_OVR (bus 0 bus_irq 10 global_irq 10 high level)
[    1.022741] ACPI: INT_SRC_OVR (bus 0 bus_irq 11 global_irq 11 high level)
[    1.025567] ACPI: Using ACPI (MADT) for SMP configuration information
[    1.028247] ACPI: HPET id: 0x8086a201 base: 0xfed00000
[    1.030948] smpboot: Allowing 2 CPUs, 0 hotplug CPUs
[    1.034502] PM: hibernation: Registered nosave memory: [mem 0x00000000-0x00000fff]
[    1.037561] PM: hibernation: Registered nosave memory: [mem 0x0009f000-0x0009ffff]
[    1.040594] PM: hibernation: Registered nosave memory: [mem 0x000a0000-0x000effff]
[    1.043639] PM: hibernation: Registered nosave memory: [mem 0x000f0000-0x000fffff]
[    1.046764] [mem 0x80000000-0xfeffbfff] available for PCI devices
[    1.049338] Booting paravirtualized kernel on KVM
[    1.051713] clocksource: refined-jiffies: mask: 0xffffffff max_cycles: 0xffffffff, max_idle_ns: 1910969940391419 ns
[    1.091671] setup_percpu: NR_CPUS:64 nr_cpumask_bits:64 nr_cpu_ids:2 nr_node_ids:1
[    1.101065] percpu: Embedded 64 pages/cpu s224216 r8192 d29736 u1048576
[    1.104381] kvm-guest: stealtime: cpu 0, msr 6d227140
[    1.106753] Built 1 zonelists, mobility grouping on.  Total pages: 515808
[    1.109579] Policy zone: DMA32
[    1.110855] Kernel command line: console=ttyS0 root=/dev/sda earlyprintk=serial net.ifnames=0
[    1.121575] Dentry cache hash table entries: 262144 (order: 9, 2097152 bytes, linear)
[    1.125582] Inode-cache hash table entries: 131072 (order: 8, 1048576 bytes, linear)
[    1.129511] mem auto-init: stack:off, heap alloc:off, heap free:off
[    1.207321] Memory: 1701340K/2096632K available (45070K kernel code, 7462K rwdata, 8292K rodata, 1924K init, 1652K bss, 395036K reserved, 0K cma-reserved)
[    1.213854] SLUB: HWalign=64, Order=0-3, MinObjects=0, CPUs=2, Nodes=1
[    1.216680] Kernel/User page tables isolation: enabled
[    1.222394] rcu: Hierarchical RCU implementation.
[    1.224332] rcu: 	RCU event tracing is enabled.
[    1.226120] rcu: 	RCU restricting CPUs from NR_CPUS=64 to nr_cpu_ids=2.
[    1.228801] rcu: RCU calculated value of scheduler-enlistment delay is 100 jiffies.
[    1.231855] rcu: Adjusting geometry for rcu_fanout_leaf=16, nr_cpu_ids=2
[    1.254446] NR_IRQS: 4352, nr_irqs: 440, preallocated irqs: 16
[    1.258525] random: get_random_bytes called from start_kernel+0x206/0x3fb with crng_init=0
[    1.291790] Console: colour VGA+ 80x25
[    1.297173] printk: console [ttyS0] enabled
[    1.297173] printk: console [ttyS0] enabled
[    1.300552] printk: bootconsole [earlyser0] disabled
[    1.300552] printk: bootconsole [earlyser0] disabled
[    1.304771] ACPI: Core revision 20210730
[    1.308215] clocksource: hpet: mask: 0xffffffff max_cycles: 0xffffffff, max_idle_ns: 19112604467 ns
[    1.313197] APIC: Switch to symmetric I/O mode setup
[    1.324236] ..TIMER: vector=0x30 apic1=0 pin1=2 apic2=-1 pin2=-1
[    1.326848] clocksource: tsc-early: mask: 0xffffffffffffffff max_cycles: 0x1fa32a29722, max_idle_ns: 440795224307 ns
[    1.331404] Calibrating delay loop (skipped) preset value.. 4389.68 BogoMIPS (lpj=2194842)
[    1.332171] pid_max: default: 32768 minimum: 301
[    1.333505] LSM: Security Framework initializing
[    1.334400] SELinux:  Initializing.
[    1.336390] Mount-cache hash table entries: 4096 (order: 3, 32768 bytes, linear)
[    1.337233] Mountpoint-cache hash table entries: 4096 (order: 3, 32768 bytes, linear)
Poking KASLR using RDTSC...
[    1.346756] Last level iTLB entries: 4KB 0, 2MB 0, 4MB 0
[    1.347158] Last level dTLB entries: 4KB 0, 2MB 0, 4MB 0, 1GB 0
[    1.348263] Spectre V1 : Mitigation: usercopy/swapgs barriers and __user pointer sanitization
[    1.349161] Spectre V2 : Mitigation: Retpolines
[    1.350157] Spectre V2 : Spectre v2 / SpectreRSB mitigation: Filling RSB on context switch
[    1.351158] Speculative Store Bypass: Vulnerable
[    1.352204] MDS: Vulnerable: Clear CPU buffers attempted, no microcode
[    1.453030] Freeing SMP alternatives memory: 44K
[    1.557154] smpboot: CPU0: Intel QEMU Virtual CPU version 2.5+ (family: 0x6, model: 0x6, stepping: 0x3)
[    1.558807] Performance Events: PMU not available due to virtualization, using software events only.
[    1.560527] rcu: Hierarchical SRCU implementation.
[    1.564217] smp: Bringing up secondary CPUs ...
[    1.566337] x86: Booting SMP configuration:
[    1.567159] .... node  #0, CPUs:      #1
[    0.071173] kvm-clock: cpu 1, msr 16286041, secondary cpu clock
[    0.071173] smpboot: CPU 1 Converting physical 0 to logical die 1
[    1.580294] kvm-guest: stealtime: cpu 1, msr 6d327140
[    1.583551] smp: Brought up 1 node, 2 CPUs
[    1.584165] smpboot: Max logical packages: 2
[    1.585159] smpboot: Total of 2 processors activated (8779.36 BogoMIPS)
[    1.589245] devtmpfs: initialized
[    1.610994] clocksource: jiffies: mask: 0xffffffff max_cycles: 0xffffffff, max_idle_ns: 1911260446275000 ns
[    1.611165] futex hash table entries: 512 (order: 3, 32768 bytes, linear)
[    1.613698] PM: RTC time: 11:52:51, date: 2022-08-25
[    1.616472] NET: Registered PF_NETLINK/PF_ROUTE protocol family
[    1.619497] audit: initializing netlink subsys (disabled)
[    1.621524] audit: type=2000 audit(1661428372.746:1): state=initialized audit_enabled=0 res=1
[    1.624333] thermal_sys: Registered thermal governor 'step_wise'
[    1.625161] thermal_sys: Registered thermal governor 'user_space'
[    1.627185] cpuidle: using governor menu
[    1.630699] ACPI: bus type PCI registered
[    1.632594] PCI: Using configuration type 1 for base access
[    1.677650] Kprobes globally optimized
[    1.680260] HugeTLB registered 2.00 MiB page size, pre-allocated 0 pages
[    1.682301] cryptomgr_test (26) used greatest stack depth: 30528 bytes left
[    1.695584] ACPI: Added _OSI(Module Device)
[    1.696172] ACPI: Added _OSI(Processor Device)
[    1.697172] ACPI: Added _OSI(3.0 _SCP Extensions)
[    1.698165] ACPI: Added _OSI(Processor Aggregator Device)
[    1.699193] ACPI: Added _OSI(Linux-Dell-Video)
[    1.700168] ACPI: Added _OSI(Linux-Lenovo-NV-HDMI-Audio)
[    1.701166] ACPI: Added _OSI(Linux-HPI-Hybrid-Graphics)
[    1.734595] ACPI: 1 ACPI AML tables successfully acquired and loaded
[    1.743909] ACPI: Interpreter enabled
[    1.744514] ACPI: PM: (supports S0 S3 S4 S5)
[    1.745160] ACPI: Using IOAPIC for interrupt routing
[    1.746369] PCI: Using host bridge windows from ACPI; if necessary, use "pci=nocrs" and report a bug
[    1.750078] ACPI: Enabled 2 GPEs in block 00 to 0F
[    1.813106] ACPI: PCI Root Bridge [PCI0] (domain 0000 [bus 00-ff])
[    1.813253] acpi PNP0A03:00: _OSC: OS supports [ASPM ClockPM Segments MSI HPX-Type3]
[    1.814505] acpi PNP0A03:00: fail to add MMCONFIG information, can't access extended PCI configuration space under this bridge.
[    1.816805] PCI host bridge to bus 0000:00
[    1.817213] pci_bus 0000:00: root bus resource [bus 00-ff]
[    1.819176] pci_bus 0000:00: root bus resource [io  0x0000-0x0cf7 window]
[    1.820164] pci_bus 0000:00: root bus resource [io  0x0d00-0xffff window]
[    1.821164] pci_bus 0000:00: root bus resource [mem 0x000a0000-0x000bffff window]
[    1.822171] pci_bus 0000:00: root bus resource [mem 0x80000000-0xfebfffff window]
[    1.823165] pci_bus 0000:00: root bus resource [mem 0x100000000-0x17fffffff window]
[    1.828042] pci 0000:00:00.0: [8086:1237] type 00 class 0x060000
[    1.835077] pci 0000:00:01.0: [8086:7000] type 00 class 0x060100
[    1.840711] pci 0000:00:01.1: [8086:7010] type 00 class 0x010180
[    1.844811] pci 0000:00:01.1: reg 0x20: [io  0xc040-0xc04f]
[    1.846882] pci 0000:00:01.1: legacy IDE quirk: reg 0x10: [io  0x01f0-0x01f7]
[    1.848157] pci 0000:00:01.1: legacy IDE quirk: reg 0x14: [io  0x03f6]
[    1.849159] pci 0000:00:01.1: legacy IDE quirk: reg 0x18: [io  0x0170-0x0177]
[    1.850159] pci 0000:00:01.1: legacy IDE quirk: reg 0x1c: [io  0x0376]
[    1.857000] pci 0000:00:01.3: [8086:7113] type 00 class 0x068000
[    1.859597] pci 0000:00:01.3: quirk: [io  0x0600-0x063f] claimed by PIIX4 ACPI
[    1.860196] pci 0000:00:01.3: quirk: [io  0x0700-0x070f] claimed by PIIX4 SMB
[    1.866853] pci 0000:00:02.0: [1234:1111] type 00 class 0x030000
[    1.871503] pci 0000:00:02.0: reg 0x10: [mem 0xfd000000-0xfdffffff pref]
[    1.878869] pci 0000:00:02.0: reg 0x18: [mem 0xfebb0000-0xfebb0fff]
[    1.894777] pci 0000:00:02.0: reg 0x30: [mem 0xfeba0000-0xfebaffff pref]
[    1.900478] pci 0000:00:02.0: Video device with shadowed ROM at [mem 0x000c0000-0x000dffff]
[    1.914374] pci 0000:00:03.0: [8086:100e] type 00 class 0x020000
[    1.917161] pci 0000:00:03.0: reg 0x10: [mem 0xfeb80000-0xfeb9ffff]
[    1.919160] pci 0000:00:03.0: reg 0x14: [io  0xc000-0xc03f]
[    1.925646] pci 0000:00:03.0: reg 0x30: [mem 0xfeb00000-0xfeb7ffff pref]
[    1.947915] ACPI: PCI: Interrupt link LNKA configured for IRQ 10
[    1.951246] ACPI: PCI: Interrupt link LNKB configured for IRQ 10
[    1.954882] ACPI: PCI: Interrupt link LNKC configured for IRQ 11
[    1.957623] ACPI: PCI: Interrupt link LNKD configured for IRQ 11
[    1.959218] ACPI: PCI: Interrupt link LNKS configured for IRQ 9
[    1.970769] iommu: Default domain type: Translated 
[    1.971158] iommu: DMA domain TLB invalidation policy: lazy mode 
[    1.977434] SCSI subsystem initialized
[    1.986594] pci 0000:00:02.0: vgaarb: setting as boot VGA device
[    1.987154] pci 0000:00:02.0: vgaarb: VGA device added: decodes=io+mem,owns=io+mem,locks=none
[    1.987161] pci 0000:00:02.0: vgaarb: bridge control possible
[    1.988159] vgaarb: loaded
[    1.990687] ACPI: bus type USB registered
[    1.992973] usbcore: registered new interface driver usbfs
[    1.993653] usbcore: registered new interface driver hub
[    1.994307] usbcore: registered new device driver usb
[    1.996756] pps_core: LinuxPPS API ver. 1 registered
[    1.997157] pps_core: Software ver. 5.3.6 - Copyright 2005-2007 Rodolfo Giometti <giometti@linux.it>
[    1.999239] PTP clock support registered
[    2.004047] Advanced Linux Sound Architecture Driver Initialized.
[    2.011307] NetLabel: Initializing
[    2.012158] NetLabel:  domain hash size = 128
[    2.013156] NetLabel:  protocols = UNLABELED CIPSOv4 CALIPSO
[    2.015240] NetLabel:  unlabeled traffic allowed by default
[    2.017666] PCI: Using ACPI for IRQ routing
[    2.022571] hpet: 3 channels of 0 reserved for per-cpu timers
[    2.023339] hpet0: at MMIO 0xfed00000, IRQs 2, 8, 0
[    2.024205] hpet0: 3 comparators, 64-bit 100.000000 MHz counter
[    2.031956] clocksource: Switched to clocksource kvm-clock
[    2.203554] VFS: Disk quotas dquot_6.6.0
[    2.205760] VFS: Dquot-cache hash table entries: 512 (order 0, 4096 bytes)
[    2.210376] pnp: PnP ACPI init
[    2.221989] pnp: PnP ACPI: found 6 devices
[    2.263788] clocksource: acpi_pm: mask: 0xffffff max_cycles: 0xffffff, max_idle_ns: 2085701024 ns
[    2.268524] NET: Registered PF_INET protocol family
[    2.272909] IP idents hash table entries: 32768 (order: 6, 262144 bytes, linear)
[    2.280738] tcp_listen_portaddr_hash hash table entries: 1024 (order: 2, 16384 bytes, linear)
[    2.284742] TCP established hash table entries: 16384 (order: 5, 131072 bytes, linear)
[    2.289034] TCP bind hash table entries: 16384 (order: 6, 262144 bytes, linear)
[    2.293450] TCP: Hash tables configured (established 16384 bind 16384)
[    2.297283] UDP hash table entries: 1024 (order: 3, 32768 bytes, linear)
[    2.300516] UDP-Lite hash table entries: 1024 (order: 3, 32768 bytes, linear)
[    2.305065] NET: Registered PF_UNIX/PF_LOCAL protocol family
[    2.313023] RPC: Registered named UNIX socket transport module.
[    2.315757] RPC: Registered udp transport module.
[    2.317932] RPC: Registered tcp transport module.
[    2.320129] RPC: Registered tcp NFSv4.1 backchannel transport module.
[    2.326517] pci_bus 0000:00: resource 4 [io  0x0000-0x0cf7 window]
[    2.329384] pci_bus 0000:00: resource 5 [io  0x0d00-0xffff window]
[    2.332213] pci_bus 0000:00: resource 6 [mem 0x000a0000-0x000bffff window]
[    2.335301] pci_bus 0000:00: resource 7 [mem 0x80000000-0xfebfffff window]
[    2.338456] pci_bus 0000:00: resource 8 [mem 0x100000000-0x17fffffff window]
[    2.342359] pci 0000:00:01.0: PIIX3: Enabling Passive Release
[    2.345085] pci 0000:00:00.0: Limiting direct PCI/PCI transfers
[    2.347891] pci 0000:00:01.0: Activating ISA DMA hang workarounds
[    2.350869] PCI: CLS 0 bytes, default 64
[    2.353725] clocksource: tsc: mask: 0xffffffffffffffff max_cycles: 0x1fa32a29722, max_idle_ns: 440795224307 ns
[    3.274372] Initialise system trusted keyrings
[    3.277728] workingset: timestamp_bits=56 max_order=19 bucket_order=0
[    3.318117] NFS: Registering the id_resolver key type
[    3.320667] Key type id_resolver registered
[    3.322621] Key type id_legacy registered
[    3.325317] 9p: Installing v9fs 9p2000 file system support
[    3.346638] Key type asymmetric registered
[    3.348782] Asymmetric key parser 'x509' registered
[    3.351618] Block layer SCSI generic (bsg) driver version 0.4 loaded (major 251)
[    3.355144] io scheduler mq-deadline registered
[    3.357295] io scheduler kyber registered
[    3.362720] input: Power Button as /devices/LNXSYSTM:00/LNXPWRBN:00/input/input0
[    3.367082] ACPI: button: Power Button [PWRF]
[    3.374099] Serial: 8250/16550 driver, 4 ports, IRQ sharing enabled
[    3.378161] 00:05: ttyS0 at I/O 0x3f8 (irq = 4, base_baud = 115200) is a 16550A
[    3.386605] Non-volatile memory driver v1.3
[    3.388984] Linux agpgart interface v0.103
[    3.412423] loop: module loaded
[    3.424414] scsi host0: ata_piix
[    3.430016] scsi host1: ata_piix
[    3.432148] ata1: PATA max MWDMA2 cmd 0x1f0 ctl 0x3f6 bmdma 0xc040 irq 14
[    3.435234] ata2: PATA max MWDMA2 cmd 0x170 ctl 0x376 bmdma 0xc048 irq 15
[    3.452395] e100: Intel(R) PRO/100 Network Driver
[    3.454607] e100: Copyright(c) 1999-2006 Intel Corporation
[    3.457333] e1000: Intel(R) PRO/1000 Network Driver
[    3.459555] e1000: Copyright (c) 1999-2006 Intel Corporation.
[    3.602087] ata2.00: ATAPI: QEMU DVD-ROM, 2.5+, max UDMA/100
[    3.607135] ata1.00: ATA-7: QEMU HARDDISK, 2.5+, max UDMA/100
[    3.609659] ata1.00: 4194304 sectors, multi 16: LBA48 
[    3.616760] scsi 0:0:0:0: Direct-Access     ATA      QEMU HARDDISK    2.5+ PQ: 0 ANSI: 5
[    3.622841] sd 0:0:0:0: Attached scsi generic sg0 type 0
[    3.623755] sd 0:0:0:0: [sda] 4194304 512-byte logical blocks: (2.15 GB/2.00 GiB)
[    3.629976] sd 0:0:0:0: [sda] Write Protect is off
[    3.632711] scsi 1:0:0:0: CD-ROM            QEMU     QEMU DVD-ROM     2.5+ PQ: 0 ANSI: 5
[    3.632857] sd 0:0:0:0: [sda] Write cache: enabled, read cache: enabled, doesn't support DPO or FUA
[    3.650678] sd 0:0:0:0: [sda] Attached SCSI disk
[    3.699058] sr 1:0:0:0: [sr0] scsi3-mmc drive: 4x/4x cd/rw xa/form2 tray
[    3.702405] cdrom: Uniform CD-ROM driver Revision: 3.20
[    3.826144] sr 1:0:0:0: Attached scsi generic sg1 type 5
[    5.652672] ACPI: \_SB_.LNKC: Enabled at IRQ 11
[    6.218619] e1000 0000:00:03.0 eth0: (PCI:33MHz:32-bit) 52:54:00:12:34:56
[    6.221712] e1000 0000:00:03.0 eth0: Intel(R) PRO/1000 Network Connection
[    6.225349] e1000e: Intel(R) PRO/1000 Network Driver
[    6.227699] e1000e: Copyright(c) 1999 - 2015 Intel Corporation.
[    6.230684] sky2: driver version 1.30
[    6.234229] ehci_hcd: USB 2.0 'Enhanced' Host Controller (EHCI) Driver
[    6.237512] ehci-pci: EHCI PCI platform driver
[    6.240545] ohci_hcd: USB 1.1 'Open' Host Controller (OHCI) Driver
[    6.243667] ohci-pci: OHCI PCI platform driver
[    6.245910] uhci_hcd: USB Universal Host Controller Interface driver
[    6.249571] usbcore: registered new interface driver usblp
[    6.252373] usbcore: registered new interface driver usb-storage
[    6.255533] i8042: PNP: PS/2 Controller [PNP0303:KBD,PNP0f13:MOU] at 0x60,0x64 irq 1,12
[    6.262474] serio: i8042 KBD port at 0x60,0x64 irq 1
[    6.264795] serio: i8042 AUX port at 0x60,0x64 irq 12
[    6.270668] rtc_cmos 00:00: RTC can wake from S4
[    6.275452] input: AT Translated Set 2 keyboard as /devices/platform/i8042/serio0/input/input1
[    6.279022] rtc_cmos 00:00: registered as rtc0
[    6.282329] rtc_cmos 00:00: alarms up to one day, y3k, 114 bytes nvram, hpet irqs
[    6.286650] random: fast init done
[    6.291428] device-mapper: ioctl: 4.45.0-ioctl (2021-03-22) initialised: dm-devel@redhat.com
[    6.295319] intel_pstate: CPU model not supported
[    6.298163] hid: raw HID events driver (C) Jiri Kosina
[    6.302861] usbcore: registered new interface driver usbhid
[    6.305234] usbhid: USB HID core driver
[    6.314732] Initializing XFRM netlink socket
[    6.318352] NET: Registered PF_INET6 protocol family
[    6.325950] Segment Routing with IPv6
[    6.327701] In-situ OAM (IOAM) with IPv6
[    6.330124] sit: IPv6, IPv4 and MPLS over IPv4 tunneling driver
[    6.334585] NET: Registered PF_PACKET protocol family
[    6.337635] 9pnet: Installing 9P2000 support
[    6.339737] Key type dns_resolver registered
[    6.344090] IPI shorthand broadcast: enabled
[    6.346267] sched_clock: Marking stable (6276028961, 70173625)->(6571343748, -225141162)
[    6.351628] registered taskstats version 1
[    6.353481] Loading compiled-in X.509 certificates
[    6.361171] PM:   Magic number: 2:397:884
[    6.363555] printk: console [netcon0] enabled
[    6.365468] netconsole: network logging started
[    6.370037] cfg80211: Loading compiled-in X.509 certificates for regulatory database
[    6.376489] kworker/u4:2 (73) used greatest stack depth: 28696 bytes left
[    6.384911] cfg80211: Loaded X.509 cert 'sforshee: 00b28ddf47aef9cea7'
[    6.388560] platform regulatory.0: Direct firmware load for regulatory.db failed with error -2
[    6.392324] cfg80211: failed to load regulatory.db
[    6.394579] ALSA device list:
[    6.396010]   No soundcards found.
[    6.917045] input: ImExPS/2 Generic Explorer Mouse as /devices/platform/i8042/serio1/input/input3
[    6.923441] md: Waiting for all devices to be available before autodetect
[    6.926568] md: If you don't use raid, use raid=noautodetect
[    6.929112] md: Autodetecting RAID arrays.
[    6.930994] md: autorun ...
[    6.932325] md: ... autorun DONE.
[    6.946738] EXT4-fs (sda): INFO: recovery required on readonly filesystem
[    6.949825] EXT4-fs (sda): write access will be enabled during recovery
[    7.044908] EXT4-fs (sda): recovery complete
[    7.050282] EXT4-fs (sda): mounted filesystem with ordered data mode. Opts: (null). Quota mode: none.
[    7.054466] VFS: Mounted root (ext4 filesystem) readonly on device 8:0.
[    7.058709] devtmpfs: mounted
[    7.067951] Freeing unused kernel image (initmem) memory: 1924K
[    7.072306] Write protecting the kernel read-only data: 57344k
[    7.091332] Freeing unused kernel image (text/rodata gap) memory: 2032K
[    7.098876] Freeing unused kernel image (rodata/data gap) memory: 1948K
[    7.102308] Run /sbin/init as init process
[    7.890547] SELinux:  Permission getrlimit in class process not defined in policy.
[    7.894271] SELinux:  Class process2 not defined in policy.
[    7.896906] SELinux:  Permission watch in class filesystem not defined in policy.
[    7.900344] SELinux:  Permission map in class file not defined in policy.
[    7.903425] SELinux:  Permission watch in class file not defined in policy.
[    7.906670] SELinux:  Permission watch_mount in class file not defined in policy.
[    7.910086] SELinux:  Permission watch_sb in class file not defined in policy.
[    7.913446] SELinux:  Permission watch_with_perm in class file not defined in policy.
[    7.917096] SELinux:  Permission watch_reads in class file not defined in policy.
[    7.920401] SELinux:  Permission map in class dir not defined in policy.
[    7.923517] SELinux:  Permission watch in class dir not defined in policy.
[    7.926686] SELinux:  Permission watch_mount in class dir not defined in policy.
[    7.930103] SELinux:  Permission watch_sb in class dir not defined in policy.
[    7.933228] SELinux:  Permission watch_with_perm in class dir not defined in policy.
[    7.936685] SELinux:  Permission watch_reads in class dir not defined in policy.
[    7.940069] SELinux:  Permission map in class lnk_file not defined in policy.
[    7.943368] SELinux:  Permission watch in class lnk_file not defined in policy.
[    7.946567] SELinux:  Permission watch_mount in class lnk_file not defined in policy.
[    7.950126] SELinux:  Permission watch_sb in class lnk_file not defined in policy.
[    7.953652] SELinux:  Permission watch_with_perm in class lnk_file not defined in policy.
[    7.957478] SELinux:  Permission watch_reads in class lnk_file not defined in policy.
[    7.961042] SELinux:  Permission map in class chr_file not defined in policy.
[    7.964357] SELinux:  Permission watch in class chr_file not defined in policy.
[    7.967698] SELinux:  Permission watch_mount in class chr_file not defined in policy.
[    7.971250] SELinux:  Permission watch_sb in class chr_file not defined in policy.
[    7.974657] SELinux:  Permission watch_with_perm in class chr_file not defined in policy.
[    7.978456] SELinux:  Permission watch_reads in class chr_file not defined in policy.
[    7.982015] SELinux:  Permission map in class blk_file not defined in policy.
[    7.985102] SELinux:  Permission watch in class blk_file not defined in policy.
[    7.988589] SELinux:  Permission watch_mount in class blk_file not defined in policy.
[    7.992126] SELinux:  Permission watch_sb in class blk_file not defined in policy.
[    7.995478] SELinux:  Permission watch_with_perm in class blk_file not defined in policy.
[    7.999268] SELinux:  Permission watch_reads in class blk_file not defined in policy.
[    8.002874] SELinux:  Permission map in class sock_file not defined in policy.
[    8.006261] SELinux:  Permission watch in class sock_file not defined in policy.
[    8.009576] SELinux:  Permission watch_mount in class sock_file not defined in policy.
[    8.013109] SELinux:  Permission watch_sb in class sock_file not defined in policy.
[    8.016645] SELinux:  Permission watch_with_perm in class sock_file not defined in policy.
[    8.020293] SELinux:  Permission watch_reads in class sock_file not defined in policy.
[    8.023890] SELinux:  Permission map in class fifo_file not defined in policy.
[    8.027218] SELinux:  Permission watch in class fifo_file not defined in policy.
[    8.030556] SELinux:  Permission watch_mount in class fifo_file not defined in policy.
[    8.034211] SELinux:  Permission watch_sb in class fifo_file not defined in policy.
[    8.037707] SELinux:  Permission watch_with_perm in class fifo_file not defined in policy.
[    8.041457] SELinux:  Permission watch_reads in class fifo_file not defined in policy.
[    8.045162] SELinux:  Permission map in class socket not defined in policy.
[    8.048387] SELinux:  Permission map in class tcp_socket not defined in policy.
[    8.051690] SELinux:  Permission map in class udp_socket not defined in policy.
[    8.054921] SELinux:  Permission map in class rawip_socket not defined in policy.
[    8.058293] SELinux:  Permission map in class netlink_socket not defined in policy.
[    8.061743] SELinux:  Permission map in class packet_socket not defined in policy.
[    8.065227] SELinux:  Permission map in class key_socket not defined in policy.
[    8.068520] SELinux:  Permission map in class unix_stream_socket not defined in policy.
[    8.072230] SELinux:  Permission map in class unix_dgram_socket not defined in policy.
[    8.075823] SELinux:  Permission map in class netlink_route_socket not defined in policy.
[    8.079601] SELinux:  Permission map in class netlink_tcpdiag_socket not defined in policy.
[    8.083465] SELinux:  Permission map in class netlink_nflog_socket not defined in policy.
[    8.087249] SELinux:  Permission map in class netlink_xfrm_socket not defined in policy.
[    8.091001] SELinux:  Permission map in class netlink_selinux_socket not defined in policy.
[    8.094949] SELinux:  Permission map in class netlink_iscsi_socket not defined in policy.
[    8.098754] SELinux:  Permission map in class netlink_audit_socket not defined in policy.
[    8.102537] SELinux:  Permission map in class netlink_fib_lookup_socket not defined in policy.
[    8.106571] SELinux:  Permission map in class netlink_connector_socket not defined in policy.
[    8.110374] SELinux:  Permission map in class netlink_netfilter_socket not defined in policy.
[    8.114273] SELinux:  Permission map in class netlink_dnrt_socket not defined in policy.
[    8.118021] SELinux:  Permission map in class netlink_kobject_uevent_socket not defined in policy.
[    8.121939] SELinux:  Permission map in class netlink_generic_socket not defined in policy.
[    8.125697] SELinux:  Permission map in class netlink_scsitransport_socket not defined in policy.
[    8.129762] SELinux:  Permission map in class netlink_rdma_socket not defined in policy.
[    8.133576] SELinux:  Permission map in class netlink_crypto_socket not defined in policy.
[    8.137341] SELinux:  Permission map in class appletalk_socket not defined in policy.
[    8.141032] SELinux:  Permission map in class dccp_socket not defined in policy.
[    8.144426] SELinux:  Permission perfmon in class capability2 not defined in policy.
[    8.148002] SELinux:  Permission bpf in class capability2 not defined in policy.
[    8.151453] SELinux:  Permission checkpoint_restore in class capability2 not defined in policy.
[    8.155484] SELinux:  Permission map in class tun_socket not defined in policy.
[    8.158905] SELinux:  Permission perfmon in class cap2_userns not defined in policy.
[    8.162503] SELinux:  Permission bpf in class cap2_userns not defined in policy.
[    8.165889] SELinux:  Permission checkpoint_restore in class cap2_userns not defined in policy.
[    8.169908] SELinux:  Class sctp_socket not defined in policy.
[    8.172539] SELinux:  Class icmp_socket not defined in policy.
[    8.175300] SELinux:  Class ax25_socket not defined in policy.
[    8.178065] SELinux:  Class ipx_socket not defined in policy.
[    8.180729] SELinux:  Class netrom_socket not defined in policy.
[    8.183489] SELinux:  Class atmpvc_socket not defined in policy.
[    8.186317] SELinux:  Class x25_socket not defined in policy.
[    8.189026] SELinux:  Class rose_socket not defined in policy.
[    8.191751] SELinux:  Class decnet_socket not defined in policy.
[    8.194565] SELinux:  Class atmsvc_socket not defined in policy.
[    8.197350] SELinux:  Class rds_socket not defined in policy.
[    8.200045] SELinux:  Class irda_socket not defined in policy.
[    8.202780] SELinux:  Class pppox_socket not defined in policy.
[    8.205556] SELinux:  Class llc_socket not defined in policy.
[    8.208243] SELinux:  Class can_socket not defined in policy.
[    8.210950] SELinux:  Class tipc_socket not defined in policy.
[    8.213668] SELinux:  Class bluetooth_socket not defined in policy.
[    8.216644] SELinux:  Class iucv_socket not defined in policy.
[    8.219376] SELinux:  Class rxrpc_socket not defined in policy.
[    8.222161] SELinux:  Class isdn_socket not defined in policy.
[    8.225118] SELinux:  Class phonet_socket not defined in policy.
[    8.227978] SELinux:  Class ieee802154_socket not defined in policy.
[    8.230948] SELinux:  Class caif_socket not defined in policy.
[    8.233584] SELinux:  Class alg_socket not defined in policy.
[    8.236188] SELinux:  Class nfc_socket not defined in policy.
[    8.238874] SELinux:  Class vsock_socket not defined in policy.
[    8.241634] SELinux:  Class kcm_socket not defined in policy.
[    8.244434] SELinux:  Class qipcrtr_socket not defined in policy.
[    8.247305] SELinux:  Class smc_socket not defined in policy.
[    8.250015] SELinux:  Class infiniband_pkey not defined in policy.
[    8.252898] SELinux:  Class infiniband_endport not defined in policy.
[    8.255871] SELinux:  Class bpf not defined in policy.
[    8.258300] SELinux:  Class xdp_socket not defined in policy.
[    8.260984] SELinux:  Class mctp_socket not defined in policy.
[    8.263654] SELinux:  Class perf_event not defined in policy.
[    8.266361] SELinux:  Class lockdown not defined in policy.
[    8.268980] SELinux:  Class anon_inode not defined in policy.
[    8.271777] SELinux: the above unknown classes and permissions will be allowed
[    8.305756] SELinux:  policy capability network_peer_controls=1
[    8.308603] SELinux:  policy capability open_perms=1
[    8.310946] SELinux:  policy capability extended_socket_class=0
[    8.313651] SELinux:  policy capability always_check_network=0
[    8.316337] SELinux:  policy capability cgroup_seclabel=0
[    8.318859] SELinux:  policy capability nnp_nosuid_transition=0
[    8.321525] SELinux:  policy capability genfs_seclabel_symlinks=0
[    8.324291] SELinux:  policy capability ioctl_skip_cloexec=0
[    8.399337] audit: type=1403 audit(1661428379.523:2): auid=4294967295 ses=4294967295 lsm=selinux res=1
[    8.408359] systemd[1]: Successfully loaded SELinux policy in 1.170385s.
[    8.450540] audit: type=1400 audit(1661428379.574:3): avc:  denied  { associate } for  pid=1 comm="systemd" name="pts" scontext=system_u:object_r:devpts_t:s0 tcontext=system_u:object_r:device_t:s0 tclass=filesystem permissive=1
[    8.479434] systemd[1]: Relabelled /dev and /run in 19.119ms.
[    8.512360] systemd[1]: systemd 232 running in system mode. (+PAM +AUDIT +SELINUX +IMA +APPARMOR +SMACK +SYSVINIT +UTMP +LIBCRYPTSETUP +GCRYPT +GNUTLS +ACL +XZ +LZ4 +SECCOMP +BLKID +ELFUTILS +KMOD +IDN)
[    8.521022] systemd[1]: Detected virtualization qemu.
[    8.523511] systemd[1]: Detected architecture x86-64.

Welcome to [1mDebian GNU/Linux 9 (stretch)[0m!

[    8.530487] systemd[1]: Set hostname to <syzkaller>.
[    8.606310] systemd-getty-g (81) used greatest stack depth: 26336 bytes left
[    8.657600] grep (92) used greatest stack depth: 26288 bytes left
[    8.660426] selinux-autorel (85) used greatest stack depth: 25936 bytes left
[    8.802769] systemd[1]: Listening on Journal Socket (/dev/log).
[[0;32m  OK  [0m] Listening on Journal Socket (/dev/log).
[    8.809912] systemd[1]: Listening on udev Kernel Socket.
[[0;32m  OK  [0m] Listening on udev Kernel Socket.
[    8.817453] systemd[1]: Listening on udev Control Socket.
[[0;32m  OK  [0m] Listening on udev Control Socket.
[    8.822718] systemd[1]: Listening on Syslog Socket.
[[0;32m  OK  [0m] Listening on Syslog Socket.
[    8.827794] systemd[1]: Started Dispatch Password Requests to Console Directory Watch.
[[0;32m  OK  [0m] Started Dispatch Password Requests to Console Directory Watch.
[    8.835808] systemd[1]: Listening on /dev/initctl Compatibility Named Pipe.
[[0;32m  OK  [0m] Listening on /dev/initctl Compatibility Named Pipe.
[[0;32m  OK  [0m] Set up automount Arbitrary Executabâ€¦rmats File System Automount Point.
[[0;32m  OK  [0m] Reached target Swap.
[[0;32m  OK  [0m] Listening on Journal Audit Socket.
[[0;32m  OK  [0m] Started Forward Password Requests to Wall Directory Watch.
[[0;32m  OK  [0m] Reached target Encrypted Volumes.
[[0;32m  OK  [0m] Reached target Paths.
[[0;32m  OK  [0m] Created slice System Slice.
         Mounting /proc/sys/fs/binfmt_misc...
         Mounting POSIX Message Queue File System...
         Mounting /sys/kernel/debug...
         Mounting /sys/kernel/config...
[[0;32m  OK  [0m] Reached target Slices.
[[0;32m  OK  [0m] Created slice system-getty.slice.
[[0;32m  OK  [0m] Created slice system-serial\x2dgetty.slice.
[[0;32m  OK  [0m] Listening on Journal Socket.
         Starting Remount Root and Kernel File Systems...
         Starting Load Kernel Modules...
         Starting Create Static Device Nodes in /dev...
[[0;32m  OK  [0m] Reached target Sockets.
         Starting Journal Service...
[[0;32m  OK  [0m] Reached target Remote File Systems.
[    8.963411] audit: type=1400 audit(1661428380.087:4): avc:  denied  { getattr } for  pid=104 comm="mount" path="/dev/root" dev="devtmpfs" ino=130 scontext=system_u:system_r:mount_t:s0 tcontext=system_u:object_r:device_t:s0 tclass=blk_file permissive=1
[    9.000098] EXT4-fs (sda): re-mounted. Opts: (null). Quota mode: none.
[[0;32m  OK  [0m] Mounted POSIX Message Queue File System.
[[0;32m  OK  [0m] Mounted /sys/kernel/debug.
[[0;32m  OK  [0m] Mounted /sys/kernel/config.
[[0;32m  OK  [0m] Mounted /proc/sys/fs/binfmt_misc.
[[0;32m  OK  [0m] Started Remount Root and Kernel File Systems.
[[0;32m  OK  [0m] Started Load Kernel Modules.
         Starting Apply Kernel Variables...
         Starting Load/Save Random Seed...
         Starting udev Coldplug all Devices...
[[0;32m  OK  [0m] Started Create Static Device Nodes in /dev.
         Starting udev Kernel Device Manager...[    9.181734] random: systemd-random-: uninitialized urandom read (512 bytes read)

[[0;32m  OK  [0m] Reached target Local File Systems (Pre).
[    9.190403] random: crng init done
[[0;32m  OK  [0m] Reached target Local File Systems.
[[0;32m  OK  [0m] Started Apply Kernel Variables.
[[0;32m  OK  [0m] Started Load/Save Random Seed.
         Starting Raise network interfaces...
[[0;32m  OK  [0m] Started Journal Service.
         Starting Flush Journal to Persistent Storage...
[[0;32m  OK  [0m] Started udev Kernel Device Manager.
[    9.398639] systemd-journald[106]: Received request to flush runtime journal from PID 1
[[0;32m  OK  [0m] Started Flush Journal to Persistent Storage.
         Starting Create Volatile Files and Directories...
[    9.531165] systemd-tmpfile (126) used greatest stack depth: 25840 bytes left
[[0;32m  OK  [0m] Started Create Volatile Files and Directories.
         Starting Update UTMP about System Boot/Shutdown...
         Starting Network Time Synchronization...
[[0;32m  OK  [0m] Started Update UTMP about System Boot/Shutdown.
[    9.848865] audit: type=1400 audit(1661428380.973:5): avc:  denied  { read } for  pid=146 comm="systemd-timesyn" name="environ" dev="proc" ino=9374 scontext=system_u:system_r:ntpd_t:s0 tcontext=system_u:system_r:init_t:s0 tclass=file permissive=1
[[0;32m  OK  [0m] Started Network Time Synchronization.
[[0;32m  OK  [0m] Reached target System Time Synchronized.
[    9.870357] audit: type=1400 audit(1661428380.973:6): avc:  denied  { open } for  pid=146 comm="systemd-timesyn" path="/proc/1/environ" dev="proc" ino=9374 scontext=system_u:system_r:ntpd_t:s0 tcontext=system_u:system_r:init_t:s0 tclass=file permissive=1
[    9.970637] e1000: eth0 NIC Link is Up 1000 Mbps Full Duplex, Flow Control: RX
[    9.978038] ip (166) used greatest stack depth: 25528 bytes left
[    9.981363] IPv6: ADDRCONF(NETDEV_CHANGE): eth0: link becomes ready
[[0;32m  OK  [0m] Started udev Coldplug all Devices.
[[0;32m  OK  [0m] Reached target System Initialization.
[[0;32m  OK  [0m] Started Daily Cleanup of Temporary Directories.
[[0;32m  OK  [0m] Reached target Basic System.
[[0;32m  OK  [0m] Started Regular background program processing daemon.
         Starting getty on tty2-tty6 if dbus and logind are not available...
         Starting System Logging Service...
[[0;32m  OK  [0m] Started Daily apt download activities.
[[0;32m  OK  [0m] Started Daily apt upgrade and clean activities.
[[0;32m  OK  [0m] Reached target Timers.
[[0;32m  OK  [0m] Found device /dev/ttyS0.
[[0;32m  OK  [0m] Started System Logging Service.
[[0;32m  OK  [0m] Started getty on tty2-tty6 if dbus and logind are not available.
[[0;32m  OK  [0m] Listening on Load/Save RF Kill Switch Status /dev/rfkill Watch.
[[0;32m  OK  [0m] Started Raise network interfaces.
[[0;32m  OK  [0m] Reached target Network.
         Starting Permit User Sessions...
         Starting OpenBSD Secure Shell server...
[[0;32m  OK  [0m] Started Permit User Sessions.
[[0;32m  OK  [0m] Started Getty on tty2.
[[0;32m  OK  [0m] Started Getty on tty1.
[[0;32m  OK  [0m] Started Getty on tty3.
[[0;32m  OK  [0m] Started Getty on tty4.
[[0;32m  OK  [0m] Started Getty on tty6.
[[0;32m  OK  [0m] Started Getty on tty5.
[[0;32m  OK  [0m] Started Serial Getty on ttyS0.
[[0;32m  OK  [0m] Reached target Login Prompts.
[[0;32m  OK  [0m] Started OpenBSD Secure Shell server.
[[0;32m  OK  [0m] Reached target Multi-User System.
[[0;32m  OK  [0m] Reached target Graphical Interface.
         Starting Update UTMP about System Runlevel Changes...
[[0;32m  OK  [0m] Started Update UTMP about System Runlevel Changes.

Debian GNU/Linux 9 syzkaller ttyS0

syzkaller login: root
Last login: Thu Aug 25 11:29:11 UTC 2022 on ttyS0
[   66.830882] audit: type=1400 audit(1661428438.207:7): avc:  denied  { write } for  pid=238 comm="login" name="/" dev="tmpfs" ino=1 scontext=system_u:system_r:local_login_t:s0-s0:c0.c1023 tcontext=system_u:object_r:var_run_t:s0 tclass=dir permissive=1
Linux syzkaller 5.15.39 #1 SMP Thu Aug 25 19:01:05 CST 2022 x86_64
[   66.844388] audit: type=1400 audit(1661428438.208:8): avc:  denied  { remove_name } for  pid=238 comm="login" name="motd.dynamic.new" dev="tmpfs" ino=803 scontext=system_u:system_r:local_login_t:s0-s0:c0.c1023 tcontext=system_u:object_r:var_run_t:s0 tclass=dir permissive=1

The programs included with the Debian GNU/Linux system are free software;
the exact distribution terms for each program are described in the
individual files in /usr/share/doc/*/copyright.

Debian GNU/Linux comes with ABSOLUTELY NO WARRANTY, to the extent
permitted by applicable law.
[   66.863718] audit: type=1400 audit(1661428438.208:9): avc:  denied  { rename } for  pid=238 comm="login" name="motd.dynamic.new" dev="tmpfs" ino=803 scontext=system_u:system_r:local_login_t:s0-s0:c0.c1023 tcontext=unconfined_u:object_r:var_run_t:s0 tclass=file permissive=1
[   66.874545] audit: type=1400 audit(1661428438.208:10): avc:  denied  { add_name } for  pid=238 comm="login" name="motd.dynamic" scontext=system_u:system_r:local_login_t:s0-s0:c0.c1023 tcontext=system_u:object_r:var_run_t:s0 tclass=dir permissive=1
[   66.885104] audit: type=1400 audit(1661428438.208:11): avc:  denied  { read } for  pid=238 comm="login" name="motd.dynamic" dev="tmpfs" ino=803 scontext=system_u:system_r:local_login_t:s0-s0:c0.c1023 tcontext=unconfined_u:object_r:var_run_t:s0 tclass=file permissive=1
[   66.896083] audit: type=1400 audit(1661428438.208:12): avc:  denied  { open } for  pid=238 comm="login" path="/run/motd.dynamic" dev="tmpfs" ino=803 scontext=system_u:system_r:local_login_t:s0-s0:c0.c1023 tcontext=unconfined_u:object_r:var_run_t:s0 tclass=file permissive=1
[   66.907106] audit: type=1400 audit(1661428438.208:13): avc:  denied  { getattr } for  pid=238 comm="login" path="/run/motd.dynamic" dev="tmpfs" ino=803 scontext=system_u:system_r:local_login_t:s0-s0:c0.c1023 tcontext=unconfined_u:object_r:var_run_t:s0 tclass=file permissive=1
[   66.920016] audit: type=1400 audit(1661428438.236:14): avc:  denied  { write } for  pid=238 comm="login" scontext=system_u:system_r:local_login_t:s0-s0:c0.c1023 tcontext=unconfined_u:unconfined_r:unconfined_t:s0-s0:c0.c1023 tclass=key permissive=1
root@syzkaller:~# cd fish/
root@syzkaller:~/fish# cd fish/
-bash: cd: fish/: No such file or directory
root@syzkaller:~/fish# uname -r
5.15.39
root@syzkaller:~/fish# gcc CReproducerRcu.c -o CReproducerRcu
root@syzkaller:~/fish# ./CReproducerRcu
[  115.490784] audit: type=1400 audit(1661428486.901:15): avc:  denied  { execmem } for  pid=281 comm="CReproducerRcu" scontext=unconfined_u:unconfined_r:unconfined_t:s0-s0:c0.c1023 tcontext=unconfined_u:unconfined_r:unconfined_t:s0-s0:c0.c1023 tclass=process permissive=1
[  132.604057] hrtimer: interrupt took 13982 ns
[  136.826220] rcu: INFO: rcu_sched self-detected stall on CPU
[  136.828843] rcu: 	0-....: (1 GPs behind) idle=ef3/1/0x4000000000000000 softirq=2418/2419 fqs=5209 
[  136.832988] 	(t=21004 jiffies g=3289 q=201640)
[  136.835107] NMI backtrace for cpu 0
[  136.836798] CPU: 0 PID: 291 Comm: CReproducerRcu Not tainted 5.15.39 #1
[  136.839721] Hardware name: QEMU Standard PC (i440FX + PIIX, 1996), BIOS 1.13.0-1ubuntu1.1 04/01/2014
[  136.843880] Call Trace:
[  136.845158]  <IRQ>
[  136.846144]  dump_stack_lvl+0x4d/0x66
[  136.848247]  nmi_cpu_backtrace.cold+0xd0/0xd5
[  136.850270]  ? _raw_write_lock_irqsave+0xd0/0xd0
[  136.852437]  ? lapic_can_unplug_cpu+0x70/0x70
[  136.854520]  nmi_trigger_cpumask_backtrace+0x15a/0x1b0
[  136.856961]  rcu_dump_cpu_stacks+0x1b8/0x202
[  136.858971]  rcu_sched_clock_irq.cold+0x1d2/0x417
[  136.860977]  ? hrtimer_run_queues+0x1d/0x310
[  136.863037]  update_process_times+0x11b/0x180
[  136.865024]  ? tick_sched_handle.isra.0+0x150/0x150
[  136.867320]  tick_sched_handle.isra.0+0x105/0x150
[  136.869365]  tick_sched_timer+0xca/0xf0
[  136.871140]  __hrtimer_run_queues+0x2e2/0x6a0
[  136.873114]  ? enqueue_hrtimer+0x1c0/0x1c0
[  136.874967]  ? kvm_clock_get_cycles+0xd/0x10
[  136.876857]  ? ktime_get_update_offsets_now+0x17f/0x240
[  136.879252]  hrtimer_interrupt+0x2c9/0x6c0
[  136.881099]  __sysvec_apic_timer_interrupt+0xc8/0x260
[  136.883367]  sysvec_apic_timer_interrupt+0x65/0x90
[  136.885456]  </IRQ>
[  136.886389]  <TASK>
[  136.887369]  asm_sysvec_apic_timer_interrupt+0x12/0x20
[  136.889669] RIP: 0010:task_function_call+0xf8/0x140
[  136.891991] Code: 44 8b 64 24 38 e8 e8 bd f3 ff 41 83 fc f5 74 b0 e8 dd bd f3 ff 48 b8 00 00 00 00 00 fc ff df 49 01 c5 41 c7 45 00 00 00 00 00 <41> c7 45 08 00 00 00 00 48 8b 44 24 78 65 48 33 04 25 28 00 00 00
[  136.900280] RSP: 0018:ffff888006cd7c30 EFLAGS: 00000282
[  136.902629] RAX: dffffc0000000000 RBX: ffff888005bbba00 RCX: ffffffffac847503
[  136.905834] RDX: ffff888005bbba00 RSI: 0000000000000000 RDI: ffff88800372b008
[  136.908889] RBP: ffffed1000b77749 R08: ffffffffb0c86018 R09: ffffffffb0c8600f
[  136.932729] R10: ffffffffb0c86017 R11: ffffffffb0c8601b R12: 0000000000000000
[  136.936527] R13: ffffed1000d9af86 R14: ffff888005bbba48 R15: dffffc0000000000
[  136.940063]  ? task_function_call+0xe3/0x140
[  136.942475]  ? perf_event_addr_filters_exec+0x300/0x300
[  136.944767]  ? ctx_resched+0x220/0x220
[  136.946522]  ? exclusive_event_installable+0x1a1/0x220
[  136.948839]  perf_install_in_context+0x25f/0x540
[  136.951008]  ? perf_group_attach+0x380/0x380
[  136.952979]  ? mutex_lock+0x89/0xd0
[  136.954676]  ? __mutex_lock_slowpath+0x10/0x10
[  136.956706]  ? exclusive_event_installable+0x1a1/0x220
[  136.959052]  __do_sys_perf_event_open+0x15ba/0x2340
[  136.961345]  ? perf_remove_from_context+0x1a0/0x1a0
[  136.963591]  ? kasan_unpoison+0x23/0x50
[  136.965394]  ? fpregs_assert_state_consistent+0x74/0xb0
[  136.967753]  ? exit_to_user_mode_prepare+0x2f/0x150
[  136.969969]  do_syscall_64+0x3b/0x90
[  136.971778]  entry_SYSCALL_64_after_hwframe+0x44/0xae
[  136.974181] RIP: 0033:0x7f2fcb723469
[  136.977080] Code: 00 f3 c3 66 2e 0f 1f 84 00 00 00 00 00 0f 1f 40 00 48 89 f8 48 89 f7 48 89 d6 48 89 ca 4d 89 c2 4d 89 c8 4c 8b 4c 24 08 0f 05 <48> 3d 01 f0 ff ff 73 01 c3 48 8b 0d ff 49 2b 00 f7 d8 64 89 01 48
[  136.985256] RSP: 002b:00007ffeb8cd4c88 EFLAGS: 00000246 ORIG_RAX: 000000000000012a
[  136.988673] RAX: ffffffffffffffda RBX: 0000000000000000 RCX: 00007f2fcb723469
[  136.991908] RDX: 0000000000000000 RSI: 0000000000000000 RDI: 0000000020000080
[  136.995134] RBP: 00007ffeb8cd4ca0 R08: 0000000000000000 R09: 00007ffeb8cd4ca0
[  136.998343] R10: 00000000ffffffff R11: 0000000000000246 R12: 000056542ba00ce0
[  137.001573] R13: 00007ffeb8cd4dc0 R14: 0000000000000000 R15: 0000000000000000
[  137.004773]  </TASK>
[  198.858149] ------------[ cut here ]------------
[  198.865727] NETDEV WATCHDOG: eth0 (e1000): transmit queue 0 timed out
[  198.870415] WARNING: CPU: 0 PID: 10 at net/sched/sch_generic.c:477 dev_watchdog+0x923/0xa60
[  198.874838] Modules linked in:
[  198.876504] CPU: 0 PID: 10 Comm: ksoftirqd/0 Not tainted 5.15.39 #1
[  198.879538] Hardware name: QEMU Standard PC (i440FX + PIIX, 1996), BIOS 1.13.0-1ubuntu1.1 04/01/2014
[  198.883818] RIP: 0010:dev_watchdog+0x923/0xa60
[  198.886292] Code: 4c fe 4c 8b 7c 24 28 c6 05 59 93 06 02 01 4c 89 ff e8 01 30 f2 ff 89 e9 4c 89 fe 48 c7 c7 a0 9a 61 af 48 89 c2 e8 f4 2a 88 00 <0f> 0b e9 20 fe ff ff 48 c7 44 24 10 80 b9 c0 af e9 de fc ff ff 48
[  198.894635] RSP: 0018:ffff888001277c58 EFLAGS: 00010282
[  198.897193] RAX: 0000000000000000 RBX: ffff88800368c440 RCX: 0000000000000000
[  198.900416] RDX: ffff888001260e80 RSI: 0000000000000100 RDI: ffffed100024ef7d
[  198.903763] RBP: 0000000000000000 R08: 0000000000000001 R09: ffffed100da464bb
[  198.907181] R10: ffff88806d2325d7 R11: ffffed100da464ba R12: dffffc0000000000
[  198.910646] R13: ffff8880035d8c00 R14: 0000000000000001 R15: ffff88800368c000
[  198.914035] FS:  0000000000000000(0000) GS:ffff88806d200000(0000) knlGS:0000000000000000
[  198.917931] CS:  0010 DS: 0000 ES: 0000 CR0: 0000000080050033
[  198.920757] CR2: 00000000200004c3 CR3: 0000000008072000 CR4: 00000000000006f0
[  198.924251] DR0: 0000000000000000 DR1: 0000000000000000 DR2: 0000000000000000
[  198.927657] DR3: 0000000000000000 DR6: 00000000fffe0ff0 DR7: 0000000000000400
[  198.931022] Call Trace:
[  198.932480]  <TASK>
[  198.933645]  ? pfifo_fast_reset+0x4d0/0x4d0
[  198.935713]  call_timer_fn+0x3a/0x1f0
[  198.937698]  ? pfifo_fast_reset+0x4d0/0x4d0
[  198.939774]  run_timer_softirq+0xd93/0x1300
[  198.941885]  ? call_timer_fn+0x1f0/0x1f0
[  198.943826]  ? pick_next_task_fair+0x44b/0xb60
[  198.946033]  ? update_rq_clock.part.0+0x4b/0x280
[  198.948200]  ? __schedule+0x2b1/0x18d0
[  198.950127]  __do_softirq+0x182/0x52f
[  198.951960]  ? tasklet_unlock+0x30/0x30
[  198.953908]  run_ksoftirqd+0x15/0x20
[  198.955788]  smpboot_thread_fn+0x304/0x6d0
[  198.957806]  ? smpboot_register_percpu_thread+0x350/0x350
[  198.960442]  kthread+0x354/0x430
[  198.962138]  ? set_kthread_struct+0x110/0x110
[  198.964255]  ret_from_fork+0x22/0x30
[  198.966144]  </TASK>
[  198.967329] ---[ end trace 35cdd97c7824790f ]---
[  198.984186] e1000 0000:00:03.0 eth0: Reset adapter
[  205.684925] sd 0:0:0:0: [sda] tag#0 FAILED Result: hostbyte=DID_TIME_OUT driverbyte=DRIVER_OK cmd_age=42s
[  205.691432] sd 0:0:0:0: [sda] tag#0 CDB: Write(10) 2a 00 00 20 02 88 00 00 28 00
[  205.694894] blk_update_request: I/O error, dev sda, sector 2097800 op 0x1:(WRITE) flags 0x800 phys_seg 5 prio class 0
[  205.706781] Aborting journal on device sda-8.
[  205.712771] EXT4-fs error (device sda): ext4_journal_check_start:83: comm rs:main Q:Reg: Detected aborted journal
[  226.332730] rcu: INFO: rcu_sched self-detected stall on CPU
[  226.338063] rcu: 	0-....: (7 GPs behind) idle=f01/1/0x4000000000000000 softirq=2420/2420 fqs=5106 
[  226.342097] 	(t=21006 jiffies g=3317 q=225302)
[  226.344201] NMI backtrace for cpu 0
[  226.345842] CPU: 0 PID: 21845 Comm: CReproducerRcu Tainted: G        W         5.15.39 #1
[  226.349465] Hardware name: QEMU Standard PC (i440FX + PIIX, 1996), BIOS 1.13.0-1ubuntu1.1 04/01/2014
[  226.353513] Call Trace:
[  226.354735]  <IRQ>
[  226.355694]  dump_stack_lvl+0x4d/0x66
[  226.357580]  nmi_cpu_backtrace.cold+0xd0/0xd5
[  226.359559]  ? _raw_write_lock_irqsave+0xd0/0xd0
[  226.361693]  ? lapic_can_unplug_cpu+0x70/0x70
[  226.363752]  nmi_trigger_cpumask_backtrace+0x15a/0x1b0
[  226.366095]  rcu_dump_cpu_stacks+0x1b8/0x202
[  226.368097]  rcu_sched_clock_irq.cold+0x1d2/0x417
[  226.370245]  ? hrtimer_run_queues+0x1d/0x310
[  226.372239]  update_process_times+0x11b/0x180
[  226.374197]  ? tick_sched_handle.isra.0+0x150/0x150
[  226.376416]  tick_sched_handle.isra.0+0x105/0x150
[  226.378621]  tick_sched_timer+0xca/0xf0
[  226.380401]  __hrtimer_run_queues+0x2e2/0x6a0
[  226.382400]  ? enqueue_hrtimer+0x1c0/0x1c0
[  226.384163]  ? kvm_clock_get_cycles+0xd/0x10
[  226.386063]  ? ktime_get_update_offsets_now+0x17f/0x240
[  226.388455]  hrtimer_interrupt+0x2c9/0x6c0
[  226.390342]  __sysvec_apic_timer_interrupt+0xc8/0x260
[  226.392672]  sysvec_apic_timer_interrupt+0x65/0x90
[  226.394897]  </IRQ>
[  226.395875]  <TASK>
[  226.396869]  asm_sysvec_apic_timer_interrupt+0x12/0x20
[  226.399253] RIP: 0010:perf_install_in_context+0x2c2/0x540
[  226.401770] Code: 00 00 00 00 00 fc ff df 4c 89 ea 48 c1 ea 03 0f b6 04 02 4c 89 ea 83 e2 07 38 d0 7f 08 84 c0 0f 85 70 02 00 00 c6 43 08 00 fb <e8> 09 81 f3 ff 48 b8 00 00 00 00 00 fc ff df 48 03 44 24 08 c7 00
[  226.409959] RSP: 0018:ffff8880286afce0 EFLAGS: 00000246
[  226.412322] RAX: 0000000000000000 RBX: ffff888018fe6c00 RCX: ffffffffac847503
[  226.415476] RDX: ffff888025a30000 RSI: 0000000000000000 RDI: ffff888018fe6c08
[  226.418702] RBP: ffff888025a30000 R08: ffffffffb0c86018 R09: ffffffffb0c8600f
[  226.421870] R10: ffffffffb0c86017 R11: ffffffffb0c8601b R12: ffff888006119160
[  226.425089] R13: ffff888018fe6c08 R14: ffff888018fe6cb0 R15: dffffc0000000000
[  226.428275]  ? task_function_call+0xe3/0x140
[  226.430207]  ? perf_group_attach+0x380/0x380
[  226.432182]  ? mutex_lock+0x89/0xd0
[  226.433809]  ? __mutex_lock_slowpath+0x10/0x10
[  226.435835]  ? exclusive_event_installable+0x1a1/0x220
[  226.438144]  __do_sys_perf_event_open+0x15ba/0x2340
[  226.440405]  ? perf_remove_from_context+0x1a0/0x1a0
[  226.442651]  ? fpregs_assert_state_consistent+0x74/0xb0
[  226.445031]  ? exit_to_user_mode_prepare+0x2f/0x150
[  226.447266]  do_syscall_64+0x3b/0x90
[  226.448896]  entry_SYSCALL_64_after_hwframe+0x44/0xae
[  226.451184] RIP: 0033:0x7f2fcb723469
[  226.452948] Code: 00 f3 c3 66 2e 0f 1f 84 00 00 00 00 00 0f 1f 40 00 48 89 f8 48 89 f7 48 89 d6 48 89 ca 4d 89 c2 4d 89 c8 4c 8b 4c 24 08 0f 05 <48> 3d 01 f0 ff ff 73 01 c3 48 8b 0d ff 49 2b 00 f7 d8 64 89 01 48
[  226.461332] RSP: 002b:00007ffeb8cd4c88 EFLAGS: 00000246 ORIG_RAX: 000000000000012a
[  226.464533] RAX: ffffffffffffffda RBX: 0000000000000000 RCX: 00007f2fcb723469
[  226.467475] RDX: 0000000000000000 RSI: 0000000000000000 RDI: 0000000020000080
[  226.470414] RBP: 00007ffeb8cd4ca0 R08: 0000000000000000 R09: 00007ffeb8cd4ca0
[  226.473354] R10: 00000000ffffffff R11: 0000000000000246 R12: 000056542ba00ce0
[  226.476284] R13: 00007ffeb8cd4dc0 R14: 0000000000000000 R15: 0000000000000000
[  226.479234]  </TASK>
[  289.342849] rcu: INFO: rcu_sched self-detected stall on CPU
[  289.345542] rcu: 	0-....: (7 GPs behind) idle=f01/1/0x4000000000000000 softirq=2420/2420 fqs=20754 
[  289.349524] 	(t=84021 jiffies g=3317 q=845155)
[  289.351583] NMI backtrace for cpu 0
[  289.353230] CPU: 0 PID: 21845 Comm: CReproducerRcu Tainted: G        W         5.15.39 #1
[  289.356997] Hardware name: QEMU Standard PC (i440FX + PIIX, 1996), BIOS 1.13.0-1ubuntu1.1 04/01/2014
[  289.361271] Call Trace:
[  289.362409]  <IRQ>
[  289.363363]  dump_stack_lvl+0x4d/0x66
[  289.365070]  nmi_cpu_backtrace.cold+0xd0/0xd5
[  289.367154]  ? _raw_write_lock_irqsave+0xd0/0xd0
[  289.369240]  ? lapic_can_unplug_cpu+0x70/0x70
[  289.371305]  nmi_trigger_cpumask_backtrace+0x15a/0x1b0
[  289.373628]  rcu_dump_cpu_stacks+0x1b8/0x202
[  289.375603]  rcu_sched_clock_irq.cold+0x1d2/0x417
[  289.377795]  ? hrtimer_run_queues+0x1d/0x310
[  289.379744]  update_process_times+0x11b/0x180
[  289.381770]  ? tick_sched_handle.isra.0+0x150/0x150
[  289.383976]  tick_sched_handle.isra.0+0x105/0x150
[  289.386094]  tick_sched_timer+0xca/0xf0
[  289.387875]  __hrtimer_run_queues+0x2e2/0x6a0
[  289.389856]  ? enqueue_hrtimer+0x1c0/0x1c0
[  289.391718]  ? kvm_clock_get_cycles+0xd/0x10
[  289.393645]  ? ktime_get_update_offsets_now+0x17f/0x240
[  289.396001]  hrtimer_interrupt+0x2c9/0x6c0
[  289.397891]  __sysvec_apic_timer_interrupt+0xc8/0x260
[  289.400147]  sysvec_apic_timer_interrupt+0x65/0x90
[  289.402344]  </IRQ>
[  289.403306]  <TASK>
[  289.404313]  asm_sysvec_apic_timer_interrupt+0x12/0x20
[  289.406661] RIP: 0010:perf_install_in_context+0x2c2/0x540
[  289.409194] Code: 00 00 00 00 00 fc ff df 4c 89 ea 48 c1 ea 03 0f b6 04 02 4c 89 ea 83 e2 07 38 d0 7f 08 84 c0 0f 85 70 02 00 00 c6 43 08 00 fb <e8> 09 81 f3 ff 48 b8 00 00 00 00 00 fc ff df 48 03 44 24 08 c7 00
[  289.417444] RSP: 0018:ffff8880286afce0 EFLAGS: 00000246
[  289.419749] RAX: 0000000000000000 RBX: ffff888018fe6c00 RCX: ffffffffac847503
[  289.422842] RDX: ffff888025a30000 RSI: 0000000000000000 RDI: ffff888018fe6c08
[  289.425964] RBP: ffff888025a30000 R08: ffffffffb0c86018 R09: ffffffffb0c8600f
[  289.429147] R10: ffffffffb0c86017 R11: ffffffffb0c8601b R12: ffff888006119160
[  289.432320] R13: ffff888018fe6c08 R14: ffff888018fe6cb0 R15: dffffc0000000000
[  289.435493]  ? task_function_call+0xe3/0x140
[  289.437455]  ? perf_group_attach+0x380/0x380
[  289.439396]  ? mutex_lock+0x89/0xd0
[  289.441017]  ? __mutex_lock_slowpath+0x10/0x10
[  289.442963]  ? exclusive_event_installable+0x1a1/0x220
[  289.445276]  __do_sys_perf_event_open+0x15ba/0x2340
[  289.447485]  ? perf_remove_from_context+0x1a0/0x1a0
[  289.449682]  ? fpregs_assert_state_consistent+0x74/0xb0
[  289.452007]  ? exit_to_user_mode_prepare+0x2f/0x150
[  289.454228]  do_syscall_64+0x3b/0x90
[  289.455840]  entry_SYSCALL_64_after_hwframe+0x44/0xae
[  289.458086] RIP: 0033:0x7f2fcb723469
[  289.459781] Code: 00 f3 c3 66 2e 0f 1f 84 00 00 00 00 00 0f 1f 40 00 48 89 f8 48 89 f7 48 89 d6 48 89 ca 4d 89 c2 4d 89 c8 4c 8b 4c 24 08 0f 05 <48> 3d 01 f0 ff ff 73 01 c3 48 8b 0d ff 49 2b 00 f7 d8 64 89 01 48
[  289.468091] RSP: 002b:00007ffeb8cd4c88 EFLAGS: 00000246 ORIG_RAX: 000000000000012a
[  289.471518] RAX: ffffffffffffffda RBX: 0000000000000000 RCX: 00007f2fcb723469
[  289.474656] RDX: 0000000000000000 RSI: 0000000000000000 RDI: 0000000020000080
[  289.477917] RBP: 00007ffeb8cd4ca0 R08: 0000000000000000 R09: 00007ffeb8cd4ca0
[  289.481058] R10: 00000000ffffffff R11: 0000000000000246 R12: 000056542ba00ce0
[  289.484195] R13: 00007ffeb8cd4dc0 R14: 0000000000000000 R15: 0000000000000000
[  289.487319]  </TASK>
[  293.846373] e1000: eth0 NIC Link is Up 1000 Mbps Full Duplex, Flow Control: RX
QEMU: Terminated
